Archive member included to satisfy reference by file (symbol)

../../libDaisy//build/libdaisy.a(daisy_patch_sm.o)
                              build/DigitalHeat.o (daisy::patch_sm::DaisyPatchSM::Init())
../../libDaisy//build/libdaisy.a(codec_pcm3060.o)
                              ../../libDaisy//build/libdaisy.a(daisy_patch_sm.o) (daisy::Pcm3060::Init(daisy::I2CHandle))
../../libDaisy//build/libdaisy.a(sdram.o)
                              ../../libDaisy//build/libdaisy.a(daisy_patch_sm.o) (SdramHandle::Init())
../../libDaisy//build/libdaisy.a(audio.o)
                              ../../libDaisy//build/libdaisy.a(daisy_patch_sm.o) (daisy::AudioHandle::Init(daisy::AudioHandle::Config const&, daisy::SaiHandle))
../../libDaisy//build/libdaisy.a(ctrl.o)
                              ../../libDaisy//build/libdaisy.a(daisy_patch_sm.o) (daisy::AnalogControl::Init(unsigned short*, float, bool, bool, float))
../../libDaisy//build/libdaisy.a(gatein.o)
                              ../../libDaisy//build/libdaisy.a(daisy_patch_sm.o) (daisy::GateIn::Init(daisy::Pin, bool))
../../libDaisy//build/libdaisy.a(logger.o)
                              build/DigitalHeat.o (daisy::Logger<(daisy::LoggerDestination)1>::PrintLine(char const*, ...))
../../libDaisy//build/libdaisy.a(switch.o)
                              build/DigitalHeat.o (daisy::Switch::Init(dsy_gpio_pin, float, daisy::Switch::Type, daisy::Switch::Polarity, daisy::Switch::Pull))
../../libDaisy//build/libdaisy.a(usb.o)
                              ../../libDaisy//build/libdaisy.a(logger.o) (daisy::UsbHandle::Init(daisy::UsbHandle::UsbPeriph))
../../libDaisy//build/libdaisy.a(adc.o)
                              ../../libDaisy//build/libdaisy.a(daisy_patch_sm.o) (daisy::AdcChannelConfig::InitSingle(dsy_gpio_pin, daisy::AdcChannelConfig::ConversionSpeed))
../../libDaisy//build/libdaisy.a(dac.o)
                              ../../libDaisy//build/libdaisy.a(daisy_patch_sm.o) (daisy::DacHandle::Init(daisy::DacHandle::Config const&))
../../libDaisy//build/libdaisy.a(gpio.o)
                              ../../libDaisy//build/libdaisy.a(gatein.o) (daisy::GPIO::Init(daisy::Pin, daisy::GPIO::Mode, daisy::GPIO::Pull, daisy::GPIO::Speed))
../../libDaisy//build/libdaisy.a(i2c.o)
                              ../../libDaisy//build/libdaisy.a(daisy_patch_sm.o) (daisy::I2CHandle::Init(daisy::I2CHandle::Config const&))
../../libDaisy//build/libdaisy.a(qspi.o)
                              ../../libDaisy//build/libdaisy.a(daisy_patch_sm.o) (daisy::QSPIHandle::Init(daisy::QSPIHandle::Config const&))
../../libDaisy//build/libdaisy.a(sai.o)
                              ../../libDaisy//build/libdaisy.a(daisy_patch_sm.o) (daisy::SaiHandle::Init(daisy::SaiHandle::Config const&))
../../libDaisy//build/libdaisy.a(system.o)
                              ../../libDaisy//build/libdaisy.a(switch.o) (daisy::System::GetNow())
../../libDaisy//build/libdaisy.a(system_stm32h7xx.o)
                              build/startup_stm32h750xx.o (SystemInit)
../../libDaisy//build/libdaisy.a(usbd_cdc_if.o)
                              ../../libDaisy//build/libdaisy.a(usb.o) (CDC_Transmit_FS)
../../libDaisy//build/libdaisy.a(usbd_conf.o)
                              ../../libDaisy//build/libdaisy.a(system.o) (hpcd_USB_OTG_HS)
../../libDaisy//build/libdaisy.a(usbd_desc.o)
                              ../../libDaisy//build/libdaisy.a(usb.o) (HS_Desc)
../../libDaisy//build/libdaisy.a(usbh_conf.o)
                              ../../libDaisy//build/libdaisy.a(system.o) (hhcd_USB_OTG_HS)
../../libDaisy//build/libdaisy.a(hal_map.o)
                              ../../libDaisy//build/libdaisy.a(gpio.o) (dsy_hal_map_get_port)
../../libDaisy//build/libdaisy.a(stm32h7xx_hal.o)
                              ../../libDaisy//build/libdaisy.a(system.o) (HAL_Init)
../../libDaisy//build/libdaisy.a(stm32h7xx_hal_adc.o)
                              ../../libDaisy//build/libdaisy.a(adc.o) (HAL_ADC_ConfigChannel)
../../libDaisy//build/libdaisy.a(stm32h7xx_hal_adc_ex.o)
                              ../../libDaisy//build/libdaisy.a(adc.o) (HAL_ADCEx_Calibration_Start)
../../libDaisy//build/libdaisy.a(stm32h7xx_hal_cortex.o)
                              ../../libDaisy//build/libdaisy.a(stm32h7xx_hal.o) (HAL_NVIC_SetPriorityGrouping)
../../libDaisy//build/libdaisy.a(stm32h7xx_hal_dac.o)
                              ../../libDaisy//build/libdaisy.a(dac.o) (HAL_DAC_Init)
../../libDaisy//build/libdaisy.a(stm32h7xx_hal_dac_ex.o)
                              ../../libDaisy//build/libdaisy.a(stm32h7xx_hal_dac.o) (HAL_DACEx_DMAUnderrunCallbackCh2)
../../libDaisy//build/libdaisy.a(stm32h7xx_hal_dma.o)
                              ../../libDaisy//build/libdaisy.a(adc.o) (HAL_DMA_Init)
../../libDaisy//build/libdaisy.a(stm32h7xx_hal_gpio.o)
                              ../../libDaisy//build/libdaisy.a(sdram.o) (HAL_GPIO_Init)
../../libDaisy//build/libdaisy.a(stm32h7xx_hal_hcd.o)
[...]
Memory Configuration

Name             Origin             Length             Attributes
FLASH            0x0000000008000000 0x0000000000020000 xr
DTCMRAM          0x0000000020000000 0x0000000000020000 xrw
SRAM             0x0000000024000000 0x0000000000080000 xrw
RAM_D2           0x0000000030000000 0x0000000000048000 xrw
RAM_D3           0x0000000038000000 0x0000000000010000 xrw
BACKUP_SRAM      0x0000000038800000 0x0000000000001000 xrw
ITCMRAM          0x0000000000000000 0x0000000000010000 xrw
SDRAM            0x00000000c0000000 0x0000000004000000 xrw
QSPIFLASH        0x0000000090000000 0x0000000000800000 xr
*default*        0x0000000000000000 0xffffffffffffffff

Linker script and memory map

LOAD /Library/DaisyToolchain/0.2.0/arm/bin/../lib/gcc/arm-none-eabi/10.3.1/thumb/v7e-m+dp/hard/crti.o
LOAD /Library/DaisyToolchain/0.2.0/arm/bin/../lib/gcc/arm-none-eabi/10.3.1/thumb/v7e-m+dp/hard/crtbegin.o
LOAD /Library/DaisyToolchain/0.2.0/arm/bin/../lib/gcc/arm-none-eabi/10.3.1/../../../../arm-none-eabi/lib/thumb/v7e-m+dp/hard/crt0.o
LOAD build/startup_stm32h750xx.o
LOAD build/DigitalHeat.o
LOAD ../../libDaisy//build/libdaisy.a
LOAD /Library/DaisyToolchain/0.2.0/arm/bin/../lib/gcc/arm-none-eabi/10.3.1/../../../../arm-none-eabi/lib/thumb/v7e-m+dp/hard/libnosys.a
LOAD ../../DaisySP//build/libdaisysp.a
LOAD ../../DaisySP//DaisySP-LGPL/build/libdaisysp-lgpl.a
LOAD /Library/DaisyToolchain/0.2.0/arm/bin/../lib/gcc/arm-none-eabi/10.3.1/../../../../arm-none-eabi/lib/thumb/v7e-m+dp/hard/libstdc++_nano.a
LOAD /Library/DaisyToolchain/0.2.0/arm/bin/../lib/gcc/arm-none-eabi/10.3.1/../../../../arm-none-eabi/lib/thumb/v7e-m+dp/hard/libm.a
LOAD /Library/DaisyToolchain/0.2.0/arm/bin/../lib/gcc/arm-none-eabi/10.3.1/../../../../arm-none-eabi/lib/thumb/v7e-m+dp/hard/libc_nano.a
START GROUP
LOAD /Library/DaisyToolchain/0.2.0/arm/bin/../lib/gcc/arm-none-eabi/10.3.1/thumb/v7e-m+dp/hard/libgcc.a
LOAD /Library/DaisyToolchain/0.2.0/arm/bin/../lib/gcc/arm-none-eabi/10.3.1/../../../../arm-none-eabi/lib/thumb/v7e-m+dp/hard/libc_nano.a
END GROUP
START GROUP
LOAD /Library/DaisyToolchain/0.2.0/arm/bin/../lib/gcc/arm-none-eabi/10.3.1/thumb/v7e-m+dp/hard/libgcc.a
LOAD /Library/DaisyToolchain/0.2.0/arm/bin/../lib/gcc/arm-none-eabi/10.3.1/../../../../arm-none-eabi/lib/thumb/v7e-m+dp/hard/libc_nano.a
LOAD /Library/DaisyToolchain/0.2.0/arm/bin/../lib/gcc/arm-none-eabi/10.3.1/../../../../arm-none-eabi/lib/thumb/v7e-m+dp/hard/libnosys.a
END GROUP
START GROUP
LOAD /Library/DaisyToolchain/0.2.0/arm/bin/../lib/gcc/arm-none-eabi/10.3.1/thumb/v7e-m+dp/hard/libgcc.a
LOAD /Library/DaisyToolchain/0.2.0/arm/bin/../lib/gcc/arm-none-eabi/10.3.1/../../../../arm-none-eabi/lib/thumb/v7e-m+dp/hard/libc_nano.a
LOAD /Library/DaisyToolchain/0.2.0/arm/bin/../lib/gcc/arm-none-eabi/10.3.1/../../../../arm-none-eabi/lib/thumb/v7e-m+dp/hard/libnosys.a
END GROUP
LOAD /Library/DaisyToolchain/0.2.0/arm/bin/../lib/gcc/arm-none-eabi/10.3.1/thumb/v7e-m+dp/hard/crtend.o
LOAD /Library/DaisyToolchain/0.2.0/arm/bin/../lib/gcc/arm-none-eabi/10.3.1/thumb/v7e-m+dp/hard/crtn.o
                0x0000000020020000                _estack = 0x20020000

.isr_vector     0x0000000008000000      0x298
                0x0000000008000000                . = ALIGN (0x4)
 *(.isr_vector)
 .isr_vector    0x0000000008000000      0x298 build/startup_stm32h750xx.o
                0x0000000008000000                g_pfnVectors
                0x0000000008000298                . = ALIGN (0x4)

.text           0x00000000080002a0    0x18244
                0x00000000080002a0                . = ALIGN (0x4)
                0x00000000080002a0                _stext = .
 *(.text)
 .text          0x00000000080002a0       0x40 /Library/DaisyToolchain/0.2.0/arm/bin/../lib/gcc/arm-none-eabi/10.3.1/thumb/v7e-m+dp/hard/crtbegin.o
 .text          0x00000000080002e0       0x10 /Library/DaisyToolchain/0.2.0/arm/bin/../lib/gcc/arm-none-eabi/10.3.1/../../../../arm-none-eabi/lib/thumb/v7e-m+dp/hard/libc_nano.a(lib_a-strlen.o)
                0x00000000080002e0                strlen
 .text          0x00000000080002f0       0xa0 /Library/DaisyToolchain/0.2.0/arm/bin/../lib/gcc/arm-none-eabi/10.3.1/../../../../arm-none-eabi/lib/thumb/v7e-m+dp/hard/libc_nano.a(lib_a-memchr.o)
                0x00000000080002f0                memchr
 .text          0x0000000008000390      0x378 /Library/DaisyToolchain/0.2.0/arm/bin/../lib/gcc/arm-none-eabi/10.3.1/thumb/v7e-m+dp/hard/libgcc.a(_arm_addsubdf3.o)
                0x0000000008000390                __aeabi_drsub
                0x0000000008000398                __subdf3
                0x0000000008000398                __aeabi_dsub
                0x000000000800039c                __aeabi_dadd
                0x000000000800039c                __adddf3
                0x0000000008000614                __aeabi_ui2d
                0x0000000008000614                __floatunsidf
                0x0000000008000634                __floatsidf
                0x0000000008000634                __aeabi_i2d
                0x0000000008000658                __extendsfdf2
                0x0000000008000658                __aeabi_f2d
                0x000000000800069c                __aeabi_ul2d
                0x000000000800069c                __floatundidf
                0x00000000080006ac                __aeabi_l2d
                0x00000000080006ac                __floatdidf
 .text          0x0000000008000708       0x30 /Library/DaisyToolchain/0.2.0/arm/bin/../lib/gcc/arm-none-eabi/10.3.1/thumb/v7e-m+dp/hard/libgcc.a(_aeabi_uldivmod.o)
                0x0000000008000708                __aeabi_uldivmod
 .text          0x0000000008000738      0x2d0 /Library/DaisyToolchain/0.2.0/arm/bin/../lib/gcc/arm-none-eabi/10.3.1/thumb/v7e-m+dp/hard/libgcc.a(_udivmoddi4.o)
                0x0000000008000738                __udivmoddi4
 .text          0x0000000008000a08        0x4 /Library/DaisyToolchain/0.2.0/arm/bin/../lib/gcc/arm-none-eabi/10.3.1/thumb/v7e-m+dp/hard/libgcc.a(_dvmd_tls.o)
                0x0000000008000a08                __aeabi_ldiv0
                0x0000000008000a08                __aeabi_idiv0
 *(.text*)
 .text.Default_Handler
                0x0000000008000a0c        0x4 build/startup_stm32h750xx.o
                0x0000000008000a0c                SAI1_IRQHandler
                0x0000000008000a0c                HASH_RNG_IRQHandler
                0x0000000008000a0c                EXTI2_IRQHandler
                0x0000000008000a0c                TIM8_CC_IRQHandler
                0x0000000008000a0c                HRTIM1_Master_IRQHandler
                0x0000000008000a0c                DebugMon_Handler
                0x0000000008000a0c                TIM1_CC_IRQHandler
                0x0000000008000a0c                BDMA_Channel6_IRQHandler
                0x0000000008000a0c                DMA2_Stream5_IRQHandler
                0x0000000008000a0c                HRTIM1_FLT_IRQHandler
                0x0000000008000a0c                JPEG_IRQHandler
                0x0000000008000a0c                BDMA_Channel1_IRQHandler
                0x0000000008000a0c                HRTIM1_TIMD_IRQHandler
                0x0000000008000a0c                TAMP_STAMP_IRQHandler
                0x0000000008000a0c                PendSV_Handler
                0x0000000008000a0c                NMI_Handler
                0x0000000008000a0c                EXTI3_IRQHandler
                0x0000000008000a0c                LPTIM4_IRQHandler
                0x0000000008000a0c                TIM8_TRG_COM_TIM14_IRQHandler
                0x0000000008000a0c                LPTIM2_IRQHandler
                0x0000000008000a0c                DFSDM1_FLT1_IRQHandler
                0x0000000008000a0c                DMAMUX2_OVR_IRQHandler
                0x0000000008000a0c                TIM8_UP_TIM13_IRQHandler
                0x0000000008000a0c                I2C3_ER_IRQHandler
                0x0000000008000a0c                DFSDM1_FLT2_IRQHandler
                0x0000000008000a0c                MDMA_IRQHandler
                0x0000000008000a0c                LPTIM3_IRQHandler
                0x0000000008000a0c                HSEM1_IRQHandler
                0x0000000008000a0c                EXTI0_IRQHandler
                0x0000000008000a0c                FPU_IRQHandler
                0x0000000008000a0c                OTG_HS_WKUP_IRQHandler
                0x0000000008000a0c                FDCAN1_IT1_IRQHandler
                0x0000000008000a0c                UsageFault_Handler
                0x0000000008000a0c                LTDC_ER_IRQHandler
                0x0000000008000a0c                HRTIM1_TIME_IRQHandler
                0x0000000008000a0c                DCMI_IRQHandler
                0x0000000008000a0c                HRTIM1_TIMC_IRQHandler
                0x0000000008000a0c                SAI2_IRQHandler
                0x0000000008000a0c                DFSDM1_FLT3_IRQHandler
                0x0000000008000a0c                TIM17_IRQHandler
                0x0000000008000a0c                CRYP_IRQHandler
                0x0000000008000a0c                BDMA_Channel7_IRQHandler
                0x0000000008000a0c                LPTIM5_IRQHandler
                0x0000000008000a0c                ADC3_IRQHandler
                0x0000000008000a0c                BDMA_Channel2_IRQHandler
                0x0000000008000a0c                DMAMUX1_OVR_IRQHandler
                0x0000000008000a0c                TIM16_IRQHandler
                0x0000000008000a0c                BDMA_Channel5_IRQHandler
                0x0000000008000a0c                RCC_IRQHandler
                0x0000000008000a0c                TIM8_BRK_TIM12_IRQHandler
                0x0000000008000a0c                TIM1_TRG_COM_IRQHandler
                0x0000000008000a0c                Default_Handler
                0x0000000008000a0c                ECC_IRQHandler
                0x0000000008000a0c                CEC_IRQHandler
                0x0000000008000a0c                EXTI15_10_IRQHandler
                0x0000000008000a0c                BDMA_Channel0_IRQHandler
                0x0000000008000a0c                ADC_IRQHandler
                0x0000000008000a0c                DMA1_Stream7_IRQHandler
                0x0000000008000a0c                HRTIM1_TIMA_IRQHandler
                0x0000000008000a0c                TIM7_IRQHandler
                0x0000000008000a0c                SDMMC1_IRQHandler
                0x0000000008000a0c                DMA2_Stream7_IRQHandler
                0x0000000008000a0c                TIM15_IRQHandler
                0x0000000008000a0c                PVD_AVD_IRQHandler
                0x0000000008000a0c                EXTI9_5_IRQHandler
                0x0000000008000a0c                RTC_WKUP_IRQHandler
                0x0000000008000a0c                LTDC_IRQHandler
                0x0000000008000a0c                SAI3_IRQHandler
                0x0000000008000a0c                ETH_WKUP_IRQHandler
                0x0000000008000a0c                SPDIF_RX_IRQHandler
                0x0000000008000a0c                MemManage_Handler
                0x0000000008000a0c                SVC_Handler
                0x0000000008000a0c                CRS_IRQHandler
                0x0000000008000a0c                EXTI4_IRQHandler
                0x0000000008000a0c                HRTIM1_TIMB_IRQHandler
                0x0000000008000a0c                FDCAN2_IT1_IRQHandler
                0x0000000008000a0c                ETH_IRQHandler
                0x0000000008000a0c                TIM1_UP_IRQHandler
                0x0000000008000a0c                BDMA_Channel4_IRQHandler
                0x0000000008000a0c                WWDG_IRQHandler
                0x0000000008000a0c                SPI6_IRQHandler
                0x0000000008000a0c                I2C4_EV_IRQHandler
                0x0000000008000a0c                MDIOS_IRQHandler
                0x0000000008000a0c                FDCAN2_IT0_IRQHandler
                0x0000000008000a0c                FDCAN1_IT0_IRQHandler
                0x0000000008000a0c                OTG_FS_WKUP_IRQHandler
                0x0000000008000a0c                DMA2D_IRQHandler
                0x0000000008000a0c                TIM1_BRK_IRQHandler
                0x0000000008000a0c                EXTI1_IRQHandler
                0x0000000008000a0c                SDMMC2_IRQHandler
                0x0000000008000a0c                BDMA_Channel3_IRQHandler
                0x0000000008000a0c                MDIOS_WKUP_IRQHandler
                0x0000000008000a0c                DFSDM1_FLT0_IRQHandler
                0x0000000008000a0c                SAI4_IRQHandler
                0x0000000008000a0c                I2C2_ER_IRQHandler
                0x0000000008000a0c                FLASH_IRQHandler
                0x0000000008000a0c                BusFault_Handler
                0x0000000008000a0c                WAKEUP_PIN_IRQHandler
                0x0000000008000a0c                I2C1_ER_IRQHandler
                0x0000000008000a0c                FMC_IRQHandler
                0x0000000008000a0c                FDCAN_CAL_IRQHandler
                0x0000000008000a0c                SWPMI1_IRQHandler
                0x0000000008000a0c                COMP1_IRQHandler
                0x0000000008000a0c                LPTIM1_IRQHandler
                0x0000000008000a0c                I2C4_ER_IRQHandler
                0x0000000008000a0c                DMA2_Stream6_IRQHandler
                0x0000000008000a0c                RTC_Alarm_IRQHandler
 .text.Reset_Handler
                0x0000000008000a10       0x44 build/startup_stm32h750xx.o
                0x0000000008000a10                Reset_Handler
 .text._ZN7daisysp3SvfD2Ev
                0x0000000008000a54        0x4 build/DigitalHeat.o
                0x0000000008000a54                daisysp::Svf::~Svf()
                0x0000000008000a54                daisysp::Svf::~Svf()
 .text._ZN7daisysp10WhiteNoiseD2Ev
                0x0000000008000a58        0x4 build/DigitalHeat.o
                0x0000000008000a58                daisysp::WhiteNoise::~WhiteNoise()
                0x0000000008000a58                daisysp::WhiteNoise::~WhiteNoise()
 .text._ZN7daisysp4ToneD2Ev
                0x0000000008000a5c        0x4 build/DigitalHeat.o
                0x0000000008000a5c                daisysp::Tone::~Tone()
                0x0000000008000a5c                daisysp::Tone::~Tone()
 .text._ZN5daisy8patch_sm12DaisyPatchSMD2Ev
                0x0000000008000a60        0x4 build/DigitalHeat.o
                0x0000000008000a60                daisy::patch_sm::DaisyPatchSM::~DaisyPatchSM()
                0x0000000008000a60                daisy::patch_sm::DaisyPatchSM::~DaisyPatchSM()
 .text._ZN13sudwalfulkaan9UIManagerD2Ev
                0x0000000008000a64        0x4 build/DigitalHeat.o
                0x0000000008000a64                sudwalfulkaan::UIManager::~UIManager()
                0x0000000008000a64                sudwalfulkaan::UIManager::~UIManager()
 .text._ZN13sudwalfulkaan14StereoReverbScD2Ev
                0x0000000008000a68        0x4 build/DigitalHeat.o
                0x0000000008000a68                sudwalfulkaan::StereoReverbSc::~StereoReverbSc()
                0x0000000008000a68                sudwalfulkaan::StereoReverbSc::~StereoReverbSc()
 .text._ZN13sudwalfulkaan12StereoPhaserD2Ev
                0x0000000008000a6c        0x4 build/DigitalHeat.o
                0x0000000008000a6c                sudwalfulkaan::StereoPhaser::~StereoPhaser()
                0x0000000008000a6c                sudwalfulkaan::StereoPhaser::~StereoPhaser()
 .text._Z15OnToggleChangedb
                0x0000000008000a70       0x2c build/DigitalHeat.o
                0x0000000008000a70                OnToggleChanged(bool)
 .text._Z15OnButtonPressedv
                0x0000000008000a9c       0x30 build/DigitalHeat.o
                0x0000000008000a9c                OnButtonPressed()
 .text._ZN13sudwalfulkaan12StereoPhaser12ProcessRightEf.part.0
                0x0000000008000acc       0xb4 build/DigitalHeat.o
 .text._ZN13sudwalfulkaan10Saturation15ApplySaturationEf
                0x0000000008000b80      0x104 build/DigitalHeat.o
                0x0000000008000b80                sudwalfulkaan::Saturation::ApplySaturation(float)
 .text._ZN13sudwalfulkaan9UIManager4InitEPKNS_9PotConfigE
                0x0000000008000c84       0x9c build/DigitalHeat.o
                0x0000000008000c84                sudwalfulkaan::UIManager::Init(sudwalfulkaan::PotConfig const*)
 .text._ZN13sudwalfulkaan9UIManager6UpdateEv
                0x0000000008000d20       0x50 build/DigitalHeat.o
                0x0000000008000d20                sudwalfulkaan::UIManager::Update()
 .text._ZNK13sudwalfulkaan9UIManager12ApplyMappingEif
                0x0000000008000d70       0x8c build/DigitalHeat.o
                0x0000000008000d70                sudwalfulkaan::UIManager::ApplyMapping(int, float) const
 *fill*         0x0000000008000dfc        0x4 
 .text._ZN13sudwalfulkaan9SwfBiquad16CalcCoefficientsEv
                0x0000000008000e00      0x328 build/DigitalHeat.o
                0x0000000008000e00                sudwalfulkaan::SwfBiquad::CalcCoefficients()
 .text._Z12OnPotChangedif
                0x0000000008001128      0x1b4 build/DigitalHeat.o
                0x0000000008001128                OnPotChanged(int, float)
 .text._ZN13sudwalfulkaan12StereoPhaser4InitEf
                0x00000000080012dc      0x108 build/DigitalHeat.o
                0x00000000080012dc                sudwalfulkaan::StereoPhaser::Init(float)
 .text._ZN13sudwalfulkaan12StereoPhaser11ProcessLeftEf
                0x00000000080013e4       0xcc build/DigitalHeat.o
                0x00000000080013e4                sudwalfulkaan::StereoPhaser::ProcessLeft(float)
 .text._Z10InitBiquadRN13sudwalfulkaan9SwfBiquadEffffNS0_4TypeE
                0x00000000080014b0       0x94 build/DigitalHeat.o
                0x00000000080014b0                InitBiquad(sudwalfulkaan::SwfBiquad&, float, float, float, float, sudwalfulkaan::SwfBiquad::Type)
 .text._Z12UpdateValuesv
                0x0000000008001544       0x9c build/DigitalHeat.o
                0x0000000008001544                UpdateValues()
 .text._Z13ProcessSplashRfS_
                0x00000000080015e0      0x100 build/DigitalHeat.o
                0x00000000080015e0                ProcessSplash(float&, float&)
 .text._Z13ProcessEffectRfS_
                0x00000000080016e0       0x88 build/DigitalHeat.o
                0x00000000080016e0                ProcessEffect(float&, float&)
 .text._Z13AudioCallbackPKPKfPPfj
                0x0000000008001768      0x240 build/DigitalHeat.o
                0x0000000008001768                AudioCallback(float const* const*, float**, unsigned int)
 .text._Z17InitializeFiltersv
                0x00000000080019a8      0x118 build/DigitalHeat.o
                0x00000000080019a8                InitializeFilters()
 .text._Z17InitializeEffectsv
                0x0000000008001ac0      0x110 build/DigitalHeat.o
                0x0000000008001ac0                InitializeEffects()
 .text._Z16InitializeSplashv
                0x0000000008001bd0       0x6c build/DigitalHeat.o
                0x0000000008001bd0                InitializeSplash()
 .text.startup.main
                0x0000000008001c3c       0x74 build/DigitalHeat.o
                0x0000000008001c3c                main
 .text.startup._GLOBAL__sub_I__ZN13sudwalfulkaan10Saturation4InitEffi
                0x0000000008001cb0      0x15c build/DigitalHeat.o
 .text._ZN5daisy8patch_sm12DaisyPatchSM4Impl19InternalDacCallbackEPPtj
                0x0000000008001e0c       0xa8 ../../libDaisy//build/libdaisy.a(daisy_patch_sm.o)
                0x0000000008001e0c                daisy::patch_sm::DaisyPatchSM::Impl::InternalDacCallback(unsigned short**, unsigned int)
 .text._ZN5daisy8patch_sm12DaisyPatchSM4InitEv
                0x0000000008001eb4      0x29c ../../libDaisy//build/libdaisy.a(daisy_patch_sm.o)
                0x0000000008001eb4                daisy::patch_sm::DaisyPatchSM::Init()
 .text._ZN5daisy8patch_sm12DaisyPatchSM10StartAudioEPFvPKPKfPPfjE
                0x0000000008002150        0x8 ../../libDaisy//build/libdaisy.a(daisy_patch_sm.o)
                0x0000000008002150                daisy::patch_sm::DaisyPatchSM::StartAudio(void (*)(float const* const*, float**, unsigned int))
 .text._ZN5daisy8patch_sm12DaisyPatchSM17SetAudioBlockSizeEj
                0x0000000008002158       0x54 ../../libDaisy//build/libdaisy.a(daisy_patch_sm.o)
                0x0000000008002158                daisy::patch_sm::DaisyPatchSM::SetAudioBlockSize(unsigned int)
 .text._ZN5daisy8patch_sm12DaisyPatchSM18SetAudioSampleRateENS_9SaiHandle6Config10SampleRateE
                0x00000000080021ac       0x54 ../../libDaisy//build/libdaisy.a(daisy_patch_sm.o)
                0x00000000080021ac                daisy::patch_sm::DaisyPatchSM::SetAudioSampleRate(daisy::SaiHandle::Config::SampleRate)
 .text._ZN5daisy8patch_sm12DaisyPatchSM8StartAdcEv
                0x0000000008002200        0x8 ../../libDaisy//build/libdaisy.a(daisy_patch_sm.o)
                0x0000000008002200                daisy::patch_sm::DaisyPatchSM::StartAdc()
 .text._ZN5daisy8patch_sm12DaisyPatchSM21ProcessAnalogControlsEv
                0x0000000008002208       0x18 ../../libDaisy//build/libdaisy.a(daisy_patch_sm.o)
                0x0000000008002208                daisy::patch_sm::DaisyPatchSM::ProcessAnalogControls()
 .text._ZN5daisy8patch_sm12DaisyPatchSM22ProcessDigitalControlsEv
                0x0000000008002220        0x4 ../../libDaisy//build/libdaisy.a(daisy_patch_sm.o)
                0x0000000008002220                daisy::patch_sm::DaisyPatchSM::ProcessDigitalControls()
 .text._ZN5daisy8patch_sm12DaisyPatchSM11GetAdcValueEi
                0x0000000008002224        0xc ../../libDaisy//build/libdaisy.a(daisy_patch_sm.o)
                0x0000000008002224                daisy::patch_sm::DaisyPatchSM::GetAdcValue(int)
 .text.startup._GLOBAL__sub_I__ZN5daisy8patch_sm12DaisyPatchSM2A1E
                0x0000000008002230       0x28 ../../libDaisy//build/libdaisy.a(daisy_patch_sm.o)
 .text._ZN5daisy7Pcm30604InitENS_9I2CHandleE
                0x0000000008002258      0x16c ../../libDaisy//build/libdaisy.a(codec_pcm3060.o)
                0x0000000008002258                daisy::Pcm3060::Init(daisy::I2CHandle)
 .text._ZN11SdramHandle10DeviceInitEv
                0x00000000080023c4       0x98 ../../libDaisy//build/libdaisy.a(sdram.o)
                0x00000000080023c4                SdramHandle::DeviceInit()
 .text._ZN11SdramHandle4InitEv
                0x000000000800245c       0x7c ../../libDaisy//build/libdaisy.a(sdram.o)
                0x000000000800245c                SdramHandle::Init()
 .text.HAL_SDRAM_MspInit
                0x00000000080024d8      0x1a8 ../../libDaisy//build/libdaisy.a(sdram.o)
                0x00000000080024d8                HAL_SDRAM_MspInit
 .text._ZN5daisy11AudioHandle4Impl16InternalCallbackEPlS2_j
                0x0000000008002680      0xbbc ../../libDaisy//build/libdaisy.a(audio.o)
                0x0000000008002680                daisy::AudioHandle::Impl::InternalCallback(long*, long*, unsigned int)
 .text._ZN5daisy11AudioHandle4InitERKNS0_6ConfigENS_9SaiHandleE
                0x000000000800323c       0x70 ../../libDaisy//build/libdaisy.a(audio.o)
                0x000000000800323c                daisy::AudioHandle::Init(daisy::AudioHandle::Config const&, daisy::SaiHandle)
 .text._ZNK5daisy11AudioHandle9GetConfigEv
                0x00000000080032ac        0x8 ../../libDaisy//build/libdaisy.a(audio.o)
                0x00000000080032ac                daisy::AudioHandle::GetConfig() const
 .text._ZN5daisy11AudioHandle12SetBlockSizeEj
                0x00000000080032b4       0x1c ../../libDaisy//build/libdaisy.a(audio.o)
                0x00000000080032b4                daisy::AudioHandle::SetBlockSize(unsigned int)
 .text._ZN5daisy11AudioHandle13GetSampleRateEv
                0x00000000080032d0        0x8 ../../libDaisy//build/libdaisy.a(audio.o)
                0x00000000080032d0                daisy::AudioHandle::GetSampleRate()
 .text._ZN5daisy11AudioHandle13SetSampleRateENS_9SaiHandle6Config10SampleRateE
                0x00000000080032d8       0x88 ../../libDaisy//build/libdaisy.a(audio.o)
                0x00000000080032d8                daisy::AudioHandle::SetSampleRate(daisy::SaiHandle::Config::SampleRate)
 .text._ZN5daisy11AudioHandle5StartEPFvPKPKfPPfjE
                0x0000000008003360       0x44 ../../libDaisy//build/libdaisy.a(audio.o)
                0x0000000008003360                daisy::AudioHandle::Start(void (*)(float const* const*, float**, unsigned int))
 .text.startup._GLOBAL__sub_I__ZN5daisy11AudioHandle4Impl4InitENS0_6ConfigENS_9SaiHandleE
                0x00000000080033a4       0x24 ../../libDaisy//build/libdaisy.a(audio.o)
 .text._ZN5daisy13AnalogControl4InitEPtfbbf
                0x00000000080033c8       0x64 ../../libDaisy//build/libdaisy.a(ctrl.o)
                0x00000000080033c8                daisy::AnalogControl::Init(unsigned short*, float, bool, bool, float)
 .text._ZN5daisy13AnalogControl13InitBipolarCvEPtf
                0x000000000800342c       0x6c ../../libDaisy//build/libdaisy.a(ctrl.o)
                0x000000000800342c                daisy::AnalogControl::InitBipolarCv(unsigned short*, float)
 .text._ZN5daisy13AnalogControl7ProcessEv
                0x0000000008003498       0x48 ../../libDaisy//build/libdaisy.a(ctrl.o)
                0x0000000008003498                daisy::AnalogControl::Process()
 .text._ZN5daisy13AnalogControl13SetSampleRateEf
                0x00000000080034e0       0x58 ../../libDaisy//build/libdaisy.a(ctrl.o)
                0x00000000080034e0                daisy::AnalogControl::SetSampleRate(float)
 .text._ZN5daisy6GateIn4InitENS_3PinEb
                0x0000000008003538       0x24 ../../libDaisy//build/libdaisy.a(gatein.o)
                0x0000000008003538                daisy::GateIn::Init(daisy::Pin, bool)
 .text._ZN5daisy9UsbHandleD2Ev
                0x000000000800355c        0x4 ../../libDaisy//build/libdaisy.a(logger.o)
                0x000000000800355c                daisy::UsbHandle::~UsbHandle()
                0x000000000800355c                daisy::UsbHandle::~UsbHandle()
 .text._ZN5daisy6LoggerILNS_17LoggerDestinationE1EE11TransmitBufEv
                0x0000000008003560       0x60 ../../libDaisy//build/libdaisy.a(logger.o)
                0x0000000008003560                daisy::Logger<(daisy::LoggerDestination)1>::TransmitBuf()
 .text._ZN5daisy6LoggerILNS_17LoggerDestinationE1EE13AppendNewLineEv
                0x00000000080035c0       0x60 ../../libDaisy//build/libdaisy.a(logger.o)
                0x00000000080035c0                daisy::Logger<(daisy::LoggerDestination)1>::AppendNewLine()
 .text._ZN5daisy6LoggerILNS_17LoggerDestinationE1EE10PrintLineVEPKcSt9__va_list
                0x0000000008003620       0x30 ../../libDaisy//build/libdaisy.a(logger.o)
                0x0000000008003620                daisy::Logger<(daisy::LoggerDestination)1>::PrintLineV(char const*, std::__va_list)
 .text._ZN5daisy6LoggerILNS_17LoggerDestinationE1EE9PrintLineEPKcz
                0x0000000008003650       0x1c ../../libDaisy//build/libdaisy.a(logger.o)
                0x0000000008003650                daisy::Logger<(daisy::LoggerDestination)1>::PrintLine(char const*, ...)
 .text.startup._GLOBAL__sub_I__ZN5daisy10LoggerImplILNS_17LoggerDestinationE1EE11usb_handle_E
                0x000000000800366c       0x2c ../../libDaisy//build/libdaisy.a(logger.o)
 .text._ZN5daisy6Switch4InitE12dsy_gpio_pinfNS0_4TypeENS0_8PolarityENS0_4PullE
                0x0000000008003698       0x6c ../../libDaisy//build/libdaisy.a(switch.o)
                0x0000000008003698                daisy::Switch::Init(dsy_gpio_pin, float, daisy::Switch::Type, daisy::Switch::Polarity, daisy::Switch::Pull)
 .text._ZN5daisy6Switch8DebounceEv
                0x0000000008003704       0x5c ../../libDaisy//build/libdaisy.a(switch.o)
                0x0000000008003704                daisy::Switch::Debounce()
 .text._ZN5daisy9UsbHandle16TransmitInternalEPhj
                0x0000000008003760       0x14 ../../libDaisy//build/libdaisy.a(usb.o)
                0x0000000008003760                daisy::UsbHandle::TransmitInternal(unsigned char*, unsigned int)
 .text.OTG_FS_EP1_OUT_IRQHandler
                0x0000000008003774        0xc ../../libDaisy//build/libdaisy.a(usb.o)
                0x0000000008003774                OTG_FS_EP1_OUT_IRQHandler
 .text.OTG_FS_EP1_IN_IRQHandler
                0x0000000008003780        0xc ../../libDaisy//build/libdaisy.a(usb.o)
                0x0000000008003780                OTG_FS_EP1_IN_IRQHandler
 .text.OTG_FS_IRQHandler
                0x000000000800378c        0xc ../../libDaisy//build/libdaisy.a(usb.o)
                0x000000000800378c                OTG_FS_IRQHandler
 .text._ZN5daisy16AdcChannelConfig10InitSingleE12dsy_gpio_pinNS0_15ConversionSpeedE
                0x0000000008003798       0x28 ../../libDaisy//build/libdaisy.a(adc.o)
                0x0000000008003798                daisy::AdcChannelConfig::InitSingle(dsy_gpio_pin, daisy::AdcChannelConfig::ConversionSpeed)
 .text._ZN5daisy9AdcHandle4InitEPNS_16AdcChannelConfigEjNS0_12OverSamplingE
                0x00000000080037c0      0x41c ../../libDaisy//build/libdaisy.a(adc.o)
                0x00000000080037c0                daisy::AdcHandle::Init(daisy::AdcChannelConfig*, unsigned int, daisy::AdcHandle::OverSampling)
 .text._ZN5daisy9AdcHandle5StartEv
                0x0000000008003bdc       0x2c ../../libDaisy//build/libdaisy.a(adc.o)
                0x0000000008003bdc                daisy::AdcHandle::Start()
 .text._ZNK5daisy9AdcHandle6GetPtrEh
                0x0000000008003c08       0x14 ../../libDaisy//build/libdaisy.a(adc.o)
                0x0000000008003c08                daisy::AdcHandle::GetPtr(unsigned char) const
 .text.HAL_ADC_MspInit
                0x0000000008003c1c       0x98 ../../libDaisy//build/libdaisy.a(adc.o)
                0x0000000008003c1c                HAL_ADC_MspInit
 .text.DMA1_Stream2_IRQHandler
                0x0000000008003cb4        0xc ../../libDaisy//build/libdaisy.a(adc.o)
                0x0000000008003cb4                DMA1_Stream2_IRQHandler
 .text.HAL_ADC_ConvCpltCallback
                0x0000000008003cc0      0x148 ../../libDaisy//build/libdaisy.a(adc.o)
                0x0000000008003cc0                HAL_ADC_ConvCpltCallback
 .text.HAL_ADC_ErrorCallback
                0x0000000008003e08        0x4 ../../libDaisy//build/libdaisy.a(adc.o)
                0x0000000008003e08                HAL_ADC_ErrorCallback
 .text.HAL_DAC_MspInit
                0x0000000008003e0c      0x15c ../../libDaisy//build/libdaisy.a(dac.o)
                0x0000000008003e0c                HAL_DAC_MspInit
 .text.DMA2_Stream0_IRQHandler
                0x0000000008003f68        0xc ../../libDaisy//build/libdaisy.a(dac.o)
                0x0000000008003f68                DMA2_Stream0_IRQHandler
 .text.DMA2_Stream1_IRQHandler
                0x0000000008003f74        0xc ../../libDaisy//build/libdaisy.a(dac.o)
                0x0000000008003f74                DMA2_Stream1_IRQHandler
 .text.TIM6_DAC_IRQHandler
                0x0000000008003f80       0x1c ../../libDaisy//build/libdaisy.a(dac.o)
                0x0000000008003f80                TIM6_DAC_IRQHandler
 .text.HAL_DAC_ConvCpltCallbackCh1
                0x0000000008003f9c       0x60 ../../libDaisy//build/libdaisy.a(dac.o)
                0x0000000008003f9c                HAL_DAC_ConvCpltCallbackCh1
 .text.HAL_DAC_ConvHalfCpltCallbackCh1
                0x0000000008003ffc       0x54 ../../libDaisy//build/libdaisy.a(dac.o)
                0x0000000008003ffc                HAL_DAC_ConvHalfCpltCallbackCh1
 .text.HAL_DACEx_ConvHalfCpltCallbackCh2
                0x0000000008004050       0x2c ../../libDaisy//build/libdaisy.a(dac.o)
                0x0000000008004050                HAL_DACEx_ConvHalfCpltCallbackCh2
 .text.HAL_DACEx_ConvCpltCallbackCh2
                0x000000000800407c       0x34 ../../libDaisy//build/libdaisy.a(dac.o)
                0x000000000800407c                HAL_DACEx_ConvCpltCallbackCh2
 .text._ZN5daisy9DacHandle4InitERKNS0_6ConfigE
                0x00000000080040b0       0xfc ../../libDaisy//build/libdaisy.a(dac.o)
                0x00000000080040b0                daisy::DacHandle::Init(daisy::DacHandle::Config const&)
 .text._ZN5daisy9DacHandle5StartEPtS1_jPFvPS1_jE
                0x00000000080041ac       0x6c ../../libDaisy//build/libdaisy.a(dac.o)
                0x00000000080041ac                daisy::DacHandle::Start(unsigned short*, unsigned short*, unsigned int, void (*)(unsigned short**, unsigned int))
 .text._ZN5daisy9DacHandle4StopEv
                0x0000000008004218       0x40 ../../libDaisy//build/libdaisy.a(dac.o)
                0x0000000008004218                daisy::DacHandle::Stop()
 .text._ZN5daisy4GPIO4InitENS_3PinENS0_4ModeENS0_4PullENS0_5SpeedE
                0x0000000008004258      0x1cc ../../libDaisy//build/libdaisy.a(gpio.o)
                0x0000000008004258                daisy::GPIO::Init(daisy::Pin, daisy::GPIO::Mode, daisy::GPIO::Pull, daisy::GPIO::Speed)
 .text.dsy_gpio_init
                0x0000000008004424      0x1b8 ../../libDaisy//build/libdaisy.a(gpio.o)
                0x0000000008004424                dsy_gpio_init
 .text.dsy_gpio_read
                0x00000000080045dc       0x1c ../../libDaisy//build/libdaisy.a(gpio.o)
                0x00000000080045dc                dsy_gpio_read
 .text.dsy_gpio_write
                0x00000000080045f8       0x24 ../../libDaisy//build/libdaisy.a(gpio.o)
                0x00000000080045f8                dsy_gpio_write
 .text._ZN5daisy9I2CHandle4Impl8InitPinsEv
                0x000000000800461c       0x58 ../../libDaisy//build/libdaisy.a(i2c.o)
                0x000000000800461c                daisy::I2CHandle::Impl::InitPins()
 .text.HAL_I2C_MspInit
                0x0000000008004674      0x1b4 ../../libDaisy//build/libdaisy.a(i2c.o)
                0x0000000008004674                HAL_I2C_MspInit
 .text.dsy_i2c_global_init
                0x0000000008004828       0x78 ../../libDaisy//build/libdaisy.a(i2c.o)
                0x0000000008004828                dsy_i2c_global_init
 .text.DMA1_Stream6_IRQHandler
                0x00000000080048a0       0x34 ../../libDaisy//build/libdaisy.a(i2c.o)
                0x00000000080048a0                DMA1_Stream6_IRQHandler
 .text.I2C1_EV_IRQHandler
                0x00000000080048d4        0xc ../../libDaisy//build/libdaisy.a(i2c.o)
                0x00000000080048d4                I2C1_EV_IRQHandler
 .text.I2C2_EV_IRQHandler
                0x00000000080048e0        0xc ../../libDaisy//build/libdaisy.a(i2c.o)
                0x00000000080048e0                I2C2_EV_IRQHandler
 .text.I2C3_EV_IRQHandler
                0x00000000080048ec        0xc ../../libDaisy//build/libdaisy.a(i2c.o)
                0x00000000080048ec                I2C3_EV_IRQHandler
 .text._ZN5daisy9I2CHandle4InitERKNS0_6ConfigE
                0x00000000080048f8      0x12c ../../libDaisy//build/libdaisy.a(i2c.o)
                0x00000000080048f8                daisy::I2CHandle::Init(daisy::I2CHandle::Config const&)
 .text._ZN5daisy9I2CHandle17ReadDataAtAddressEtttPhtm
                0x0000000008004a24       0x4c ../../libDaisy//build/libdaisy.a(i2c.o)
                0x0000000008004a24                daisy::I2CHandle::ReadDataAtAddress(unsigned short, unsigned short, unsigned short, unsigned char*, unsigned short, unsigned long)
 .text._ZN5daisy9I2CHandle18WriteDataAtAddressEtttPhtm
                0x0000000008004a70       0x4c ../../libDaisy//build/libdaisy.a(i2c.o)
                0x0000000008004a70                daisy::I2CHandle::WriteDataAtAddress(unsigned short, unsigned short, unsigned short, unsigned char*, unsigned short, unsigned long)
 .text.startup._GLOBAL__sub_I__ZN5daisy9I2CHandle4Impl10GlobalInitEv
                0x0000000008004abc       0x18 ../../libDaisy//build/libdaisy.a(i2c.o)
 .text._ZN5daisy10QSPIHandle4Impl11WriteEnableEv
                0x0000000008004ad4       0x8c ../../libDaisy//build/libdaisy.a(qspi.o)
                0x0000000008004ad4                daisy::QSPIHandle::Impl::WriteEnable()
 .text._ZN5daisy10QSPIHandle4Impl17DummyCyclesConfigENS0_6Config6DeviceE
                0x0000000008004b60      0x118 ../../libDaisy//build/libdaisy.a(qspi.o)
                0x0000000008004b60                daisy::QSPIHandle::Impl::DummyCyclesConfig(daisy::QSPIHandle::Config::Device)
 .text._ZN5daisy10QSPIHandle4Impl10QuadEnableEv
                0x0000000008004c78      0x158 ../../libDaisy//build/libdaisy.a(qspi.o)
                0x0000000008004c78                daisy::QSPIHandle::Impl::QuadEnable()
 .text._ZN5daisy10QSPIHandle4InitERKNS0_6ConfigE
                0x0000000008004dd0      0x198 ../../libDaisy//build/libdaisy.a(qspi.o)
                0x0000000008004dd0                daisy::QSPIHandle::Init(daisy::QSPIHandle::Config const&)
 .text.HAL_QSPI_MspInit
                0x0000000008004f68      0x11c ../../libDaisy//build/libdaisy.a(qspi.o)
                0x0000000008004f68                HAL_QSPI_MspInit
 .text.HAL_QSPI_MspDeInit
                0x0000000008005084       0x54 ../../libDaisy//build/libdaisy.a(qspi.o)
                0x0000000008005084                HAL_QSPI_MspDeInit
 .text.QUADSPI_IRQHandler
                0x00000000080050d8        0xc ../../libDaisy//build/libdaisy.a(qspi.o)
                0x00000000080050d8                QUADSPI_IRQHandler
 .text.startup._GLOBAL__sub_I__ZN5daisy10QSPIHandle4Impl4InitERKNS0_6ConfigE
                0x00000000080050e4       0x28 ../../libDaisy//build/libdaisy.a(qspi.o)
 .text._ZN5daisy9SaiHandle4Impl7InitDmaENS1_15PeripheralBlockE
                0x000000000800510c       0xa0 ../../libDaisy//build/libdaisy.a(sai.o)
                0x000000000800510c                daisy::SaiHandle::Impl::InitDma(daisy::SaiHandle::Impl::PeripheralBlock)
 .text._ZN5daisy9SaiHandle4Impl8InitPinsEv
                0x00000000080051ac       0xa8 ../../libDaisy//build/libdaisy.a(sai.o)
                0x00000000080051ac                daisy::SaiHandle::Impl::InitPins()
 .text.HAL_SAI_MspInit
                0x0000000008005254      0x164 ../../libDaisy//build/libdaisy.a(sai.o)
                0x0000000008005254                HAL_SAI_MspInit
 .text.DMA1_Stream0_IRQHandler
                0x00000000080053b8        0xc ../../libDaisy//build/libdaisy.a(sai.o)
                0x00000000080053b8                DMA1_Stream0_IRQHandler
 .text.DMA1_Stream1_IRQHandler
                0x00000000080053c4        0xc ../../libDaisy//build/libdaisy.a(sai.o)
                0x00000000080053c4                DMA1_Stream1_IRQHandler
 .text.DMA1_Stream3_IRQHandler
                0x00000000080053d0        0xc ../../libDaisy//build/libdaisy.a(sai.o)
                0x00000000080053d0                DMA1_Stream3_IRQHandler
 .text.DMA1_Stream4_IRQHandler
                0x00000000080053dc        0xc ../../libDaisy//build/libdaisy.a(sai.o)
                0x00000000080053dc                DMA1_Stream4_IRQHandler
 .text.HAL_SAI_RxHalfCpltCallback
                0x00000000080053e8       0x78 ../../libDaisy//build/libdaisy.a(sai.o)
                0x00000000080053e8                HAL_SAI_RxHalfCpltCallback
 .text.HAL_SAI_RxCpltCallback
                0x0000000008005460       0x70 ../../libDaisy//build/libdaisy.a(sai.o)
                0x0000000008005460                HAL_SAI_RxCpltCallback
 .text._ZN5daisy9SaiHandle4InitERKNS0_6ConfigE
                0x00000000080054d0      0x1f0 ../../libDaisy//build/libdaisy.a(sai.o)
                0x00000000080054d0                daisy::SaiHandle::Init(daisy::SaiHandle::Config const&)
 .text._ZNK5daisy9SaiHandle9GetConfigEv
                0x00000000080056c0        0x4 ../../libDaisy//build/libdaisy.a(sai.o)
                0x00000000080056c0                daisy::SaiHandle::GetConfig() const
 .text._ZN5daisy9SaiHandle8StartDmaEPlS1_jPFvS1_S1_jE
                0x00000000080056c4       0xbc ../../libDaisy//build/libdaisy.a(sai.o)
                0x00000000080056c4                daisy::SaiHandle::StartDma(long*, long*, unsigned int, void (*)(long*, long*, unsigned int))
 .text._ZN5daisy9SaiHandle13GetSampleRateEv
                0x0000000008005780       0x24 ../../libDaisy//build/libdaisy.a(sai.o)
                0x0000000008005780                daisy::SaiHandle::GetSampleRate()
 .text._ZNK5daisy9SaiHandle9GetOffsetEv
                0x00000000080057a4        0x8 ../../libDaisy//build/libdaisy.a(sai.o)
                0x00000000080057a4                daisy::SaiHandle::GetOffset() const
 .text._ZN5daisy11TimerHandleD2Ev
                0x00000000080057ac        0x4 ../../libDaisy//build/libdaisy.a(system.o)
                0x00000000080057ac                daisy::TimerHandle::~TimerHandle()
                0x00000000080057ac                daisy::TimerHandle::~TimerHandle()
 .text.SysTick_Handler
                0x00000000080057b0       0x10 ../../libDaisy//build/libdaisy.a(system.o)
                0x00000000080057b0                SysTick_Handler
 .text.OTG_HS_EP1_OUT_IRQHandler
                0x00000000080057c0       0x24 ../../libDaisy//build/libdaisy.a(system.o)
                0x00000000080057c0                OTG_HS_EP1_OUT_IRQHandler
 .text.OTG_HS_EP1_IN_IRQHandler
                0x00000000080057e4       0x24 ../../libDaisy//build/libdaisy.a(system.o)
                0x00000000080057e4                OTG_HS_EP1_IN_IRQHandler
 .text.OTG_HS_IRQHandler
                0x0000000008005808       0x24 ../../libDaisy//build/libdaisy.a(system.o)
                0x0000000008005808                OTG_HS_IRQHandler
 .text.HardFault_Handler
                0x000000000800582c       0xe0 ../../libDaisy//build/libdaisy.a(system.o)
                0x000000000800582c                HardFault_Handler
 .text._ZN5daisy6System6GetNowEv
                0x000000000800590c        0x4 ../../libDaisy//build/libdaisy.a(system.o)
                0x000000000800590c                daisy::System::GetNow()
 .text._ZN5daisy6System5DelayEm
                0x0000000008005910        0x4 ../../libDaisy//build/libdaisy.a(system.o)
                0x0000000008005910                daisy::System::Delay(unsigned long)
 .text._ZN5daisy6System20GetBootloaderVersionEv
                0x0000000008005914       0x34 ../../libDaisy//build/libdaisy.a(system.o)
                0x0000000008005914                daisy::System::GetBootloaderVersion()
 .text._ZN5daisy6System15ConfigureClocksEv
                0x0000000008005948      0x194 ../../libDaisy//build/libdaisy.a(system.o)
                0x0000000008005948                daisy::System::ConfigureClocks()
 .text._ZN5daisy6System12ConfigureMpuEv
                0x0000000008005adc       0x7c ../../libDaisy//build/libdaisy.a(system.o)
                0x0000000008005adc                daisy::System::ConfigureMpu()
 .text._ZN5daisy6System4InitERKNS0_6ConfigE
                0x0000000008005b58       0xec ../../libDaisy//build/libdaisy.a(system.o)
                0x0000000008005b58                daisy::System::Init(daisy::System::Config const&)
 .text._ZN5daisy6System12GetPClk1FreqEv
                0x0000000008005c44        0x4 ../../libDaisy//build/libdaisy.a(system.o)
                0x0000000008005c44                daisy::System::GetPClk1Freq()
 .text._ZN5daisy6System12GetPClk2FreqEv
                0x0000000008005c48        0x4 ../../libDaisy//build/libdaisy.a(system.o)
                0x0000000008005c48                daisy::System::GetPClk2Freq()
 .text._ZN5daisy6System22GetProgramMemoryRegionEv
                0x0000000008005c4c       0x78 ../../libDaisy//build/libdaisy.a(system.o)
                0x0000000008005c4c                daisy::System::GetProgramMemoryRegion()
 .text.startup._GLOBAL__sub_I__ZN5daisy9boot_infoE
                0x0000000008005cc4       0x1c ../../libDaisy//build/libdaisy.a(system.o)
 .text.SystemInit
                0x0000000008005ce0       0x9c ../../libDaisy//build/libdaisy.a(system_stm32h7xx.o)
                0x0000000008005ce0                SystemInit
 .text.CDC_Transmit_FS
                0x0000000008005d7c       0x2c ../../libDaisy//build/libdaisy.a(usbd_cdc_if.o)
                0x0000000008005d7c                CDC_Transmit_FS
 .text.HAL_PCD_SetupStageCallback
                0x0000000008005da8        0xc ../../libDaisy//build/libdaisy.a(usbd_conf.o)
                0x0000000008005da8                HAL_PCD_SetupStageCallback
 .text.HAL_PCD_DataOutStageCallback
                0x0000000008005db4       0x14 ../../libDaisy//build/libdaisy.a(usbd_conf.o)
                0x0000000008005db4                HAL_PCD_DataOutStageCallback
 .text.HAL_PCD_DataInStageCallback
                0x0000000008005dc8       0x14 ../../libDaisy//build/libdaisy.a(usbd_conf.o)
                0x0000000008005dc8                HAL_PCD_DataInStageCallback
 .text.HAL_PCD_SOFCallback
                0x0000000008005ddc        0x8 ../../libDaisy//build/libdaisy.a(usbd_conf.o)
                0x0000000008005ddc                HAL_PCD_SOFCallback
 .text.HAL_PCD_ResetCallback
                0x0000000008005de4       0x24 ../../libDaisy//build/libdaisy.a(usbd_conf.o)
                0x0000000008005de4                HAL_PCD_ResetCallback
 .text.HAL_PCD_SuspendCallback
                0x0000000008005e08       0x30 ../../libDaisy//build/libdaisy.a(usbd_conf.o)
                0x0000000008005e08                HAL_PCD_SuspendCallback
 .text.HAL_PCD_ResumeCallback
                0x0000000008005e38        0x8 ../../libDaisy//build/libdaisy.a(usbd_conf.o)
                0x0000000008005e38                HAL_PCD_ResumeCallback
 .text.HAL_PCD_ISOOUTIncompleteCallback
                0x0000000008005e40        0x8 ../../libDaisy//build/libdaisy.a(usbd_conf.o)
                0x0000000008005e40                HAL_PCD_ISOOUTIncompleteCallback
 .text.HAL_PCD_ISOINIncompleteCallback
                0x0000000008005e48        0x8 ../../libDaisy//build/libdaisy.a(usbd_conf.o)
                0x0000000008005e48                HAL_PCD_ISOINIncompleteCallback
 .text.HAL_PCD_ConnectCallback
                0x0000000008005e50        0x8 ../../libDaisy//build/libdaisy.a(usbd_conf.o)
                0x0000000008005e50                HAL_PCD_ConnectCallback
 .text.HAL_PCD_DisconnectCallback
                0x0000000008005e58        0x8 ../../libDaisy//build/libdaisy.a(usbd_conf.o)
                0x0000000008005e58                HAL_PCD_DisconnectCallback
 .text.USBD_LL_OpenEP
                0x0000000008005e60       0x24 ../../libDaisy//build/libdaisy.a(usbd_conf.o)
                0x0000000008005e60                USBD_LL_OpenEP
 .text.USBD_LL_StallEP
                0x0000000008005e84       0x1c ../../libDaisy//build/libdaisy.a(usbd_conf.o)
                0x0000000008005e84                USBD_LL_StallEP
 .text.USBD_LL_ClearStallEP
                0x0000000008005ea0       0x1c ../../libDaisy//build/libdaisy.a(usbd_conf.o)
                0x0000000008005ea0                USBD_LL_ClearStallEP
 .text.USBD_LL_IsStallEP
                0x0000000008005ebc       0x28 ../../libDaisy//build/libdaisy.a(usbd_conf.o)
                0x0000000008005ebc                USBD_LL_IsStallEP
 .text.USBD_LL_SetUSBAddress
                0x0000000008005ee4       0x1c ../../libDaisy//build/libdaisy.a(usbd_conf.o)
                0x0000000008005ee4                USBD_LL_SetUSBAddress
 .text.USBD_LL_Transmit
                0x0000000008005f00       0x1c ../../libDaisy//build/libdaisy.a(usbd_conf.o)
                0x0000000008005f00                USBD_LL_Transmit
 .text.USBD_LL_PrepareReceive
                0x0000000008005f1c       0x1c ../../libDaisy//build/libdaisy.a(usbd_conf.o)
                0x0000000008005f1c                USBD_LL_PrepareReceive
 .text.HAL_HCD_SOF_Callback
                0x0000000008005f38        0x8 ../../libDaisy//build/libdaisy.a(usbh_conf.o)
                0x0000000008005f38                HAL_HCD_SOF_Callback
 .text.HAL_HCD_Connect_Callback
                0x0000000008005f40        0x8 ../../libDaisy//build/libdaisy.a(usbh_conf.o)
                0x0000000008005f40                HAL_HCD_Connect_Callback
 .text.HAL_HCD_Disconnect_Callback
                0x0000000008005f48        0x8 ../../libDaisy//build/libdaisy.a(usbh_conf.o)
                0x0000000008005f48                HAL_HCD_Disconnect_Callback
 .text.HAL_HCD_HC_NotifyURBChange_Callback
                0x0000000008005f50        0x4 ../../libDaisy//build/libdaisy.a(usbh_conf.o)
                0x0000000008005f50                HAL_HCD_HC_NotifyURBChange_Callback
 .text.HAL_HCD_PortEnabled_Callback
                0x0000000008005f54        0x8 ../../libDaisy//build/libdaisy.a(usbh_conf.o)
                0x0000000008005f54                HAL_HCD_PortEnabled_Callback
 .text.HAL_HCD_PortDisabled_Callback
                0x0000000008005f5c        0x8 ../../libDaisy//build/libdaisy.a(usbh_conf.o)
                0x0000000008005f5c                HAL_HCD_PortDisabled_Callback
 .text.USBH_LL_Stop
                0x0000000008005f64       0x1c ../../libDaisy//build/libdaisy.a(usbh_conf.o)
                0x0000000008005f64                USBH_LL_Stop
 .text.dsy_hal_map_get_port
                0x0000000008005f80       0x10 ../../libDaisy//build/libdaisy.a(hal_map.o)
                0x0000000008005f80                dsy_hal_map_get_port
 .text.dsy_hal_map_get_pin
                0x0000000008005f90       0x10 ../../libDaisy//build/libdaisy.a(hal_map.o)
                0x0000000008005f90                dsy_hal_map_get_pin
 .text.dsy_hal_map_gpio_clk_enable
                0x0000000008005fa0      0x150 ../../libDaisy//build/libdaisy.a(hal_map.o)
                0x0000000008005fa0                dsy_hal_map_gpio_clk_enable
 .text.HAL_MspInit
                0x00000000080060f0        0x4 ../../libDaisy//build/libdaisy.a(stm32h7xx_hal.o)
                0x00000000080060f0                HAL_MspInit
 .text.HAL_InitTick
                0x00000000080060f4       0x4c ../../libDaisy//build/libdaisy.a(stm32h7xx_hal.o)
                0x00000000080060f4                HAL_InitTick
 .text.HAL_Init
                0x0000000008006140       0x60 ../../libDaisy//build/libdaisy.a(stm32h7xx_hal.o)
                0x0000000008006140                HAL_Init
 .text.HAL_IncTick
                0x00000000080061a0       0x18 ../../libDaisy//build/libdaisy.a(stm32h7xx_hal.o)
                0x00000000080061a0                HAL_IncTick
 .text.HAL_GetTick
                0x00000000080061b8        0xc ../../libDaisy//build/libdaisy.a(stm32h7xx_hal.o)
                0x00000000080061b8                HAL_GetTick
 .text.HAL_Delay
                0x00000000080061c4       0x24 ../../libDaisy//build/libdaisy.a(stm32h7xx_hal.o)
                0x00000000080061c4                HAL_Delay
 .text.HAL_GetREVID
                0x00000000080061e8        0xc ../../libDaisy//build/libdaisy.a(stm32h7xx_hal.o)
                0x00000000080061e8                HAL_GetREVID
 .text.HAL_ADC_ConvHalfCpltCallback
                0x00000000080061f4        0x4 ../../libDaisy//build/libdaisy.a(stm32h7xx_hal_adc.o)
                0x00000000080061f4                HAL_ADC_ConvHalfCpltCallback
 .text.ADC_DMAHalfConvCplt
                0x00000000080061f8        0xc ../../libDaisy//build/libdaisy.a(stm32h7xx_hal_adc.o)
                0x00000000080061f8                ADC_DMAHalfConvCplt
 .text.ADC_DMAConvCplt
                0x0000000008006204       0x6c ../../libDaisy//build/libdaisy.a(stm32h7xx_hal_adc.o)
                0x0000000008006204                ADC_DMAConvCplt
 .text.ADC_DMAError
                0x0000000008006270       0x1c ../../libDaisy//build/libdaisy.a(stm32h7xx_hal_adc.o)
                0x0000000008006270                ADC_DMAError
 .text.HAL_ADC_ConfigChannel
                0x000000000800628c      0x3fc ../../libDaisy//build/libdaisy.a(stm32h7xx_hal_adc.o)
                0x000000000800628c                HAL_ADC_ConfigChannel
 .text.ADC_Enable
                0x0000000008006688       0xac ../../libDaisy//build/libdaisy.a(stm32h7xx_hal_adc.o)
                0x0000000008006688                ADC_Enable
 .text.HAL_ADC_Start_DMA
                0x0000000008006734      0x114 ../../libDaisy//build/libdaisy.a(stm32h7xx_hal_adc.o)
                0x0000000008006734                HAL_ADC_Start_DMA
 .text.ADC_Disable
                0x0000000008006848       0x68 ../../libDaisy//build/libdaisy.a(stm32h7xx_hal_adc.o)
                0x0000000008006848                ADC_Disable
 .text.ADC_ConfigureBoostMode
                0x00000000080068b0      0x184 ../../libDaisy//build/libdaisy.a(stm32h7xx_hal_adc.o)
                0x00000000080068b0                ADC_ConfigureBoostMode
 .text.HAL_ADC_Init
                0x0000000008006a34      0x218 ../../libDaisy//build/libdaisy.a(stm32h7xx_hal_adc.o)
                0x0000000008006a34                HAL_ADC_Init
 .text.HAL_ADCEx_Calibration_Start
                0x0000000008006c4c       0xa4 ../../libDaisy//build/libdaisy.a(stm32h7xx_hal_adc_ex.o)
                0x0000000008006c4c                HAL_ADCEx_Calibration_Start
 .text.HAL_ADCEx_MultiModeConfigChannel
                0x0000000008006cf0       0xc4 ../../libDaisy//build/libdaisy.a(stm32h7xx_hal_adc_ex.o)
                0x0000000008006cf0                HAL_ADCEx_MultiModeConfigChannel
 .text.HAL_NVIC_SetPriorityGrouping
                0x0000000008006db4       0x24 ../../libDaisy//build/libdaisy.a(stm32h7xx_hal_cortex.o)
                0x0000000008006db4                HAL_NVIC_SetPriorityGrouping
 .text.HAL_NVIC_SetPriority
                0x0000000008006dd8       0x7c ../../libDaisy//build/libdaisy.a(stm32h7xx_hal_cortex.o)
                0x0000000008006dd8                HAL_NVIC_SetPriority
 .text.HAL_NVIC_EnableIRQ
                0x0000000008006e54       0x1c ../../libDaisy//build/libdaisy.a(stm32h7xx_hal_cortex.o)
                0x0000000008006e54                HAL_NVIC_EnableIRQ
 .text.HAL_NVIC_DisableIRQ
                0x0000000008006e70       0x28 ../../libDaisy//build/libdaisy.a(stm32h7xx_hal_cortex.o)
                0x0000000008006e70                HAL_NVIC_DisableIRQ
 .text.HAL_SYSTICK_Config
                0x0000000008006e98       0x2c ../../libDaisy//build/libdaisy.a(stm32h7xx_hal_cortex.o)
                0x0000000008006e98                HAL_SYSTICK_Config
 .text.HAL_MPU_Disable
                0x0000000008006ec4       0x1c ../../libDaisy//build/libdaisy.a(stm32h7xx_hal_cortex.o)
                0x0000000008006ec4                HAL_MPU_Disable
 .text.HAL_MPU_Enable
                0x0000000008006ee0       0x20 ../../libDaisy//build/libdaisy.a(stm32h7xx_hal_cortex.o)
                0x0000000008006ee0                HAL_MPU_Enable
 .text.HAL_MPU_ConfigRegion
                0x0000000008006f00       0x64 ../../libDaisy//build/libdaisy.a(stm32h7xx_hal_cortex.o)
                0x0000000008006f00                HAL_MPU_ConfigRegion
 .text.HAL_SYSTICK_Callback
                0x0000000008006f64        0x4 ../../libDaisy//build/libdaisy.a(stm32h7xx_hal_cortex.o)
                0x0000000008006f64                HAL_SYSTICK_Callback
 .text.HAL_SYSTICK_IRQHandler
                0x0000000008006f68        0x8 ../../libDaisy//build/libdaisy.a(stm32h7xx_hal_cortex.o)
                0x0000000008006f68                HAL_SYSTICK_IRQHandler
 .text.HAL_DAC_Init
                0x0000000008006f70       0x2c ../../libDaisy//build/libdaisy.a(stm32h7xx_hal_dac.o)
                0x0000000008006f70                HAL_DAC_Init
 .text.HAL_DAC_Start_DMA
                0x0000000008006f9c      0x118 ../../libDaisy//build/libdaisy.a(stm32h7xx_hal_dac.o)
                0x0000000008006f9c                HAL_DAC_Start_DMA
 .text.HAL_DAC_Stop_DMA
                0x00000000080070b4       0x5c ../../libDaisy//build/libdaisy.a(stm32h7xx_hal_dac.o)
                0x00000000080070b4                HAL_DAC_Stop_DMA
 .text.DAC_DMAConvCpltCh1
                0x0000000008007110       0x10 ../../libDaisy//build/libdaisy.a(stm32h7xx_hal_dac.o)
 .text.DAC_DMAHalfConvCpltCh1
                0x0000000008007120        0xc ../../libDaisy//build/libdaisy.a(stm32h7xx_hal_dac.o)
 .text.HAL_DAC_ErrorCallbackCh1
                0x000000000800712c        0x4 ../../libDaisy//build/libdaisy.a(stm32h7xx_hal_dac.o)
                0x000000000800712c                HAL_DAC_ErrorCallbackCh1
 .text.DAC_DMAErrorCh1
                0x0000000008007130       0x18 ../../libDaisy//build/libdaisy.a(stm32h7xx_hal_dac.o)
 .text.HAL_DAC_DMAUnderrunCallbackCh1
                0x0000000008007148        0x4 ../../libDaisy//build/libdaisy.a(stm32h7xx_hal_dac.o)
                0x0000000008007148                HAL_DAC_DMAUnderrunCallbackCh1
 .text.HAL_DAC_IRQHandler
                0x000000000800714c       0x68 ../../libDaisy//build/libdaisy.a(stm32h7xx_hal_dac.o)
                0x000000000800714c                HAL_DAC_IRQHandler
 .text.HAL_DAC_ConfigChannel
                0x00000000080071b4      0x130 ../../libDaisy//build/libdaisy.a(stm32h7xx_hal_dac.o)
                0x00000000080071b4                HAL_DAC_ConfigChannel
 .text.HAL_DACEx_ErrorCallbackCh2
                0x00000000080072e4        0x4 ../../libDaisy//build/libdaisy.a(stm32h7xx_hal_dac_ex.o)
                0x00000000080072e4                HAL_DACEx_ErrorCallbackCh2
 .text.HAL_DACEx_DMAUnderrunCallbackCh2
                0x00000000080072e8        0x4 ../../libDaisy//build/libdaisy.a(stm32h7xx_hal_dac_ex.o)
                0x00000000080072e8                HAL_DACEx_DMAUnderrunCallbackCh2
 .text.DAC_DMAConvCpltCh2
                0x00000000080072ec       0x10 ../../libDaisy//build/libdaisy.a(stm32h7xx_hal_dac_ex.o)
                0x00000000080072ec                DAC_DMAConvCpltCh2
 .text.DAC_DMAHalfConvCpltCh2
                0x00000000080072fc        0xc ../../libDaisy//build/libdaisy.a(stm32h7xx_hal_dac_ex.o)
                0x00000000080072fc                DAC_DMAHalfConvCpltCh2
 .text.DAC_DMAErrorCh2
                0x0000000008007308       0x18 ../../libDaisy//build/libdaisy.a(stm32h7xx_hal_dac_ex.o)
                0x0000000008007308                DAC_DMAErrorCh2
 .text.DMA_CalcBaseAndBitshift
                0x0000000008007320       0xf4 ../../libDaisy//build/libdaisy.a(stm32h7xx_hal_dma.o)
 .text.DMA_CalcDMAMUXChannelBaseAndMask
                0x0000000008007414       0xd8 ../../libDaisy//build/libdaisy.a(stm32h7xx_hal_dma.o)
 .text.HAL_DMA_Init
                0x00000000080074ec      0x37c ../../libDaisy//build/libdaisy.a(stm32h7xx_hal_dma.o)
                0x00000000080074ec                HAL_DMA_Init
 .text.HAL_DMA_Start_IT
                0x0000000008007868      0x240 ../../libDaisy//build/libdaisy.a(stm32h7xx_hal_dma.o)
                0x0000000008007868                HAL_DMA_Start_IT
 .text.HAL_DMA_Abort
                0x0000000008007aa8      0x21c ../../libDaisy//build/libdaisy.a(stm32h7xx_hal_dma.o)
                0x0000000008007aa8                HAL_DMA_Abort
 .text.HAL_DMA_Abort_IT
                0x0000000008007cc4      0x134 ../../libDaisy//build/libdaisy.a(stm32h7xx_hal_dma.o)
                0x0000000008007cc4                HAL_DMA_Abort_IT
 .text.HAL_DMA_IRQHandler
                0x0000000008007df8      0x6a0 ../../libDaisy//build/libdaisy.a(stm32h7xx_hal_dma.o)
                0x0000000008007df8                HAL_DMA_IRQHandler
 .text.HAL_DMA_GetError
                0x0000000008008498        0x4 ../../libDaisy//build/libdaisy.a(stm32h7xx_hal_dma.o)
                0x0000000008008498                HAL_DMA_GetError
 .text.HAL_GPIO_Init
                0x000000000800849c      0x280 ../../libDaisy//build/libdaisy.a(stm32h7xx_hal_gpio.o)
                0x000000000800849c                HAL_GPIO_Init
 .text.HAL_GPIO_DeInit
                0x000000000800871c      0x190 ../../libDaisy//build/libdaisy.a(stm32h7xx_hal_gpio.o)
                0x000000000800871c                HAL_GPIO_DeInit
 .text.HAL_GPIO_ReadPin
                0x00000000080088ac        0xc ../../libDaisy//build/libdaisy.a(stm32h7xx_hal_gpio.o)
                0x00000000080088ac                HAL_GPIO_ReadPin
 .text.HAL_GPIO_WritePin
                0x00000000080088b8        0x8 ../../libDaisy//build/libdaisy.a(stm32h7xx_hal_gpio.o)
                0x00000000080088b8                HAL_GPIO_WritePin
 .text.HAL_HCD_IRQHandler
                0x00000000080088c0      0x780 ../../libDaisy//build/libdaisy.a(stm32h7xx_hal_hcd.o)
                0x00000000080088c0                HAL_HCD_IRQHandler
 .text.HAL_HCD_Stop
                0x0000000008009040       0x28 ../../libDaisy//build/libdaisy.a(stm32h7xx_hal_hcd.o)
                0x0000000008009040                HAL_HCD_Stop
 .text.I2C_WaitOnTXISFlagUntilTimeout
                0x0000000008009068       0xb8 ../../libDaisy//build/libdaisy.a(stm32h7xx_hal_i2c.o)
 .text.I2C_WaitOnSTOPFlagUntilTimeout
                0x0000000008009120       0xac ../../libDaisy//build/libdaisy.a(stm32h7xx_hal_i2c.o)
 .text.HAL_I2C_Init
                0x00000000080091cc       0xac ../../libDaisy//build/libdaisy.a(stm32h7xx_hal_i2c.o)
                0x00000000080091cc                HAL_I2C_Init
 .text.HAL_I2C_Mem_Write
                0x0000000008009278      0x254 ../../libDaisy//build/libdaisy.a(stm32h7xx_hal_i2c.o)
                0x0000000008009278                HAL_I2C_Mem_Write
 .text.HAL_I2C_Mem_Read
                0x00000000080094cc      0x29c ../../libDaisy//build/libdaisy.a(stm32h7xx_hal_i2c.o)
                0x00000000080094cc                HAL_I2C_Mem_Read
 .text.HAL_I2C_EV_IRQHandler
                0x0000000008009768       0x10 ../../libDaisy//build/libdaisy.a(stm32h7xx_hal_i2c.o)
                0x0000000008009768                HAL_I2C_EV_IRQHandler
 .text.HAL_I2C_GetState
                0x0000000008009778        0x8 ../../libDaisy//build/libdaisy.a(stm32h7xx_hal_i2c.o)
                0x0000000008009778                HAL_I2C_GetState
 .text.HAL_I2CEx_ConfigAnalogFilter
                0x0000000008009780       0x54 ../../libDaisy//build/libdaisy.a(stm32h7xx_hal_i2c_ex.o)
                0x0000000008009780                HAL_I2CEx_ConfigAnalogFilter
 .text.HAL_I2CEx_ConfigDigitalFilter
                0x00000000080097d4       0x58 ../../libDaisy//build/libdaisy.a(stm32h7xx_hal_i2c_ex.o)
                0x00000000080097d4                HAL_I2CEx_ConfigDigitalFilter
 .text.HAL_PCD_IRQHandler
                0x000000000800982c      0x69c ../../libDaisy//build/libdaisy.a(stm32h7xx_hal_pcd.o)
                0x000000000800982c                HAL_PCD_IRQHandler
 .text.HAL_PCD_SetAddress
                0x0000000008009ec8       0x2c ../../libDaisy//build/libdaisy.a(stm32h7xx_hal_pcd.o)
                0x0000000008009ec8                HAL_PCD_SetAddress
 .text.HAL_PCD_EP_Open
                0x0000000008009ef4       0x7c ../../libDaisy//build/libdaisy.a(stm32h7xx_hal_pcd.o)
                0x0000000008009ef4                HAL_PCD_EP_Open
 .text.HAL_PCD_EP_Receive
                0x0000000008009f70       0x50 ../../libDaisy//build/libdaisy.a(stm32h7xx_hal_pcd.o)
                0x0000000008009f70                HAL_PCD_EP_Receive
 .text.HAL_PCD_EP_Transmit
                0x0000000008009fc0       0x50 ../../libDaisy//build/libdaisy.a(stm32h7xx_hal_pcd.o)
                0x0000000008009fc0                HAL_PCD_EP_Transmit
 .text.HAL_PCD_EP_SetStall
                0x000000000800a010       0x88 ../../libDaisy//build/libdaisy.a(stm32h7xx_hal_pcd.o)
                0x000000000800a010                HAL_PCD_EP_SetStall
 .text.HAL_PCD_EP_ClrStall
                0x000000000800a098       0x78 ../../libDaisy//build/libdaisy.a(stm32h7xx_hal_pcd.o)
                0x000000000800a098                HAL_PCD_EP_ClrStall
 .text.HAL_PCDEx_LPM_Callback
                0x000000000800a110        0x4 ../../libDaisy//build/libdaisy.a(stm32h7xx_hal_pcd_ex.o)
                0x000000000800a110                HAL_PCDEx_LPM_Callback
 .text.HAL_PWREx_ConfigSupply
                0x000000000800a114       0x4c ../../libDaisy//build/libdaisy.a(stm32h7xx_hal_pwr_ex.o)
                0x000000000800a114                HAL_PWREx_ConfigSupply
 .text.HAL_PWREx_EnableUSBVoltageDetector
                0x000000000800a160       0x10 ../../libDaisy//build/libdaisy.a(stm32h7xx_hal_pwr_ex.o)
                0x000000000800a160                HAL_PWREx_EnableUSBVoltageDetector
 .text.QSPI_Config
                0x000000000800a170      0x174 ../../libDaisy//build/libdaisy.a(stm32h7xx_hal_qspi.o)
 .text.HAL_QSPI_Init
                0x000000000800a2e4       0xd8 ../../libDaisy//build/libdaisy.a(stm32h7xx_hal_qspi.o)
                0x000000000800a2e4                HAL_QSPI_Init
 .text.HAL_QSPI_DeInit
                0x000000000800a3bc       0x3c ../../libDaisy//build/libdaisy.a(stm32h7xx_hal_qspi.o)
                0x000000000800a3bc                HAL_QSPI_DeInit
 .text.HAL_QSPI_Command
                0x000000000800a3f8       0xd4 ../../libDaisy//build/libdaisy.a(stm32h7xx_hal_qspi.o)
                0x000000000800a3f8                HAL_QSPI_Command
 .text.HAL_QSPI_Transmit
                0x000000000800a4cc       0xfc ../../libDaisy//build/libdaisy.a(stm32h7xx_hal_qspi.o)
                0x000000000800a4cc                HAL_QSPI_Transmit
 .text.HAL_QSPI_Receive
                0x000000000800a5c8      0x108 ../../libDaisy//build/libdaisy.a(stm32h7xx_hal_qspi.o)
                0x000000000800a5c8                HAL_QSPI_Receive
 .text.HAL_QSPI_AutoPolling
                0x000000000800a6d0       0xf0 ../../libDaisy//build/libdaisy.a(stm32h7xx_hal_qspi.o)
                0x000000000800a6d0                HAL_QSPI_AutoPolling
 .text.HAL_QSPI_MemoryMapped
                0x000000000800a7c0       0xc0 ../../libDaisy//build/libdaisy.a(stm32h7xx_hal_qspi.o)
                0x000000000800a7c0                HAL_QSPI_MemoryMapped
 .text.HAL_QSPI_ErrorCallback
                0x000000000800a880        0x4 ../../libDaisy//build/libdaisy.a(stm32h7xx_hal_qspi.o)
                0x000000000800a880                HAL_QSPI_ErrorCallback
 .text.QSPI_DMAAbortCplt
                0x000000000800a884       0x38 ../../libDaisy//build/libdaisy.a(stm32h7xx_hal_qspi.o)
 .text.HAL_QSPI_AbortCpltCallback
                0x000000000800a8bc        0x4 ../../libDaisy//build/libdaisy.a(stm32h7xx_hal_qspi.o)
                0x000000000800a8bc                HAL_QSPI_AbortCpltCallback
 .text.HAL_QSPI_CmdCpltCallback
                0x000000000800a8c0        0x4 ../../libDaisy//build/libdaisy.a(stm32h7xx_hal_qspi.o)
                0x000000000800a8c0                HAL_QSPI_CmdCpltCallback
 .text.HAL_QSPI_RxCpltCallback
                0x000000000800a8c4        0x4 ../../libDaisy//build/libdaisy.a(stm32h7xx_hal_qspi.o)
                0x000000000800a8c4                HAL_QSPI_RxCpltCallback
 .text.HAL_QSPI_TxCpltCallback
                0x000000000800a8c8        0x4 ../../libDaisy//build/libdaisy.a(stm32h7xx_hal_qspi.o)
                0x000000000800a8c8                HAL_QSPI_TxCpltCallback
 .text.HAL_QSPI_FifoThresholdCallback
                0x000000000800a8cc        0x4 ../../libDaisy//build/libdaisy.a(stm32h7xx_hal_qspi.o)
                0x000000000800a8cc                HAL_QSPI_FifoThresholdCallback
 .text.HAL_QSPI_StatusMatchCallback
                0x000000000800a8d0        0x4 ../../libDaisy//build/libdaisy.a(stm32h7xx_hal_qspi.o)
                0x000000000800a8d0                HAL_QSPI_StatusMatchCallback
 .text.HAL_QSPI_TimeOutCallback
                0x000000000800a8d4        0x4 ../../libDaisy//build/libdaisy.a(stm32h7xx_hal_qspi.o)
                0x000000000800a8d4                HAL_QSPI_TimeOutCallback
 .text.HAL_QSPI_IRQHandler
                0x000000000800a8d8      0x210 ../../libDaisy//build/libdaisy.a(stm32h7xx_hal_qspi.o)
                0x000000000800a8d8                HAL_QSPI_IRQHandler
 .text.HAL_RCC_OscConfig
                0x000000000800aae8      0x51c ../../libDaisy//build/libdaisy.a(stm32h7xx_hal_rcc.o)
                0x000000000800aae8                HAL_RCC_OscConfig
 .text.HAL_RCC_GetSysClockFreq
                0x000000000800b004      0x140 ../../libDaisy//build/libdaisy.a(stm32h7xx_hal_rcc.o)
                0x000000000800b004                HAL_RCC_GetSysClockFreq
 .text.HAL_RCC_ClockConfig
                0x000000000800b144      0x234 ../../libDaisy//build/libdaisy.a(stm32h7xx_hal_rcc.o)
                0x000000000800b144                HAL_RCC_ClockConfig
 .text.HAL_RCC_GetHCLKFreq
                0x000000000800b378       0x2c ../../libDaisy//build/libdaisy.a(stm32h7xx_hal_rcc.o)
                0x000000000800b378                HAL_RCC_GetHCLKFreq
 .text.HAL_RCC_GetPCLK1Freq
                0x000000000800b3a4       0x38 ../../libDaisy//build/libdaisy.a(stm32h7xx_hal_rcc.o)
                0x000000000800b3a4                HAL_RCC_GetPCLK1Freq
 .text.HAL_RCC_GetPCLK2Freq
                0x000000000800b3dc       0x38 ../../libDaisy//build/libdaisy.a(stm32h7xx_hal_rcc.o)
                0x000000000800b3dc                HAL_RCC_GetPCLK2Freq
 .text.RCCEx_PLL2_Config
                0x000000000800b414       0xf4 ../../libDaisy//build/libdaisy.a(stm32h7xx_hal_rcc_ex.o)
 .text.RCCEx_PLL3_Config
                0x000000000800b508       0xf4 ../../libDaisy//build/libdaisy.a(stm32h7xx_hal_rcc_ex.o)
 .text.HAL_RCCEx_PeriphCLKConfig
                0x000000000800b5fc      0xa7c ../../libDaisy//build/libdaisy.a(stm32h7xx_hal_rcc_ex.o)
                0x000000000800b5fc                HAL_RCCEx_PeriphCLKConfig
 .text.HAL_RCCEx_GetD3PCLK1Freq
                0x000000000800c078       0x24 ../../libDaisy//build/libdaisy.a(stm32h7xx_hal_rcc_ex.o)
                0x000000000800c078                HAL_RCCEx_GetD3PCLK1Freq
 .text.HAL_RCCEx_GetPLL2ClockFreq
                0x000000000800c09c      0x17c ../../libDaisy//build/libdaisy.a(stm32h7xx_hal_rcc_ex.o)
                0x000000000800c09c                HAL_RCCEx_GetPLL2ClockFreq
 .text.HAL_RCCEx_GetPLL3ClockFreq
                0x000000000800c218      0x17c ../../libDaisy//build/libdaisy.a(stm32h7xx_hal_rcc_ex.o)
                0x000000000800c218                HAL_RCCEx_GetPLL3ClockFreq
 .text.HAL_RCCEx_GetPLL1ClockFreq
                0x000000000800c394      0x17c ../../libDaisy//build/libdaisy.a(stm32h7xx_hal_rcc_ex.o)
                0x000000000800c394                HAL_RCCEx_GetPLL1ClockFreq
 .text.HAL_RCCEx_GetPeriphCLKFreq
                0x000000000800c510      0x198 ../../libDaisy//build/libdaisy.a(stm32h7xx_hal_rcc_ex.o)
                0x000000000800c510                HAL_RCCEx_GetPeriphCLKFreq
 .text.HAL_RCCEx_GetD1SysClockFreq
                0x000000000800c6a8       0x2c ../../libDaisy//build/libdaisy.a(stm32h7xx_hal_rcc_ex.o)
                0x000000000800c6a8                HAL_RCCEx_GetD1SysClockFreq
 .text.HAL_SAI_Init.part.0
                0x000000000800c6d4      0x348 ../../libDaisy//build/libdaisy.a(stm32h7xx_hal_sai.o)
 .text.HAL_SAI_InitProtocol
                0x000000000800ca1c      0x178 ../../libDaisy//build/libdaisy.a(stm32h7xx_hal_sai.o)
                0x000000000800ca1c                HAL_SAI_InitProtocol
 .text.HAL_SAI_Transmit_DMA
                0x000000000800cb94      0x124 ../../libDaisy//build/libdaisy.a(stm32h7xx_hal_sai.o)
                0x000000000800cb94                HAL_SAI_Transmit_DMA
 .text.HAL_SAI_Receive_DMA
                0x000000000800ccb8       0xd0 ../../libDaisy//build/libdaisy.a(stm32h7xx_hal_sai.o)
                0x000000000800ccb8                HAL_SAI_Receive_DMA
 .text.HAL_SAI_TxCpltCallback
                0x000000000800cd88        0x4 ../../libDaisy//build/libdaisy.a(stm32h7xx_hal_sai.o)
                0x000000000800cd88                HAL_SAI_TxCpltCallback
 .text.SAI_DMATxCplt
                0x000000000800cd8c       0x64 ../../libDaisy//build/libdaisy.a(stm32h7xx_hal_sai.o)
 .text.HAL_SAI_TxHalfCpltCallback
                0x000000000800cdf0        0x4 ../../libDaisy//build/libdaisy.a(stm32h7xx_hal_sai.o)
                0x000000000800cdf0                HAL_SAI_TxHalfCpltCallback
 .text.SAI_DMATxHalfCplt
                0x000000000800cdf4        0xc ../../libDaisy//build/libdaisy.a(stm32h7xx_hal_sai.o)
 .text.SAI_DMARxCplt
                0x000000000800ce00       0x64 ../../libDaisy//build/libdaisy.a(stm32h7xx_hal_sai.o)
 .text.SAI_DMARxHalfCplt
                0x000000000800ce64        0xc ../../libDaisy//build/libdaisy.a(stm32h7xx_hal_sai.o)
 .text.HAL_SAI_ErrorCallback
                0x000000000800ce70        0x4 ../../libDaisy//build/libdaisy.a(stm32h7xx_hal_sai.o)
                0x000000000800ce70                HAL_SAI_ErrorCallback
 .text.SAI_DMAError
                0x000000000800ce74       0x6c ../../libDaisy//build/libdaisy.a(stm32h7xx_hal_sai.o)
 .text.HAL_SDRAM_Init
                0x000000000800cee0       0x54 ../../libDaisy//build/libdaisy.a(stm32h7xx_hal_sdram.o)
                0x000000000800cee0                HAL_SDRAM_Init
 .text.HAL_SDRAM_SendCommand
                0x000000000800cf34       0x40 ../../libDaisy//build/libdaisy.a(stm32h7xx_hal_sdram.o)
                0x000000000800cf34                HAL_SDRAM_SendCommand
 .text.HAL_SDRAM_ProgramRefreshRate
                0x000000000800cf74       0x30 ../../libDaisy//build/libdaisy.a(stm32h7xx_hal_sdram.o)
                0x000000000800cf74                HAL_SDRAM_ProgramRefreshRate
 .text.HAL_TIM_Base_Init
                0x000000000800cfa4      0x140 ../../libDaisy//build/libdaisy.a(stm32h7xx_hal_tim.o)
                0x000000000800cfa4                HAL_TIM_Base_Init
 .text.HAL_TIM_Base_Start
                0x000000000800d0e4       0x34 ../../libDaisy//build/libdaisy.a(stm32h7xx_hal_tim.o)
                0x000000000800d0e4                HAL_TIM_Base_Start
 .text.HAL_TIM_Base_Start_IT
                0x000000000800d118       0x2c ../../libDaisy//build/libdaisy.a(stm32h7xx_hal_tim.o)
                0x000000000800d118                HAL_TIM_Base_Start_IT
 .text.HAL_TIM_ConfigClockSource
                0x000000000800d144      0x17c ../../libDaisy//build/libdaisy.a(stm32h7xx_hal_tim.o)
                0x000000000800d144                HAL_TIM_ConfigClockSource
 .text.HAL_TIM_OC_DelayElapsedCallback
                0x000000000800d2c0        0x4 ../../libDaisy//build/libdaisy.a(stm32h7xx_hal_tim.o)
                0x000000000800d2c0                HAL_TIM_OC_DelayElapsedCallback
 .text.HAL_TIM_IC_CaptureCallback
                0x000000000800d2c4        0x4 ../../libDaisy//build/libdaisy.a(stm32h7xx_hal_tim.o)
                0x000000000800d2c4                HAL_TIM_IC_CaptureCallback
 .text.HAL_TIM_PWM_PulseFinishedCallback
                0x000000000800d2c8        0x4 ../../libDaisy//build/libdaisy.a(stm32h7xx_hal_tim.o)
                0x000000000800d2c8                HAL_TIM_PWM_PulseFinishedCallback
 .text.HAL_TIM_TriggerCallback
                0x000000000800d2cc        0x4 ../../libDaisy//build/libdaisy.a(stm32h7xx_hal_tim.o)
                0x000000000800d2cc                HAL_TIM_TriggerCallback
 .text.HAL_TIM_IRQHandler
                0x000000000800d2d0      0x170 ../../libDaisy//build/libdaisy.a(stm32h7xx_hal_tim.o)
                0x000000000800d2d0                HAL_TIM_IRQHandler
 .text.HAL_TIMEx_MasterConfigSynchronization
                0x000000000800d440       0x64 ../../libDaisy//build/libdaisy.a(stm32h7xx_hal_tim_ex.o)
                0x000000000800d440                HAL_TIMEx_MasterConfigSynchronization
 .text.HAL_TIMEx_CommutCallback
                0x000000000800d4a4        0x4 ../../libDaisy//build/libdaisy.a(stm32h7xx_hal_tim_ex.o)
                0x000000000800d4a4                HAL_TIMEx_CommutCallback
 .text.HAL_TIMEx_BreakCallback
                0x000000000800d4a8        0x4 ../../libDaisy//build/libdaisy.a(stm32h7xx_hal_tim_ex.o)
                0x000000000800d4a8                HAL_TIMEx_BreakCallback
 .text.HAL_TIMEx_Break2Callback
                0x000000000800d4ac        0x4 ../../libDaisy//build/libdaisy.a(stm32h7xx_hal_tim_ex.o)
                0x000000000800d4ac                HAL_TIMEx_Break2Callback
 .text.FMC_SDRAM_Init
                0x000000000800d4b0       0x7c ../../libDaisy//build/libdaisy.a(stm32h7xx_ll_fmc.o)
                0x000000000800d4b0                FMC_SDRAM_Init
 .text.FMC_SDRAM_Timing_Init
                0x000000000800d52c       0x98 ../../libDaisy//build/libdaisy.a(stm32h7xx_ll_fmc.o)
                0x000000000800d52c                FMC_SDRAM_Timing_Init
 .text.FMC_SDRAM_SendCommand
                0x000000000800d5c4       0x28 ../../libDaisy//build/libdaisy.a(stm32h7xx_ll_fmc.o)
                0x000000000800d5c4                FMC_SDRAM_SendCommand
 .text.FMC_SDRAM_ProgramRefreshRate
                0x000000000800d5ec       0x1c ../../libDaisy//build/libdaisy.a(stm32h7xx_ll_fmc.o)
                0x000000000800d5ec                FMC_SDRAM_ProgramRefreshRate
 .text.USB_SetTurnaroundTime
                0x000000000800d608      0x104 ../../libDaisy//build/libdaisy.a(stm32h7xx_ll_usb.o)
                0x000000000800d608                USB_SetTurnaroundTime
 .text.USB_FlushTxFifo
                0x000000000800d70c       0x34 ../../libDaisy//build/libdaisy.a(stm32h7xx_ll_usb.o)
                0x000000000800d70c                USB_FlushTxFifo
 .text.USB_GetDevSpeed
                0x000000000800d740       0x24 ../../libDaisy//build/libdaisy.a(stm32h7xx_ll_usb.o)
                0x000000000800d740                USB_GetDevSpeed
 .text.USB_ActivateEndpoint
                0x000000000800d764       0x90 ../../libDaisy//build/libdaisy.a(stm32h7xx_ll_usb.o)
                0x000000000800d764                USB_ActivateEndpoint
 .text.USB_EPStartXfer
                0x000000000800d7f4      0x230 ../../libDaisy//build/libdaisy.a(stm32h7xx_ll_usb.o)
                0x000000000800d7f4                USB_EPStartXfer
 .text.USB_EP0StartXfer
                0x000000000800da24      0x174 ../../libDaisy//build/libdaisy.a(stm32h7xx_ll_usb.o)
                0x000000000800da24                USB_EP0StartXfer
 .text.USB_WritePacket
                0x000000000800db98       0x2c ../../libDaisy//build/libdaisy.a(stm32h7xx_ll_usb.o)
                0x000000000800db98                USB_WritePacket
 .text.USB_ReadPacket
                0x000000000800dbc4       0x20 ../../libDaisy//build/libdaisy.a(stm32h7xx_ll_usb.o)
                0x000000000800dbc4                USB_ReadPacket
 .text.USB_EPSetStall
                0x000000000800dbe4       0x68 ../../libDaisy//build/libdaisy.a(stm32h7xx_ll_usb.o)
                0x000000000800dbe4                USB_EPSetStall
 .text.USB_EPClearStall
                0x000000000800dc4c       0x58 ../../libDaisy//build/libdaisy.a(stm32h7xx_ll_usb.o)
                0x000000000800dc4c                USB_EPClearStall
 .text.USB_SetDevAddress
                0x000000000800dca4       0x24 ../../libDaisy//build/libdaisy.a(stm32h7xx_ll_usb.o)
                0x000000000800dca4                USB_SetDevAddress
 .text.USB_ReadInterrupts
                0x000000000800dcc8       0x14 ../../libDaisy//build/libdaisy.a(stm32h7xx_ll_usb.o)
                0x000000000800dcc8                USB_ReadInterrupts
 .text.USB_ReadDevAllOutEpInterrupt
                0x000000000800dcdc       0x1c ../../libDaisy//build/libdaisy.a(stm32h7xx_ll_usb.o)
                0x000000000800dcdc                USB_ReadDevAllOutEpInterrupt
 .text.USB_ReadDevAllInEpInterrupt
                0x000000000800dcf8       0x1c ../../libDaisy//build/libdaisy.a(stm32h7xx_ll_usb.o)
                0x000000000800dcf8                USB_ReadDevAllInEpInterrupt
 .text.USB_ReadDevOutEPInterrupt
                0x000000000800dd14       0x1c ../../libDaisy//build/libdaisy.a(stm32h7xx_ll_usb.o)
                0x000000000800dd14                USB_ReadDevOutEPInterrupt
 .text.USB_ReadDevInEPInterrupt
                0x000000000800dd30       0x38 ../../libDaisy//build/libdaisy.a(stm32h7xx_ll_usb.o)
                0x000000000800dd30                USB_ReadDevInEPInterrupt
 .text.USB_GetMode
                0x000000000800dd68        0x8 ../../libDaisy//build/libdaisy.a(stm32h7xx_ll_usb.o)
                0x000000000800dd68                USB_GetMode
 .text.USB_ActivateSetup
                0x000000000800dd70       0x38 ../../libDaisy//build/libdaisy.a(stm32h7xx_ll_usb.o)
                0x000000000800dd70                USB_ActivateSetup
 .text.USB_EP0_OutStart
                0x000000000800dda8       0x58 ../../libDaisy//build/libdaisy.a(stm32h7xx_ll_usb.o)
                0x000000000800dda8                USB_EP0_OutStart
 .text.USB_InitFSLSPClkSel
                0x000000000800de00       0x44 ../../libDaisy//build/libdaisy.a(stm32h7xx_ll_usb.o)
                0x000000000800de00                USB_InitFSLSPClkSel
 .text.USB_HC_ReadInterrupt
                0x000000000800de44        0x8 ../../libDaisy//build/libdaisy.a(stm32h7xx_ll_usb.o)
                0x000000000800de44                USB_HC_ReadInterrupt
 .text.USB_HC_Halt
                0x000000000800de4c       0xc0 ../../libDaisy//build/libdaisy.a(stm32h7xx_ll_usb.o)
                0x000000000800de4c                USB_HC_Halt
 .text.USB_StopHost
                0x000000000800df0c      0x2ec ../../libDaisy//build/libdaisy.a(stm32h7xx_ll_usb.o)
                0x000000000800df0c                USB_StopHost
 .text.USBD_CDC_SetTxBuffer
                0x000000000800e1f8       0x14 ../../libDaisy//build/libdaisy.a(usbd_cdc.o)
                0x000000000800e1f8                USBD_CDC_SetTxBuffer
 .text.USBD_CDC_TransmitPacket
                0x000000000800e20c       0x34 ../../libDaisy//build/libdaisy.a(usbd_cdc.o)
                0x000000000800e20c                USBD_CDC_TransmitPacket
 .text.USBD_SetClassConfig
                0x000000000800e240       0x14 ../../libDaisy//build/libdaisy.a(usbd_core.o)
                0x000000000800e240                USBD_SetClassConfig
 .text.USBD_ClrClassConfig
                0x000000000800e254       0x10 ../../libDaisy//build/libdaisy.a(usbd_core.o)
                0x000000000800e254                USBD_ClrClassConfig
 .text.USBD_LL_SetupStage
                0x000000000800e264       0x5c ../../libDaisy//build/libdaisy.a(usbd_core.o)
                0x000000000800e264                USBD_LL_SetupStage
 .text.USBD_LL_DataOutStage
                0x000000000800e2c0       0x7c ../../libDaisy//build/libdaisy.a(usbd_core.o)
                0x000000000800e2c0                USBD_LL_DataOutStage
 .text.USBD_LL_DataInStage
                0x000000000800e33c       0xcc ../../libDaisy//build/libdaisy.a(usbd_core.o)
                0x000000000800e33c                USBD_LL_DataInStage
 .text.USBD_LL_Reset
                0x000000000800e408       0x50 ../../libDaisy//build/libdaisy.a(usbd_core.o)
                0x000000000800e408                USBD_LL_Reset
 .text.USBD_LL_SetSpeed
                0x000000000800e458        0x8 ../../libDaisy//build/libdaisy.a(usbd_core.o)
                0x000000000800e458                USBD_LL_SetSpeed
 .text.USBD_LL_Suspend
                0x000000000800e460       0x14 ../../libDaisy//build/libdaisy.a(usbd_core.o)
                0x000000000800e460                USBD_LL_Suspend
 .text.USBD_LL_Resume
                0x000000000800e474       0x10 ../../libDaisy//build/libdaisy.a(usbd_core.o)
                0x000000000800e474                USBD_LL_Resume
 .text.USBD_LL_SOF
                0x000000000800e484       0x1c ../../libDaisy//build/libdaisy.a(usbd_core.o)
                0x000000000800e484                USBD_LL_SOF
 .text.USBD_LL_IsoINIncomplete
                0x000000000800e4a0        0x4 ../../libDaisy//build/libdaisy.a(usbd_core.o)
                0x000000000800e4a0                USBD_LL_IsoINIncomplete
 .text.USBD_LL_IsoOUTIncomplete
                0x000000000800e4a4        0x4 ../../libDaisy//build/libdaisy.a(usbd_core.o)
                0x000000000800e4a4                USBD_LL_IsoOUTIncomplete
 .text.USBD_LL_DevConnected
                0x000000000800e4a8        0x4 ../../libDaisy//build/libdaisy.a(usbd_core.o)
                0x000000000800e4a8                USBD_LL_DevConnected
 .text.USBD_LL_DevDisconnected
                0x000000000800e4ac       0x18 ../../libDaisy//build/libdaisy.a(usbd_core.o)
                0x000000000800e4ac                USBD_LL_DevDisconnected
 .text.USBD_StdDevReq
                0x000000000800e4c4      0x304 ../../libDaisy//build/libdaisy.a(usbd_ctlreq.o)
                0x000000000800e4c4                USBD_StdDevReq
 .text.USBD_StdItfReq
                0x000000000800e7c8       0x68 ../../libDaisy//build/libdaisy.a(usbd_ctlreq.o)
                0x000000000800e7c8                USBD_StdItfReq
 .text.USBD_StdEPReq
                0x000000000800e830      0x13c ../../libDaisy//build/libdaisy.a(usbd_ctlreq.o)
                0x000000000800e830                USBD_StdEPReq
 .text.USBD_ParseSetupRequest
                0x000000000800e96c       0x28 ../../libDaisy//build/libdaisy.a(usbd_ctlreq.o)
                0x000000000800e96c                USBD_ParseSetupRequest
 .text.USBD_CtlSendData
                0x000000000800e994       0x1c ../../libDaisy//build/libdaisy.a(usbd_ioreq.o)
                0x000000000800e994                USBD_CtlSendData
 .text.USBD_CtlContinueSendData
                0x000000000800e9b0       0x14 ../../libDaisy//build/libdaisy.a(usbd_ioreq.o)
                0x000000000800e9b0                USBD_CtlContinueSendData
 .text.USBD_CtlContinueRx
                0x000000000800e9c4       0x14 ../../libDaisy//build/libdaisy.a(usbd_ioreq.o)
                0x000000000800e9c4                USBD_CtlContinueRx
 .text.USBD_CtlSendStatus
                0x000000000800e9d8       0x18 ../../libDaisy//build/libdaisy.a(usbd_ioreq.o)
                0x000000000800e9d8                USBD_CtlSendStatus
 .text.USBD_CtlReceiveStatus
                0x000000000800e9f0       0x18 ../../libDaisy//build/libdaisy.a(usbd_ioreq.o)
                0x000000000800e9f0                USBD_CtlReceiveStatus
 .text.USBH_LL_IncTimer
                0x000000000800ea08       0x20 ../../libDaisy//build/libdaisy.a(usbh_core.o)
                0x000000000800ea08                USBH_LL_IncTimer
 .text.USBH_LL_PortEnabled
                0x000000000800ea28        0x8 ../../libDaisy//build/libdaisy.a(usbh_core.o)
                0x000000000800ea28                USBH_LL_PortEnabled
 .text.USBH_LL_PortDisabled
                0x000000000800ea30        0x8 ../../libDaisy//build/libdaisy.a(usbh_core.o)
                0x000000000800ea30                USBH_LL_PortDisabled
 .text.USBH_LL_Connect
                0x000000000800ea38       0x18 ../../libDaisy//build/libdaisy.a(usbh_core.o)
                0x000000000800ea38                USBH_LL_Connect
 .text.USBH_LL_Disconnect
                0x000000000800ea50       0x2c ../../libDaisy//build/libdaisy.a(usbh_core.o)
                0x000000000800ea50                USBH_LL_Disconnect
 .text.USBH_FreePipe
                0x000000000800ea7c       0x18 ../../libDaisy//build/libdaisy.a(usbh_pipes.o)
                0x000000000800ea7c                USBH_FreePipe
 .text._ZN5daisy6Random4InitEv
                0x000000000800ea94       0x3c ../../libDaisy//build/libdaisy.a(rng.o)
                0x000000000800ea94                daisy::Random::Init()
 .text._ZN5daisy9SpiHandle4Impl7InitDmaEv
                0x000000000800ead0       0xec ../../libDaisy//build/libdaisy.a(spi.o)
                0x000000000800ead0                daisy::SpiHandle::Impl::InitDma()
 .text._ZN5daisy9SpiHandle4Impl10StartDmaTxEPhjPFvPvEPFvS3_NS0_6ResultEES3_
                0x000000000800ebbc       0xc8 ../../libDaisy//build/libdaisy.a(spi.o)
                0x000000000800ebbc                daisy::SpiHandle::Impl::StartDmaTx(unsigned char*, unsigned int, void (*)(void*), void (*)(void*, daisy::SpiHandle::Result), void*)
 .text._ZN5daisy9SpiHandle4Impl10StartDmaRxEPhjPFvPvEPFvS3_NS0_6ResultEES3_
                0x000000000800ec84       0xc8 ../../libDaisy//build/libdaisy.a(spi.o)
                0x000000000800ec84                daisy::SpiHandle::Impl::StartDmaRx(unsigned char*, unsigned int, void (*)(void*), void (*)(void*, daisy::SpiHandle::Result), void*)
 .text._ZN5daisy9SpiHandle4Impl12StartDmaRxTxEPhS2_jPFvPvEPFvS3_NS0_6ResultEES3_
                0x000000000800ed4c       0xcc ../../libDaisy//build/libdaisy.a(spi.o)
                0x000000000800ed4c                daisy::SpiHandle::Impl::StartDmaRxTx(unsigned char*, unsigned char*, unsigned int, void (*)(void*), void (*)(void*, daisy::SpiHandle::Result), void*)
 .text._ZN5daisy9SpiHandle4Impl8InitPinsEv
                0x000000000800ee18      0x274 ../../libDaisy//build/libdaisy.a(spi.o)
                0x000000000800ee18                daisy::SpiHandle::Impl::InitPins()
 .text.HAL_SPI_MspInit
                0x000000000800f08c      0x1a8 ../../libDaisy//build/libdaisy.a(spi.o)
                0x000000000800f08c                HAL_SPI_MspInit
 .text.dsy_spi_global_init
                0x000000000800f234       0x80 ../../libDaisy//build/libdaisy.a(spi.o)
                0x000000000800f234                dsy_spi_global_init
 .text.SPI1_IRQHandler
                0x000000000800f2b4        0xc ../../libDaisy//build/libdaisy.a(spi.o)
                0x000000000800f2b4                SPI1_IRQHandler
 .text.SPI2_IRQHandler
                0x000000000800f2c0        0xc ../../libDaisy//build/libdaisy.a(spi.o)
                0x000000000800f2c0                SPI2_IRQHandler
 .text.SPI3_IRQHandler
                0x000000000800f2cc        0xc ../../libDaisy//build/libdaisy.a(spi.o)
                0x000000000800f2cc                SPI3_IRQHandler
 .text.SPI4_IRQHandler
                0x000000000800f2d8        0xc ../../libDaisy//build/libdaisy.a(spi.o)
                0x000000000800f2d8                SPI4_IRQHandler
 .text.SPI5_IRQHandler
                0x000000000800f2e4        0xc ../../libDaisy//build/libdaisy.a(spi.o)
                0x000000000800f2e4                SPI5_IRQHandler
 .text.DMA2_Stream2_IRQHandler
                0x000000000800f2f0       0x34 ../../libDaisy//build/libdaisy.a(spi.o)
                0x000000000800f2f0                DMA2_Stream2_IRQHandler
 .text.DMA2_Stream3_IRQHandler
                0x000000000800f324       0x38 ../../libDaisy//build/libdaisy.a(spi.o)
                0x000000000800f324                DMA2_Stream3_IRQHandler
 .text.HAL_SPI_TxCpltCallback
                0x000000000800f35c       0xc4 ../../libDaisy//build/libdaisy.a(spi.o)
                0x000000000800f35c                HAL_SPI_TxCpltCallback
 .text.HAL_SPI_RxCpltCallback
                0x000000000800f420       0xc4 ../../libDaisy//build/libdaisy.a(spi.o)
                0x000000000800f420                HAL_SPI_RxCpltCallback
 .text.HAL_SPI_TxRxCpltCallback
                0x000000000800f4e4       0xc4 ../../libDaisy//build/libdaisy.a(spi.o)
                0x000000000800f4e4                HAL_SPI_TxRxCpltCallback
 .text.HAL_SPI_ErrorCallback
                0x000000000800f5a8       0xc8 ../../libDaisy//build/libdaisy.a(spi.o)
                0x000000000800f5a8                HAL_SPI_ErrorCallback
 .text.startup._GLOBAL__sub_I__Z19MapInstanceToHandleP11SPI_TypeDef
                0x000000000800f670      0x1b0 ../../libDaisy//build/libdaisy.a(spi.o)
 .text.HAL_TIM_Base_MspInit
                0x000000000800f820      0x1e0 ../../libDaisy//build/libdaisy.a(tim.o)
                0x000000000800f820                HAL_TIM_Base_MspInit
 .text.HAL_TIM_PeriodElapsedCallback
                0x000000000800fa00       0x44 ../../libDaisy//build/libdaisy.a(tim.o)
                0x000000000800fa00                HAL_TIM_PeriodElapsedCallback
 .text.TIM2_IRQHandler
                0x000000000800fa44        0xc ../../libDaisy//build/libdaisy.a(tim.o)
                0x000000000800fa44                TIM2_IRQHandler
 .text.TIM3_IRQHandler
                0x000000000800fa50        0xc ../../libDaisy//build/libdaisy.a(tim.o)
                0x000000000800fa50                TIM3_IRQHandler
 .text.TIM4_IRQHandler
                0x000000000800fa5c        0xc ../../libDaisy//build/libdaisy.a(tim.o)
                0x000000000800fa5c                TIM4_IRQHandler
 .text.TIM5_IRQHandler
                0x000000000800fa68        0xc ../../libDaisy//build/libdaisy.a(tim.o)
                0x000000000800fa68                TIM5_IRQHandler
 .text._ZN5daisy11TimerHandle4InitERKNS0_6ConfigE
                0x000000000800fa74       0xd0 ../../libDaisy//build/libdaisy.a(tim.o)
                0x000000000800fa74                daisy::TimerHandle::Init(daisy::TimerHandle::Config const&)
 .text._ZN5daisy11TimerHandle5StartEv
                0x000000000800fb44       0x24 ../../libDaisy//build/libdaisy.a(tim.o)
                0x000000000800fb44                daisy::TimerHandle::Start()
 .text.startup._GLOBAL__sub_I__ZN5daisy11TimerHandle4Impl4InitERKNS0_6ConfigE
                0x000000000800fb68       0x38 ../../libDaisy//build/libdaisy.a(tim.o)
 .text._ZL20UART_CheckRxListenerPN5daisy11UartHandler4ImplE
                0x000000000800fba0       0x84 ../../libDaisy//build/libdaisy.a(uart.o)
 .text._ZN5daisy11UartHandler4Impl10StartDmaTxEPhjPFvPvEPFvS3_NS0_6ResultEES3_
                0x000000000800fc24      0x184 ../../libDaisy//build/libdaisy.a(uart.o)
                0x000000000800fc24                daisy::UartHandler::Impl::StartDmaTx(unsigned char*, unsigned int, void (*)(void*), void (*)(void*, daisy::UartHandler::Result), void*)
 .text._ZN5daisy11UartHandler4Impl10StartDmaRxEPhjPFvPvEPFvS3_NS0_6ResultEES3_
                0x000000000800fda8      0x184 ../../libDaisy//build/libdaisy.a(uart.o)
                0x000000000800fda8                daisy::UartHandler::Impl::StartDmaRx(unsigned char*, unsigned int, void (*)(void*), void (*)(void*, daisy::UartHandler::Result), void*)
 .text._ZN5daisy11UartHandler4Impl19DmaTransferFinishedEP20__UART_HandleTypeDefNS0_6ResultE
                0x000000000800ff2c       0xc0 ../../libDaisy//build/libdaisy.a(uart.o)
                0x000000000800ff2c                daisy::UartHandler::Impl::DmaTransferFinished(__UART_HandleTypeDef*, daisy::UartHandler::Result)
 .text._ZN5daisy11UartHandler4Impl8InitPinsEv
                0x000000000800ffec      0x154 ../../libDaisy//build/libdaisy.a(uart.o)
                0x000000000800ffec                daisy::UartHandler::Impl::InitPins()
 .text.HAL_UART_MspInit