Archive member included to satisfy reference by file (symbol)

../../libDaisy//build/libdaisy.a(daisy_patch_sm.o)
                              build/DigitalHeat.o (daisy::patch_sm::DaisyPatchSM::Init())
../../libDaisy//build/libdaisy.a(codec_pcm3060.o)
                              ../../libDaisy//build/libdaisy.a(daisy_patch_sm.o) (daisy::Pcm3060::Init(daisy::I2CHandle))
../../libDaisy//build/libdaisy.a(sdram.o)
                              ../../libDaisy//build/libdaisy.a(daisy_patch_sm.o) (SdramHandle::Init())
../../libDaisy//build/libdaisy.a(audio.o)
                              ../../libDaisy//build/libdaisy.a(daisy_patch_sm.o) (daisy::AudioHandle::Init(daisy::AudioHandle::Config const&, daisy::SaiHandle))
../../libDaisy//build/libdaisy.a(ctrl.o)
                              ../../libDaisy//build/libdaisy.a(daisy_patch_sm.o) (daisy::AnalogControl::Init(unsigned short*, float, bool, bool, float))
../../libDaisy//build/libdaisy.a(gatein.o)
                              ../../libDaisy//build/libdaisy.a(daisy_patch_sm.o) (daisy::GateIn::Init(daisy::Pin, bool))
../../libDaisy//build/libdaisy.a(logger.o)
                              build/DigitalHeat.o (daisy::Logger<(daisy::LoggerDestination)1>::PrintLine(char const*, ...))
../../libDaisy//build/libdaisy.a(switch.o)
                              build/DigitalHeat.o (daisy::Switch::Init(dsy_gpio_pin, float, daisy::Switch::Type, daisy::Switch::Polarity, daisy::Switch::Pull))
../../libDaisy//build/libdaisy.a(usb.o)
                              ../../libDaisy//build/libdaisy.a(logger.o) (daisy::UsbHandle::Init(daisy::UsbHandle::UsbPeriph))
../../libDaisy//build/libdaisy.a(adc.o)
                              ../../libDaisy//build/libdaisy.a(daisy_patch_sm.o) (daisy::AdcChannelConfig::InitSingle(dsy_gpio_pin, daisy::AdcChannelConfig::ConversionSpeed))
../../libDaisy//build/libdaisy.a(dac.o)
                              ../../libDaisy//build/libdaisy.a(daisy_patch_sm.o) (daisy::DacHandle::Init(daisy::DacHandle::Config const&))
../../libDaisy//build/libdaisy.a(gpio.o)
                              ../../libDaisy//build/libdaisy.a(gatein.o) (daisy::GPIO::Init(daisy::Pin, daisy::GPIO::Mode, daisy::GPIO::Pull, daisy::GPIO::Speed))
../../libDaisy//build/libdaisy.a(i2c.o)
                              ../../libDaisy//build/libdaisy.a(daisy_patch_sm.o) (daisy::I2CHandle::Init(daisy::I2CHandle::Config const&))
../../libDaisy//build/libdaisy.a(qspi.o)
                              ../../libDaisy//build/libdaisy.a(daisy_patch_sm.o) (daisy::QSPIHandle::Init(daisy::QSPIHandle::Config const&))
../../libDaisy//build/libdaisy.a(sai.o)
                              ../../libDaisy//build/libdaisy.a(daisy_patch_sm.o) (daisy::SaiHandle::Init(daisy::SaiHandle::Config const&))
../../libDaisy//build/libdaisy.a(system.o)
                              ../../libDaisy//build/libdaisy.a(switch.o) (daisy::System::GetNow())
../../libDaisy//build/libdaisy.a(system_stm32h7xx.o)
                              build/startup_stm32h750xx.o (SystemInit)
../../libDaisy//build/libdaisy.a(usbd_cdc_if.o)
                              ../../libDaisy//build/libdaisy.a(usb.o) (CDC_Transmit_FS)
../../libDaisy//build/libdaisy.a(usbd_conf.o)
                              ../../libDaisy//build/libdaisy.a(system.o) (hpcd_USB_OTG_HS)
../../libDaisy//build/libdaisy.a(usbd_desc.o)
                              ../../libDaisy//build/libdaisy.a(usb.o) (HS_Desc)
../../libDaisy//build/libdaisy.a(usbh_conf.o)
                              ../../libDaisy//build/libdaisy.a(system.o) (hhcd_USB_OTG_HS)
../../libDaisy//build/libdaisy.a(hal_map.o)
                              ../../libDaisy//build/libdaisy.a(gpio.o) (dsy_hal_map_get_port)
../../libDaisy//build/libdaisy.a(stm32h7xx_hal.o)
                              ../../libDaisy//build/libdaisy.a(system.o) (HAL_Init)
../../libDaisy//build/libdaisy.a(stm32h7xx_hal_adc.o)
                              ../../libDaisy//build/libdaisy.a(adc.o) (HAL_ADC_ConfigChannel)
../../libDaisy//build/libdaisy.a(stm32h7xx_hal_adc_ex.o)
                              ../../libDaisy//build/libdaisy.a(adc.o) (HAL_ADCEx_Calibration_Start)
../../libDaisy//build/libdaisy.a(stm32h7xx_hal_cortex.o)
                              ../../libDaisy//build/libdaisy.a(stm32h7xx_hal.o) (HAL_NVIC_SetPriorityGrouping)
../../libDaisy//build/libdaisy.a(stm32h7xx_hal_dac.o)
                              ../../libDaisy//build/libdaisy.a(dac.o) (HAL_DAC_Init)
../../libDaisy//build/libdaisy.a(stm32h7xx_hal_dac_ex.o)
                              ../../libDaisy//build/libdaisy.a(stm32h7xx_hal_dac.o) (HAL_DACEx_DMAUnderrunCallbackCh2)
../../libDaisy//build/libdaisy.a(stm32h7xx_hal_dma.o)
                              ../../libDaisy//build/libdaisy.a(adc.o) (HAL_DMA_Init)
../../libDaisy//build/libdaisy.a(stm32h7xx_hal_gpio.o)
                              ../../libDaisy//build/libdaisy.a(sdram.o) (HAL_GPIO_Init)
../../libDaisy//build/libdaisy.a(stm32h7xx_hal_hcd.o)
[...]
Memory Configuration

Name             Origin             Length             Attributes
FLASH            0x0000000008000000 0x0000000000020000 xr
DTCMRAM          0x0000000020000000 0x0000000000020000 xrw
SRAM             0x0000000024000000 0x0000000000080000 xrw
RAM_D2           0x0000000030000000 0x0000000000048000 xrw
RAM_D3           0x0000000038000000 0x0000000000010000 xrw
BACKUP_SRAM      0x0000000038800000 0x0000000000001000 xrw
ITCMRAM          0x0000000000000000 0x0000000000010000 xrw
SDRAM            0x00000000c0000000 0x0000000004000000 xrw
QSPIFLASH        0x0000000090000000 0x0000000000800000 xr
*default*        0x0000000000000000 0xffffffffffffffff

Linker script and memory map

LOAD /Library/DaisyToolchain/0.2.0/arm/bin/../lib/gcc/arm-none-eabi/10.3.1/thumb/v7e-m+dp/hard/crti.o
LOAD /Library/DaisyToolchain/0.2.0/arm/bin/../lib/gcc/arm-none-eabi/10.3.1/thumb/v7e-m+dp/hard/crtbegin.o
LOAD /Library/DaisyToolchain/0.2.0/arm/bin/../lib/gcc/arm-none-eabi/10.3.1/../../../../arm-none-eabi/lib/thumb/v7e-m+dp/hard/crt0.o
LOAD build/startup_stm32h750xx.o
LOAD build/DigitalHeat.o
LOAD ../../libDaisy//build/libdaisy.a
LOAD /Library/DaisyToolchain/0.2.0/arm/bin/../lib/gcc/arm-none-eabi/10.3.1/../../../../arm-none-eabi/lib/thumb/v7e-m+dp/hard/libnosys.a
LOAD ../../DaisySP//build/libdaisysp.a
LOAD ../../DaisySP//DaisySP-LGPL/build/libdaisysp-lgpl.a
LOAD /Library/DaisyToolchain/0.2.0/arm/bin/../lib/gcc/arm-none-eabi/10.3.1/../../../../arm-none-eabi/lib/thumb/v7e-m+dp/hard/libstdc++_nano.a
LOAD /Library/DaisyToolchain/0.2.0/arm/bin/../lib/gcc/arm-none-eabi/10.3.1/../../../../arm-none-eabi/lib/thumb/v7e-m+dp/hard/libm.a
LOAD /Library/DaisyToolchain/0.2.0/arm/bin/../lib/gcc/arm-none-eabi/10.3.1/../../../../arm-none-eabi/lib/thumb/v7e-m+dp/hard/libc_nano.a
START GROUP
LOAD /Library/DaisyToolchain/0.2.0/arm/bin/../lib/gcc/arm-none-eabi/10.3.1/thumb/v7e-m+dp/hard/libgcc.a
LOAD /Library/DaisyToolchain/0.2.0/arm/bin/../lib/gcc/arm-none-eabi/10.3.1/../../../../arm-none-eabi/lib/thumb/v7e-m+dp/hard/libc_nano.a
END GROUP
START GROUP
LOAD /Library/DaisyToolchain/0.2.0/arm/bin/../lib/gcc/arm-none-eabi/10.3.1/thumb/v7e-m+dp/hard/libgcc.a
LOAD /Library/DaisyToolchain/0.2.0/arm/bin/../lib/gcc/arm-none-eabi/10.3.1/../../../../arm-none-eabi/lib/thumb/v7e-m+dp/hard/libc_nano.a
LOAD /Library/DaisyToolchain/0.2.0/arm/bin/../lib/gcc/arm-none-eabi/10.3.1/../../../../arm-none-eabi/lib/thumb/v7e-m+dp/hard/libnosys.a
END GROUP
START GROUP
LOAD /Library/DaisyToolchain/0.2.0/arm/bin/../lib/gcc/arm-none-eabi/10.3.1/thumb/v7e-m+dp/hard/libgcc.a
LOAD /Library/DaisyToolchain/0.2.0/arm/bin/../lib/gcc/arm-none-eabi/10.3.1/../../../../arm-none-eabi/lib/thumb/v7e-m+dp/hard/libc_nano.a
LOAD /Library/DaisyToolchain/0.2.0/arm/bin/../lib/gcc/arm-none-eabi/10.3.1/../../../../arm-none-eabi/lib/thumb/v7e-m+dp/hard/libnosys.a
END GROUP
LOAD /Library/DaisyToolchain/0.2.0/arm/bin/../lib/gcc/arm-none-eabi/10.3.1/thumb/v7e-m+dp/hard/crtend.o
LOAD /Library/DaisyToolchain/0.2.0/arm/bin/../lib/gcc/arm-none-eabi/10.3.1/thumb/v7e-m+dp/hard/crtn.o
                0x0000000020020000                _estack = 0x20020000

.isr_vector     0x0000000008000000      0x298
                0x0000000008000000                . = ALIGN (0x4)
 *(.isr_vector)
 .isr_vector    0x0000000008000000      0x298 build/startup_stm32h750xx.o
                0x0000000008000000                g_pfnVectors
                0x0000000008000298                . = ALIGN (0x4)

.text           0x00000000080002a0    0x1939c
                0x00000000080002a0                . = ALIGN (0x4)
                0x00000000080002a0                _stext = .
 *(.text)
 .text          0x00000000080002a0       0x40 /Library/DaisyToolchain/0.2.0/arm/bin/../lib/gcc/arm-none-eabi/10.3.1/thumb/v7e-m+dp/hard/crtbegin.o
 .text          0x00000000080002e0       0x10 /Library/DaisyToolchain/0.2.0/arm/bin/../lib/gcc/arm-none-eabi/10.3.1/../../../../arm-none-eabi/lib/thumb/v7e-m+dp/hard/libc_nano.a(lib_a-strlen.o)
                0x00000000080002e0                strlen
 .text          0x00000000080002f0       0xa0 /Library/DaisyToolchain/0.2.0/arm/bin/../lib/gcc/arm-none-eabi/10.3.1/../../../../arm-none-eabi/lib/thumb/v7e-m+dp/hard/libc_nano.a(lib_a-memchr.o)
                0x00000000080002f0                memchr
 .text          0x0000000008000390      0x378 /Library/DaisyToolchain/0.2.0/arm/bin/../lib/gcc/arm-none-eabi/10.3.1/thumb/v7e-m+dp/hard/libgcc.a(_arm_addsubdf3.o)
                0x0000000008000390                __aeabi_drsub
                0x0000000008000398                __subdf3
                0x0000000008000398                __aeabi_dsub
                0x000000000800039c                __aeabi_dadd
                0x000000000800039c                __adddf3
                0x0000000008000614                __aeabi_ui2d
                0x0000000008000614                __floatunsidf
                0x0000000008000634                __floatsidf
                0x0000000008000634                __aeabi_i2d
                0x0000000008000658                __extendsfdf2
                0x0000000008000658                __aeabi_f2d
                0x000000000800069c                __aeabi_ul2d
                0x000000000800069c                __floatundidf
                0x00000000080006ac                __aeabi_l2d
                0x00000000080006ac                __floatdidf
 .text          0x0000000008000708       0x30 /Library/DaisyToolchain/0.2.0/arm/bin/../lib/gcc/arm-none-eabi/10.3.1/thumb/v7e-m+dp/hard/libgcc.a(_aeabi_uldivmod.o)
                0x0000000008000708                __aeabi_uldivmod
 .text          0x0000000008000738      0x2d0 /Library/DaisyToolchain/0.2.0/arm/bin/../lib/gcc/arm-none-eabi/10.3.1/thumb/v7e-m+dp/hard/libgcc.a(_udivmoddi4.o)
                0x0000000008000738                __udivmoddi4
 .text          0x0000000008000a08        0x4 /Library/DaisyToolchain/0.2.0/arm/bin/../lib/gcc/arm-none-eabi/10.3.1/thumb/v7e-m+dp/hard/libgcc.a(_dvmd_tls.o)
                0x0000000008000a08                __aeabi_ldiv0
                0x0000000008000a08                __aeabi_idiv0
 *(.text*)
 .text.Default_Handler
                0x0000000008000a0c        0x4 build/startup_stm32h750xx.o
                0x0000000008000a0c                SAI1_IRQHandler
                0x0000000008000a0c                HASH_RNG_IRQHandler
                0x0000000008000a0c                EXTI2_IRQHandler
                0x0000000008000a0c                TIM8_CC_IRQHandler
                0x0000000008000a0c                HRTIM1_Master_IRQHandler
                0x0000000008000a0c                DebugMon_Handler
                0x0000000008000a0c                TIM1_CC_IRQHandler
                0x0000000008000a0c                BDMA_Channel6_IRQHandler
                0x0000000008000a0c                DMA2_Stream5_IRQHandler
                0x0000000008000a0c                HRTIM1_FLT_IRQHandler
                0x0000000008000a0c                JPEG_IRQHandler
                0x0000000008000a0c                BDMA_Channel1_IRQHandler
                0x0000000008000a0c                HRTIM1_TIMD_IRQHandler
                0x0000000008000a0c                TAMP_STAMP_IRQHandler
                0x0000000008000a0c                PendSV_Handler
                0x0000000008000a0c                NMI_Handler
                0x0000000008000a0c                EXTI3_IRQHandler
                0x0000000008000a0c                LPTIM4_IRQHandler
                0x0000000008000a0c                TIM8_TRG_COM_TIM14_IRQHandler
                0x0000000008000a0c                LPTIM2_IRQHandler
                0x0000000008000a0c                DFSDM1_FLT1_IRQHandler
                0x0000000008000a0c                DMAMUX2_OVR_IRQHandler
                0x0000000008000a0c                TIM8_UP_TIM13_IRQHandler
                0x0000000008000a0c                I2C3_ER_IRQHandler
                0x0000000008000a0c                DFSDM1_FLT2_IRQHandler
                0x0000000008000a0c                MDMA_IRQHandler
                0x0000000008000a0c                LPTIM3_IRQHandler
                0x0000000008000a0c                HSEM1_IRQHandler
                0x0000000008000a0c                EXTI0_IRQHandler
                0x0000000008000a0c                FPU_IRQHandler
                0x0000000008000a0c                OTG_HS_WKUP_IRQHandler
                0x0000000008000a0c                FDCAN1_IT1_IRQHandler
                0x0000000008000a0c                UsageFault_Handler
                0x0000000008000a0c                LTDC_ER_IRQHandler
                0x0000000008000a0c                HRTIM1_TIME_IRQHandler
                0x0000000008000a0c                DCMI_IRQHandler
                0x0000000008000a0c                HRTIM1_TIMC_IRQHandler
                0x0000000008000a0c                SAI2_IRQHandler
                0x0000000008000a0c                DFSDM1_FLT3_IRQHandler
                0x0000000008000a0c                TIM17_IRQHandler
                0x0000000008000a0c                CRYP_IRQHandler
                0x0000000008000a0c                BDMA_Channel7_IRQHandler
                0x0000000008000a0c                LPTIM5_IRQHandler
                0x0000000008000a0c                ADC3_IRQHandler
                0x0000000008000a0c                BDMA_Channel2_IRQHandler
                0x0000000008000a0c                DMAMUX1_OVR_IRQHandler
                0x0000000008000a0c                TIM16_IRQHandler
                0x0000000008000a0c                BDMA_Channel5_IRQHandler
                0x0000000008000a0c                RCC_IRQHandler
                0x0000000008000a0c                TIM8_BRK_TIM12_IRQHandler
                0x0000000008000a0c                TIM1_TRG_COM_IRQHandler
                0x0000000008000a0c                Default_Handler
                0x0000000008000a0c                ECC_IRQHandler
                0x0000000008000a0c                CEC_IRQHandler
                0x0000000008000a0c                EXTI15_10_IRQHandler
                0x0000000008000a0c                BDMA_Channel0_IRQHandler
                0x0000000008000a0c                ADC_IRQHandler
                0x0000000008000a0c                DMA1_Stream7_IRQHandler
                0x0000000008000a0c                HRTIM1_TIMA_IRQHandler
                0x0000000008000a0c                TIM7_IRQHandler
                0x0000000008000a0c                SDMMC1_IRQHandler
                0x0000000008000a0c                DMA2_Stream7_IRQHandler
                0x0000000008000a0c                TIM15_IRQHandler
                0x0000000008000a0c                PVD_AVD_IRQHandler
                0x0000000008000a0c                EXTI9_5_IRQHandler
                0x0000000008000a0c                RTC_WKUP_IRQHandler
                0x0000000008000a0c                LTDC_IRQHandler
                0x0000000008000a0c                SAI3_IRQHandler
                0x0000000008000a0c                ETH_WKUP_IRQHandler
                0x0000000008000a0c                SPDIF_RX_IRQHandler
                0x0000000008000a0c                MemManage_Handler
                0x0000000008000a0c                SVC_Handler
                0x0000000008000a0c                CRS_IRQHandler
                0x0000000008000a0c                EXTI4_IRQHandler
                0x0000000008000a0c                HRTIM1_TIMB_IRQHandler
                0x0000000008000a0c                FDCAN2_IT1_IRQHandler
                0x0000000008000a0c                ETH_IRQHandler
                0x0000000008000a0c                TIM1_UP_IRQHandler
                0x0000000008000a0c                BDMA_Channel4_IRQHandler
                0x0000000008000a0c                WWDG_IRQHandler
                0x0000000008000a0c                SPI6_IRQHandler
                0x0000000008000a0c                I2C4_EV_IRQHandler
                0x0000000008000a0c                MDIOS_IRQHandler
                0x0000000008000a0c                FDCAN2_IT0_IRQHandler
                0x0000000008000a0c                FDCAN1_IT0_IRQHandler
                0x0000000008000a0c                OTG_FS_WKUP_IRQHandler
                0x0000000008000a0c                DMA2D_IRQHandler
                0x0000000008000a0c                TIM1_BRK_IRQHandler
                0x0000000008000a0c                EXTI1_IRQHandler
                0x0000000008000a0c                SDMMC2_IRQHandler
                0x0000000008000a0c                BDMA_Channel3_IRQHandler
                0x0000000008000a0c                MDIOS_WKUP_IRQHandler
                0x0000000008000a0c                DFSDM1_FLT0_IRQHandler
                0x0000000008000a0c                SAI4_IRQHandler
                0x0000000008000a0c                I2C2_ER_IRQHandler
                0x0000000008000a0c                FLASH_IRQHandler
                0x0000000008000a0c                BusFault_Handler
                0x0000000008000a0c                WAKEUP_PIN_IRQHandler
                0x0000000008000a0c                I2C1_ER_IRQHandler
                0x0000000008000a0c                FMC_IRQHandler
                0x0000000008000a0c                FDCAN_CAL_IRQHandler
                0x0000000008000a0c                SWPMI1_IRQHandler
                0x0000000008000a0c                COMP1_IRQHandler
                0x0000000008000a0c                LPTIM1_IRQHandler
                0x0000000008000a0c                I2C4_ER_IRQHandler
                0x0000000008000a0c                DMA2_Stream6_IRQHandler
                0x0000000008000a0c                RTC_Alarm_IRQHandler
 .text.Reset_Handler
                0x0000000008000a10       0x44 build/startup_stm32h750xx.o
                0x0000000008000a10                Reset_Handler
 .text._ZN7daisysp3SvfD2Ev
                0x0000000008000a54        0x4 build/DigitalHeat.o
                0x0000000008000a54                daisysp::Svf::~Svf()
                0x0000000008000a54                daisysp::Svf::~Svf()
 .text._ZN5daisy8patch_sm12DaisyPatchSMD2Ev
                0x0000000008000a58        0x4 build/DigitalHeat.o
                0x0000000008000a58                daisy::patch_sm::DaisyPatchSM::~DaisyPatchSM()
                0x0000000008000a58                daisy::patch_sm::DaisyPatchSM::~DaisyPatchSM()
 .text._ZN13sudwalfulkaan9UIManagerD2Ev
                0x0000000008000a5c        0x4 build/DigitalHeat.o
                0x0000000008000a5c                sudwalfulkaan::UIManager::~UIManager()
                0x0000000008000a5c                sudwalfulkaan::UIManager::~UIManager()
 .text._ZN13sudwalfulkaan14StereoReverbScD2Ev
                0x0000000008000a60        0x4 build/DigitalHeat.o
                0x0000000008000a60                sudwalfulkaan::StereoReverbSc::~StereoReverbSc()
                0x0000000008000a60                sudwalfulkaan::StereoReverbSc::~StereoReverbSc()
 .text._ZN13sudwalfulkaan12StereoPhaserD2Ev
                0x0000000008000a64        0x4 build/DigitalHeat.o
                0x0000000008000a64                sudwalfulkaan::StereoPhaser::~StereoPhaser()
                0x0000000008000a64                sudwalfulkaan::StereoPhaser::~StereoPhaser()
 .text._Z15OnToggleChangedb
                0x0000000008000a68       0x20 build/DigitalHeat.o
                0x0000000008000a68                OnToggleChanged(bool)
 .text._Z15OnButtonPressedv
                0x0000000008000a88       0x30 build/DigitalHeat.o
                0x0000000008000a88                OnButtonPressed()
 .text._ZN13sudwalfulkaan10Saturation15ApplySaturationEf
                0x0000000008000ab8      0x104 build/DigitalHeat.o
                0x0000000008000ab8                sudwalfulkaan::Saturation::ApplySaturation(float)
 .text._ZN13sudwalfulkaan9UIManager4InitEPKNS_9PotConfigE
                0x0000000008000bbc       0x9c build/DigitalHeat.o
                0x0000000008000bbc                sudwalfulkaan::UIManager::Init(sudwalfulkaan::PotConfig const*)
 .text._ZN13sudwalfulkaan9UIManager6UpdateEv
                0x0000000008000c58       0x50 build/DigitalHeat.o
                0x0000000008000c58                sudwalfulkaan::UIManager::Update()
 .text._ZNK13sudwalfulkaan9UIManager12ApplyMappingEif
                0x0000000008000ca8       0x8c build/DigitalHeat.o
                0x0000000008000ca8                sudwalfulkaan::UIManager::ApplyMapping(int, float) const
 *fill*         0x0000000008000d34        0x4 
 .text._ZN13sudwalfulkaan9SwfBiquad16CalcCoefficientsEv
                0x0000000008000d38      0x328 build/DigitalHeat.o
                0x0000000008000d38                sudwalfulkaan::SwfBiquad::CalcCoefficients()
 .text._Z12OnPotChangedif
                0x0000000008001060      0x188 build/DigitalHeat.o
                0x0000000008001060                OnPotChanged(int, float)
 .text._ZN13sudwalfulkaan12StereoPhaser4InitEf
                0x00000000080011e8      0x108 build/DigitalHeat.o
                0x00000000080011e8                sudwalfulkaan::StereoPhaser::Init(float)
 .text._ZN13sudwalfulkaan12StereoPhaser7SetFreqEf
                0x00000000080012f0       0x38 build/DigitalHeat.o
                0x00000000080012f0                sudwalfulkaan::StereoPhaser::SetFreq(float)
 .text._ZN13sudwalfulkaan12StereoPhaser11ProcessLeftEf
                0x0000000008001328       0xb4 build/DigitalHeat.o
                0x0000000008001328                sudwalfulkaan::StereoPhaser::ProcessLeft(float)
 .text._ZN13sudwalfulkaan12StereoPhaser12ProcessRightEf
                0x00000000080013dc       0xb4 build/DigitalHeat.o
                0x00000000080013dc                sudwalfulkaan::StereoPhaser::ProcessRight(float)
 .text._Z13AudioCallbackPKPKfPPfj
                0x0000000008001490      0x208 build/DigitalHeat.o
                0x0000000008001490                AudioCallback(float const* const*, float**, unsigned int)
 .text._Z12UpdateValuesv
                0x0000000008001698       0x90 build/DigitalHeat.o
                0x0000000008001698                UpdateValues()
 .text.startup.main
                0x0000000008001728      0x23c build/DigitalHeat.o
                0x0000000008001728                main
 .text.startup._GLOBAL__sub_I__ZN13sudwalfulkaan22LinkwitzRileyCrossover4InitEff
                0x0000000008001964       0xfc build/DigitalHeat.o
 .text._ZN5daisy8patch_sm12DaisyPatchSM4Impl19InternalDacCallbackEPPtj
                0x0000000008001a60       0xa8 ../../libDaisy//build/libdaisy.a(daisy_patch_sm.o)
                0x0000000008001a60                daisy::patch_sm::DaisyPatchSM::Impl::InternalDacCallback(unsigned short**, unsigned int)
 .text._ZN5daisy8patch_sm12DaisyPatchSM4InitEv
                0x0000000008001b08      0x29c ../../libDaisy//build/libdaisy.a(daisy_patch_sm.o)
                0x0000000008001b08                daisy::patch_sm::DaisyPatchSM::Init()
 .text._ZN5daisy8patch_sm12DaisyPatchSM10StartAudioEPFvPKPKfPPfjE
                0x0000000008001da4        0x8 ../../libDaisy//build/libdaisy.a(daisy_patch_sm.o)
                0x0000000008001da4                daisy::patch_sm::DaisyPatchSM::StartAudio(void (*)(float const* const*, float**, unsigned int))
 .text._ZN5daisy8patch_sm12DaisyPatchSM17SetAudioBlockSizeEj
                0x0000000008001dac       0x54 ../../libDaisy//build/libdaisy.a(daisy_patch_sm.o)
                0x0000000008001dac                daisy::patch_sm::DaisyPatchSM::SetAudioBlockSize(unsigned int)
 .text._ZN5daisy8patch_sm12DaisyPatchSM18SetAudioSampleRateENS_9SaiHandle6Config10SampleRateE
                0x0000000008001e00       0x54 ../../libDaisy//build/libdaisy.a(daisy_patch_sm.o)
                0x0000000008001e00                daisy::patch_sm::DaisyPatchSM::SetAudioSampleRate(daisy::SaiHandle::Config::SampleRate)
 .text._ZN5daisy8patch_sm12DaisyPatchSM8StartAdcEv
                0x0000000008001e54        0x8 ../../libDaisy//build/libdaisy.a(daisy_patch_sm.o)
                0x0000000008001e54                daisy::patch_sm::DaisyPatchSM::StartAdc()
 .text._ZN5daisy8patch_sm12DaisyPatchSM21ProcessAnalogControlsEv
                0x0000000008001e5c       0x18 ../../libDaisy//build/libdaisy.a(daisy_patch_sm.o)
                0x0000000008001e5c                daisy::patch_sm::DaisyPatchSM::ProcessAnalogControls()
 .text._ZN5daisy8patch_sm12DaisyPatchSM22ProcessDigitalControlsEv
                0x0000000008001e74        0x4 ../../libDaisy//build/libdaisy.a(daisy_patch_sm.o)
                0x0000000008001e74                daisy::patch_sm::DaisyPatchSM::ProcessDigitalControls()
 .text._ZN5daisy8patch_sm12DaisyPatchSM11GetAdcValueEi
                0x0000000008001e78        0xc ../../libDaisy//build/libdaisy.a(daisy_patch_sm.o)
                0x0000000008001e78                daisy::patch_sm::DaisyPatchSM::GetAdcValue(int)
 .text.startup._GLOBAL__sub_I__ZN5daisy8patch_sm12DaisyPatchSM2A1E
                0x0000000008001e84       0x28 ../../libDaisy//build/libdaisy.a(daisy_patch_sm.o)
 .text._ZN5daisy7Pcm30604InitENS_9I2CHandleE
                0x0000000008001eac      0x16c ../../libDaisy//build/libdaisy.a(codec_pcm3060.o)
                0x0000000008001eac                daisy::Pcm3060::Init(daisy::I2CHandle)
 .text._ZN11SdramHandle10DeviceInitEv
                0x0000000008002018       0x98 ../../libDaisy//build/libdaisy.a(sdram.o)
                0x0000000008002018                SdramHandle::DeviceInit()
 .text._ZN11SdramHandle4InitEv
                0x00000000080020b0       0x7c ../../libDaisy//build/libdaisy.a(sdram.o)
                0x00000000080020b0                SdramHandle::Init()
 .text.HAL_SDRAM_MspInit
                0x000000000800212c      0x1a8 ../../libDaisy//build/libdaisy.a(sdram.o)
                0x000000000800212c                HAL_SDRAM_MspInit
 .text._ZN5daisy11AudioHandle4Impl16InternalCallbackEPlS2_j
                0x00000000080022d4      0xbbc ../../libDaisy//build/libdaisy.a(audio.o)
                0x00000000080022d4                daisy::AudioHandle::Impl::InternalCallback(long*, long*, unsigned int)
 .text._ZN5daisy11AudioHandle4InitERKNS0_6ConfigENS_9SaiHandleE
                0x0000000008002e90       0x70 ../../libDaisy//build/libdaisy.a(audio.o)
                0x0000000008002e90                daisy::AudioHandle::Init(daisy::AudioHandle::Config const&, daisy::SaiHandle)
 .text._ZNK5daisy11AudioHandle9GetConfigEv
                0x0000000008002f00        0x8 ../../libDaisy//build/libdaisy.a(audio.o)
                0x0000000008002f00                daisy::AudioHandle::GetConfig() const
 .text._ZN5daisy11AudioHandle12SetBlockSizeEj
                0x0000000008002f08       0x1c ../../libDaisy//build/libdaisy.a(audio.o)
                0x0000000008002f08                daisy::AudioHandle::SetBlockSize(unsigned int)
 .text._ZN5daisy11AudioHandle13GetSampleRateEv
                0x0000000008002f24        0x8 ../../libDaisy//build/libdaisy.a(audio.o)
                0x0000000008002f24                daisy::AudioHandle::GetSampleRate()
 .text._ZN5daisy11AudioHandle13SetSampleRateENS_9SaiHandle6Config10SampleRateE
                0x0000000008002f2c       0x88 ../../libDaisy//build/libdaisy.a(audio.o)
                0x0000000008002f2c                daisy::AudioHandle::SetSampleRate(daisy::SaiHandle::Config::SampleRate)
 .text._ZN5daisy11AudioHandle5StartEPFvPKPKfPPfjE
                0x0000000008002fb4       0x44 ../../libDaisy//build/libdaisy.a(audio.o)
                0x0000000008002fb4                daisy::AudioHandle::Start(void (*)(float const* const*, float**, unsigned int))
 .text.startup._GLOBAL__sub_I__ZN5daisy11AudioHandle4Impl4InitENS0_6ConfigENS_9SaiHandleE
                0x0000000008002ff8       0x24 ../../libDaisy//build/libdaisy.a(audio.o)
 .text._ZN5daisy13AnalogControl4InitEPtfbbf
                0x000000000800301c       0x64 ../../libDaisy//build/libdaisy.a(ctrl.o)
                0x000000000800301c                daisy::AnalogControl::Init(unsigned short*, float, bool, bool, float)
 .text._ZN5daisy13AnalogControl13InitBipolarCvEPtf
                0x0000000008003080       0x6c ../../libDaisy//build/libdaisy.a(ctrl.o)
                0x0000000008003080                daisy::AnalogControl::InitBipolarCv(unsigned short*, float)
 .text._ZN5daisy13AnalogControl7ProcessEv
                0x00000000080030ec       0x48 ../../libDaisy//build/libdaisy.a(ctrl.o)
                0x00000000080030ec                daisy::AnalogControl::Process()
 .text._ZN5daisy13AnalogControl13SetSampleRateEf
                0x0000000008003134       0x58 ../../libDaisy//build/libdaisy.a(ctrl.o)
                0x0000000008003134                daisy::AnalogControl::SetSampleRate(float)
 .text._ZN5daisy6GateIn4InitENS_3PinEb
                0x000000000800318c       0x24 ../../libDaisy//build/libdaisy.a(gatein.o)
                0x000000000800318c                daisy::GateIn::Init(daisy::Pin, bool)
 .text._ZN5daisy9UsbHandleD2Ev
                0x00000000080031b0        0x4 ../../libDaisy//build/libdaisy.a(logger.o)
                0x00000000080031b0                daisy::UsbHandle::~UsbHandle()
                0x00000000080031b0                daisy::UsbHandle::~UsbHandle()
 .text._ZN5daisy6LoggerILNS_17LoggerDestinationE1EE11TransmitBufEv
                0x00000000080031b4       0x60 ../../libDaisy//build/libdaisy.a(logger.o)
                0x00000000080031b4                daisy::Logger<(daisy::LoggerDestination)1>::TransmitBuf()
 .text._ZN5daisy6LoggerILNS_17LoggerDestinationE1EE13AppendNewLineEv
                0x0000000008003214       0x60 ../../libDaisy//build/libdaisy.a(logger.o)
                0x0000000008003214                daisy::Logger<(daisy::LoggerDestination)1>::AppendNewLine()
 .text._ZN5daisy6LoggerILNS_17LoggerDestinationE1EE10PrintLineVEPKcSt9__va_list
                0x0000000008003274       0x30 ../../libDaisy//build/libdaisy.a(logger.o)
                0x0000000008003274                daisy::Logger<(daisy::LoggerDestination)1>::PrintLineV(char const*, std::__va_list)
 .text._ZN5daisy6LoggerILNS_17LoggerDestinationE1EE9PrintLineEPKcz
                0x00000000080032a4       0x1c ../../libDaisy//build/libdaisy.a(logger.o)
                0x00000000080032a4                daisy::Logger<(daisy::LoggerDestination)1>::PrintLine(char const*, ...)
 .text._ZN5daisy6LoggerILNS_17LoggerDestinationE1EE8StartLogEb
                0x00000000080032c0       0x40 ../../libDaisy//build/libdaisy.a(logger.o)
                0x00000000080032c0                daisy::Logger<(daisy::LoggerDestination)1>::StartLog(bool)
 .text.startup._GLOBAL__sub_I__ZN5daisy10LoggerImplILNS_17LoggerDestinationE1EE11usb_handle_E
                0x0000000008003300       0x2c ../../libDaisy//build/libdaisy.a(logger.o)
 .text._ZN5daisy6Switch4InitE12dsy_gpio_pinfNS0_4TypeENS0_8PolarityENS0_4PullE
                0x000000000800332c       0x6c ../../libDaisy//build/libdaisy.a(switch.o)
                0x000000000800332c                daisy::Switch::Init(dsy_gpio_pin, float, daisy::Switch::Type, daisy::Switch::Polarity, daisy::Switch::Pull)
 .text._ZN5daisy6Switch8DebounceEv
                0x0000000008003398       0x5c ../../libDaisy//build/libdaisy.a(switch.o)
                0x0000000008003398                daisy::Switch::Debounce()
 .text.DummyRxCallback
                0x00000000080033f4        0x4 ../../libDaisy//build/libdaisy.a(usb.o)
                0x00000000080033f4                DummyRxCallback
 .text._ZN5daisy9UsbHandle4InitENS0_9UsbPeriphE
                0x00000000080033f8      0x10c ../../libDaisy//build/libdaisy.a(usb.o)
                0x00000000080033f8                daisy::UsbHandle::Init(daisy::UsbHandle::UsbPeriph)
 .text._ZN5daisy9UsbHandle16TransmitInternalEPhj
                0x0000000008003504       0x14 ../../libDaisy//build/libdaisy.a(usb.o)
                0x0000000008003504                daisy::UsbHandle::TransmitInternal(unsigned char*, unsigned int)
 .text.OTG_FS_EP1_OUT_IRQHandler
                0x0000000008003518        0xc ../../libDaisy//build/libdaisy.a(usb.o)
                0x0000000008003518                OTG_FS_EP1_OUT_IRQHandler
 .text.OTG_FS_EP1_IN_IRQHandler
                0x0000000008003524        0xc ../../libDaisy//build/libdaisy.a(usb.o)
                0x0000000008003524                OTG_FS_EP1_IN_IRQHandler
 .text.OTG_FS_IRQHandler
                0x0000000008003530        0xc ../../libDaisy//build/libdaisy.a(usb.o)
                0x0000000008003530                OTG_FS_IRQHandler
 .text._ZN5daisy16AdcChannelConfig10InitSingleE12dsy_gpio_pinNS0_15ConversionSpeedE
                0x000000000800353c       0x28 ../../libDaisy//build/libdaisy.a(adc.o)
                0x000000000800353c                daisy::AdcChannelConfig::InitSingle(dsy_gpio_pin, daisy::AdcChannelConfig::ConversionSpeed)
 .text._ZN5daisy9AdcHandle4InitEPNS_16AdcChannelConfigEjNS0_12OverSamplingE
                0x0000000008003564      0x41c ../../libDaisy//build/libdaisy.a(adc.o)
                0x0000000008003564                daisy::AdcHandle::Init(daisy::AdcChannelConfig*, unsigned int, daisy::AdcHandle::OverSampling)
 .text._ZN5daisy9AdcHandle5StartEv
                0x0000000008003980       0x2c ../../libDaisy//build/libdaisy.a(adc.o)
                0x0000000008003980                daisy::AdcHandle::Start()
 .text._ZNK5daisy9AdcHandle6GetPtrEh
                0x00000000080039ac       0x14 ../../libDaisy//build/libdaisy.a(adc.o)
                0x00000000080039ac                daisy::AdcHandle::GetPtr(unsigned char) const
 .text.HAL_ADC_MspInit
                0x00000000080039c0       0x98 ../../libDaisy//build/libdaisy.a(adc.o)
                0x00000000080039c0                HAL_ADC_MspInit
 .text.DMA1_Stream2_IRQHandler
                0x0000000008003a58        0xc ../../libDaisy//build/libdaisy.a(adc.o)
                0x0000000008003a58                DMA1_Stream2_IRQHandler
 .text.HAL_ADC_ConvCpltCallback
                0x0000000008003a64      0x148 ../../libDaisy//build/libdaisy.a(adc.o)
                0x0000000008003a64                HAL_ADC_ConvCpltCallback
 .text.HAL_ADC_ErrorCallback
                0x0000000008003bac        0x4 ../../libDaisy//build/libdaisy.a(adc.o)
                0x0000000008003bac                HAL_ADC_ErrorCallback
 .text.HAL_DAC_MspInit
                0x0000000008003bb0      0x15c ../../libDaisy//build/libdaisy.a(dac.o)
                0x0000000008003bb0                HAL_DAC_MspInit
 .text.DMA2_Stream0_IRQHandler
                0x0000000008003d0c        0xc ../../libDaisy//build/libdaisy.a(dac.o)
                0x0000000008003d0c                DMA2_Stream0_IRQHandler
 .text.DMA2_Stream1_IRQHandler
                0x0000000008003d18        0xc ../../libDaisy//build/libdaisy.a(dac.o)
                0x0000000008003d18                DMA2_Stream1_IRQHandler
 .text.TIM6_DAC_IRQHandler
                0x0000000008003d24       0x1c ../../libDaisy//build/libdaisy.a(dac.o)
                0x0000000008003d24                TIM6_DAC_IRQHandler
 .text.HAL_DAC_ConvCpltCallbackCh1
                0x0000000008003d40       0x60 ../../libDaisy//build/libdaisy.a(dac.o)
                0x0000000008003d40                HAL_DAC_ConvCpltCallbackCh1
 .text.HAL_DAC_ConvHalfCpltCallbackCh1
                0x0000000008003da0       0x54 ../../libDaisy//build/libdaisy.a(dac.o)
                0x0000000008003da0                HAL_DAC_ConvHalfCpltCallbackCh1
 .text.HAL_DACEx_ConvHalfCpltCallbackCh2
                0x0000000008003df4       0x2c ../../libDaisy//build/libdaisy.a(dac.o)
                0x0000000008003df4                HAL_DACEx_ConvHalfCpltCallbackCh2
 .text.HAL_DACEx_ConvCpltCallbackCh2
                0x0000000008003e20       0x34 ../../libDaisy//build/libdaisy.a(dac.o)
                0x0000000008003e20                HAL_DACEx_ConvCpltCallbackCh2
 .text._ZN5daisy9DacHandle4InitERKNS0_6ConfigE
                0x0000000008003e54       0xfc ../../libDaisy//build/libdaisy.a(dac.o)
                0x0000000008003e54                daisy::DacHandle::Init(daisy::DacHandle::Config const&)
 .text._ZN5daisy9DacHandle5StartEPtS1_jPFvPS1_jE
                0x0000000008003f50       0x6c ../../libDaisy//build/libdaisy.a(dac.o)
                0x0000000008003f50                daisy::DacHandle::Start(unsigned short*, unsigned short*, unsigned int, void (*)(unsigned short**, unsigned int))
 .text._ZN5daisy9DacHandle4StopEv
                0x0000000008003fbc       0x40 ../../libDaisy//build/libdaisy.a(dac.o)
                0x0000000008003fbc                daisy::DacHandle::Stop()
 .text._ZN5daisy4GPIO4InitENS_3PinENS0_4ModeENS0_4PullENS0_5SpeedE
                0x0000000008003ffc      0x1cc ../../libDaisy//build/libdaisy.a(gpio.o)
                0x0000000008003ffc                daisy::GPIO::Init(daisy::Pin, daisy::GPIO::Mode, daisy::GPIO::Pull, daisy::GPIO::Speed)
 .text.dsy_gpio_init
                0x00000000080041c8      0x1b8 ../../libDaisy//build/libdaisy.a(gpio.o)
                0x00000000080041c8                dsy_gpio_init
 .text.dsy_gpio_read
                0x0000000008004380       0x1c ../../libDaisy//build/libdaisy.a(gpio.o)
                0x0000000008004380                dsy_gpio_read
 .text.dsy_gpio_write
                0x000000000800439c       0x24 ../../libDaisy//build/libdaisy.a(gpio.o)
                0x000000000800439c                dsy_gpio_write
 .text._ZN5daisy9I2CHandle4Impl8InitPinsEv
                0x00000000080043c0       0x58 ../../libDaisy//build/libdaisy.a(i2c.o)
                0x00000000080043c0                daisy::I2CHandle::Impl::InitPins()
 .text.HAL_I2C_MspInit
                0x0000000008004418      0x1b4 ../../libDaisy//build/libdaisy.a(i2c.o)
                0x0000000008004418                HAL_I2C_MspInit
 .text.dsy_i2c_global_init
                0x00000000080045cc       0x78 ../../libDaisy//build/libdaisy.a(i2c.o)
                0x00000000080045cc                dsy_i2c_global_init
 .text.DMA1_Stream6_IRQHandler
                0x0000000008004644       0x34 ../../libDaisy//build/libdaisy.a(i2c.o)
                0x0000000008004644                DMA1_Stream6_IRQHandler
 .text.I2C1_EV_IRQHandler
                0x0000000008004678        0xc ../../libDaisy//build/libdaisy.a(i2c.o)
                0x0000000008004678                I2C1_EV_IRQHandler
 .text.I2C2_EV_IRQHandler
                0x0000000008004684        0xc ../../libDaisy//build/libdaisy.a(i2c.o)
                0x0000000008004684                I2C2_EV_IRQHandler
 .text.I2C3_EV_IRQHandler
                0x0000000008004690        0xc ../../libDaisy//build/libdaisy.a(i2c.o)
                0x0000000008004690                I2C3_EV_IRQHandler
 .text._ZN5daisy9I2CHandle4InitERKNS0_6ConfigE
                0x000000000800469c      0x12c ../../libDaisy//build/libdaisy.a(i2c.o)
                0x000000000800469c                daisy::I2CHandle::Init(daisy::I2CHandle::Config const&)
 .text._ZN5daisy9I2CHandle17ReadDataAtAddressEtttPhtm
                0x00000000080047c8       0x4c ../../libDaisy//build/libdaisy.a(i2c.o)
                0x00000000080047c8                daisy::I2CHandle::ReadDataAtAddress(unsigned short, unsigned short, unsigned short, unsigned char*, unsigned short, unsigned long)
 .text._ZN5daisy9I2CHandle18WriteDataAtAddressEtttPhtm
                0x0000000008004814       0x4c ../../libDaisy//build/libdaisy.a(i2c.o)
                0x0000000008004814                daisy::I2CHandle::WriteDataAtAddress(unsigned short, unsigned short, unsigned short, unsigned char*, unsigned short, unsigned long)
 .text.startup._GLOBAL__sub_I__ZN5daisy9I2CHandle4Impl10GlobalInitEv
                0x0000000008004860       0x18 ../../libDaisy//build/libdaisy.a(i2c.o)
 .text._ZN5daisy10QSPIHandle4Impl11WriteEnableEv
                0x0000000008004878       0x8c ../../libDaisy//build/libdaisy.a(qspi.o)
                0x0000000008004878                daisy::QSPIHandle::Impl::WriteEnable()
 *fill*         0x0000000008004904        0x4 
 .text._ZN5daisy10QSPIHandle4Impl17DummyCyclesConfigENS0_6Config6DeviceE
                0x0000000008004908      0x118 ../../libDaisy//build/libdaisy.a(qspi.o)
                0x0000000008004908                daisy::QSPIHandle::Impl::DummyCyclesConfig(daisy::QSPIHandle::Config::Device)
 .text._ZN5daisy10QSPIHandle4Impl10QuadEnableEv
                0x0000000008004a20      0x158 ../../libDaisy//build/libdaisy.a(qspi.o)
                0x0000000008004a20                daisy::QSPIHandle::Impl::QuadEnable()
 .text._ZN5daisy10QSPIHandle4InitERKNS0_6ConfigE
                0x0000000008004b78      0x198 ../../libDaisy//build/libdaisy.a(qspi.o)
                0x0000000008004b78                daisy::QSPIHandle::Init(daisy::QSPIHandle::Config const&)
 .text.HAL_QSPI_MspInit
                0x0000000008004d10      0x11c ../../libDaisy//build/libdaisy.a(qspi.o)
                0x0000000008004d10                HAL_QSPI_MspInit
 .text.HAL_QSPI_MspDeInit
                0x0000000008004e2c       0x54 ../../libDaisy//build/libdaisy.a(qspi.o)
                0x0000000008004e2c                HAL_QSPI_MspDeInit
 .text.QUADSPI_IRQHandler
                0x0000000008004e80        0xc ../../libDaisy//build/libdaisy.a(qspi.o)
                0x0000000008004e80                QUADSPI_IRQHandler
 .text.startup._GLOBAL__sub_I__ZN5daisy10QSPIHandle4Impl4InitERKNS0_6ConfigE
                0x0000000008004e8c       0x28 ../../libDaisy//build/libdaisy.a(qspi.o)
 .text._ZN5daisy9SaiHandle4Impl7InitDmaENS1_15PeripheralBlockE
                0x0000000008004eb4       0xa0 ../../libDaisy//build/libdaisy.a(sai.o)
                0x0000000008004eb4                daisy::SaiHandle::Impl::InitDma(daisy::SaiHandle::Impl::PeripheralBlock)
 .text._ZN5daisy9SaiHandle4Impl8InitPinsEv
                0x0000000008004f54       0xa8 ../../libDaisy//build/libdaisy.a(sai.o)
                0x0000000008004f54                daisy::SaiHandle::Impl::InitPins()
 .text.HAL_SAI_MspInit
                0x0000000008004ffc      0x164 ../../libDaisy//build/libdaisy.a(sai.o)
                0x0000000008004ffc                HAL_SAI_MspInit
 .text.DMA1_Stream0_IRQHandler
                0x0000000008005160        0xc ../../libDaisy//build/libdaisy.a(sai.o)
                0x0000000008005160                DMA1_Stream0_IRQHandler
 .text.DMA1_Stream1_IRQHandler
                0x000000000800516c        0xc ../../libDaisy//build/libdaisy.a(sai.o)
                0x000000000800516c                DMA1_Stream1_IRQHandler
 .text.DMA1_Stream3_IRQHandler
                0x0000000008005178        0xc ../../libDaisy//build/libdaisy.a(sai.o)
                0x0000000008005178                DMA1_Stream3_IRQHandler
 .text.DMA1_Stream4_IRQHandler
                0x0000000008005184        0xc ../../libDaisy//build/libdaisy.a(sai.o)
                0x0000000008005184                DMA1_Stream4_IRQHandler
 .text.HAL_SAI_RxHalfCpltCallback
                0x0000000008005190       0x78 ../../libDaisy//build/libdaisy.a(sai.o)
                0x0000000008005190                HAL_SAI_RxHalfCpltCallback
 .text.HAL_SAI_RxCpltCallback
                0x0000000008005208       0x70 ../../libDaisy//build/libdaisy.a(sai.o)
                0x0000000008005208                HAL_SAI_RxCpltCallback
 .text._ZN5daisy9SaiHandle4InitERKNS0_6ConfigE
                0x0000000008005278      0x1f0 ../../libDaisy//build/libdaisy.a(sai.o)
                0x0000000008005278                daisy::SaiHandle::Init(daisy::SaiHandle::Config const&)
 .text._ZNK5daisy9SaiHandle9GetConfigEv
                0x0000000008005468        0x4 ../../libDaisy//build/libdaisy.a(sai.o)
                0x0000000008005468                daisy::SaiHandle::GetConfig() const
 .text._ZN5daisy9SaiHandle8StartDmaEPlS1_jPFvS1_S1_jE
                0x000000000800546c       0xbc ../../libDaisy//build/libdaisy.a(sai.o)
                0x000000000800546c                daisy::SaiHandle::StartDma(long*, long*, unsigned int, void (*)(long*, long*, unsigned int))
 .text._ZN5daisy9SaiHandle13GetSampleRateEv
                0x0000000008005528       0x24 ../../libDaisy//build/libdaisy.a(sai.o)
                0x0000000008005528                daisy::SaiHandle::GetSampleRate()
 .text._ZNK5daisy9SaiHandle9GetOffsetEv
                0x000000000800554c        0x8 ../../libDaisy//build/libdaisy.a(sai.o)
                0x000000000800554c                daisy::SaiHandle::GetOffset() const
 .text._ZN5daisy11TimerHandleD2Ev
                0x0000000008005554        0x4 ../../libDaisy//build/libdaisy.a(system.o)
                0x0000000008005554                daisy::TimerHandle::~TimerHandle()
                0x0000000008005554                daisy::TimerHandle::~TimerHandle()
 .text.SysTick_Handler
                0x0000000008005558       0x10 ../../libDaisy//build/libdaisy.a(system.o)
                0x0000000008005558                SysTick_Handler
 .text.OTG_HS_EP1_OUT_IRQHandler
                0x0000000008005568       0x24 ../../libDaisy//build/libdaisy.a(system.o)
                0x0000000008005568                OTG_HS_EP1_OUT_IRQHandler
 .text.OTG_HS_EP1_IN_IRQHandler
                0x000000000800558c       0x24 ../../libDaisy//build/libdaisy.a(system.o)
                0x000000000800558c                OTG_HS_EP1_IN_IRQHandler
 .text.OTG_HS_IRQHandler
                0x00000000080055b0       0x24 ../../libDaisy//build/libdaisy.a(system.o)
                0x00000000080055b0                OTG_HS_IRQHandler
 .text.HardFault_Handler
                0x00000000080055d4       0xe0 ../../libDaisy//build/libdaisy.a(system.o)
                0x00000000080055d4                HardFault_Handler
 .text._ZN5daisy6System6GetNowEv
                0x00000000080056b4        0x4 ../../libDaisy//build/libdaisy.a(system.o)
                0x00000000080056b4                daisy::System::GetNow()
 .text._ZN5daisy6System5DelayEm
                0x00000000080056b8        0x4 ../../libDaisy//build/libdaisy.a(system.o)
                0x00000000080056b8                daisy::System::Delay(unsigned long)
 .text._ZN5daisy6System20GetBootloaderVersionEv
                0x00000000080056bc       0x34 ../../libDaisy//build/libdaisy.a(system.o)
                0x00000000080056bc                daisy::System::GetBootloaderVersion()
 .text._ZN5daisy6System15ConfigureClocksEv
                0x00000000080056f0      0x194 ../../libDaisy//build/libdaisy.a(system.o)
                0x00000000080056f0                daisy::System::ConfigureClocks()
 .text._ZN5daisy6System12ConfigureMpuEv
                0x0000000008005884       0x7c ../../libDaisy//build/libdaisy.a(system.o)
                0x0000000008005884                daisy::System::ConfigureMpu()
 .text._ZN5daisy6System4InitERKNS0_6ConfigE
                0x0000000008005900       0xec ../../libDaisy//build/libdaisy.a(system.o)
                0x0000000008005900                daisy::System::Init(daisy::System::Config const&)
 .text._ZN5daisy6System12GetPClk1FreqEv
                0x00000000080059ec        0x4 ../../libDaisy//build/libdaisy.a(system.o)
                0x00000000080059ec                daisy::System::GetPClk1Freq()
 .text._ZN5daisy6System12GetPClk2FreqEv
                0x00000000080059f0        0x4 ../../libDaisy//build/libdaisy.a(system.o)
                0x00000000080059f0                daisy::System::GetPClk2Freq()
 .text._ZN5daisy6System22GetProgramMemoryRegionEv
                0x00000000080059f4       0x78 ../../libDaisy//build/libdaisy.a(system.o)
                0x00000000080059f4                daisy::System::GetProgramMemoryRegion()
 .text.startup._GLOBAL__sub_I__ZN5daisy9boot_infoE
                0x0000000008005a6c       0x1c ../../libDaisy//build/libdaisy.a(system.o)
 .text.SystemInit
                0x0000000008005a88       0x9c ../../libDaisy//build/libdaisy.a(system_stm32h7xx.o)
                0x0000000008005a88                SystemInit
 .text.dummy_rx_callback
                0x0000000008005b24        0x4 ../../libDaisy//build/libdaisy.a(usbd_cdc_if.o)
                0x0000000008005b24                dummy_rx_callback
 .text.CDC_DeInit_FS
                0x0000000008005b28        0x4 ../../libDaisy//build/libdaisy.a(usbd_cdc_if.o)
 .text.CDC_Receive_FS
                0x0000000008005b2c       0x2c ../../libDaisy//build/libdaisy.a(usbd_cdc_if.o)
 .text.CDC_Receive_HS
                0x0000000008005b58       0x2c ../../libDaisy//build/libdaisy.a(usbd_cdc_if.o)
 .text.CDC_Init_FS
                0x0000000008005b84       0x3c ../../libDaisy//build/libdaisy.a(usbd_cdc_if.o)
 .text.CDC_Init_HS
                0x0000000008005bc0       0x3c ../../libDaisy//build/libdaisy.a(usbd_cdc_if.o)
 .text.CDC_Control_FS
                0x0000000008005bfc       0x34 ../../libDaisy//build/libdaisy.a(usbd_cdc_if.o)
 .text.CDC_Control_HS
                0x0000000008005c30       0x34 ../../libDaisy//build/libdaisy.a(usbd_cdc_if.o)
 .text.CDC_DeInit_HS
                0x0000000008005c64        0x4 ../../libDaisy//build/libdaisy.a(usbd_cdc_if.o)
 .text.CDC_Transmit_FS
                0x0000000008005c68       0x2c ../../libDaisy//build/libdaisy.a(usbd_cdc_if.o)
                0x0000000008005c68                CDC_Transmit_FS
 .text.HAL_PCD_MspInit
                0x0000000008005c94      0x144 ../../libDaisy//build/libdaisy.a(usbd_conf.o)
                0x0000000008005c94                HAL_PCD_MspInit
 .text.HAL_PCD_SetupStageCallback
                0x0000000008005dd8        0xc ../../libDaisy//build/libdaisy.a(usbd_conf.o)
                0x0000000008005dd8                HAL_PCD_SetupStageCallback
 .text.HAL_PCD_DataOutStageCallback
                0x0000000008005de4       0x14 ../../libDaisy//build/libdaisy.a(usbd_conf.o)
                0x0000000008005de4                HAL_PCD_DataOutStageCallback
 .text.HAL_PCD_DataInStageCallback
                0x0000000008005df8       0x14 ../../libDaisy//build/libdaisy.a(usbd_conf.o)
                0x0000000008005df8                HAL_PCD_DataInStageCallback
 .text.HAL_PCD_SOFCallback
                0x0000000008005e0c        0x8 ../../libDaisy//build/libdaisy.a(usbd_conf.o)
                0x0000000008005e0c                HAL_PCD_SOFCallback
 .text.HAL_PCD_ResetCallback
                0x0000000008005e14       0x24 ../../libDaisy//build/libdaisy.a(usbd_conf.o)
                0x0000000008005e14                HAL_PCD_ResetCallback
 .text.HAL_PCD_SuspendCallback
                0x0000000008005e38       0x30 ../../libDaisy//build/libdaisy.a(usbd_conf.o)
                0x0000000008005e38                HAL_PCD_SuspendCallback
 .text.HAL_PCD_ResumeCallback
                0x0000000008005e68        0x8 ../../libDaisy//build/libdaisy.a(usbd_conf.o)
                0x0000000008005e68                HAL_PCD_ResumeCallback
 .text.HAL_PCD_ISOOUTIncompleteCallback
                0x0000000008005e70        0x8 ../../libDaisy//build/libdaisy.a(usbd_conf.o)
                0x0000000008005e70                HAL_PCD_ISOOUTIncompleteCallback
 .text.HAL_PCD_ISOINIncompleteCallback
                0x0000000008005e78        0x8 ../../libDaisy//build/libdaisy.a(usbd_conf.o)
                0x0000000008005e78                HAL_PCD_ISOINIncompleteCallback
 .text.HAL_PCD_ConnectCallback
                0x0000000008005e80        0x8 ../../libDaisy//build/libdaisy.a(usbd_conf.o)
                0x0000000008005e80                HAL_PCD_ConnectCallback
 .text.HAL_PCD_DisconnectCallback
                0x0000000008005e88        0x8 ../../libDaisy//build/libdaisy.a(usbd_conf.o)
                0x0000000008005e88                HAL_PCD_DisconnectCallback
 .text.USBD_LL_Init
                0x0000000008005e90       0xe4 ../../libDaisy//build/libdaisy.a(usbd_conf.o)
                0x0000000008005e90                USBD_LL_Init
 .text.USBD_LL_Start
                0x0000000008005f74       0x1c ../../libDaisy//build/libdaisy.a(usbd_conf.o)
                0x0000000008005f74                USBD_LL_Start
 .text.USBD_LL_OpenEP
                0x0000000008005f90       0x24 ../../libDaisy//build/libdaisy.a(usbd_conf.o)
                0x0000000008005f90                USBD_LL_OpenEP
 .text.USBD_LL_CloseEP
                0x0000000008005fb4       0x1c ../../libDaisy//build/libdaisy.a(usbd_conf.o)
                0x0000000008005fb4                USBD_LL_CloseEP
 .text.USBD_LL_StallEP
                0x0000000008005fd0       0x1c ../../libDaisy//build/libdaisy.a(usbd_conf.o)
                0x0000000008005fd0                USBD_LL_StallEP
 .text.USBD_LL_ClearStallEP
                0x0000000008005fec       0x1c ../../libDaisy//build/libdaisy.a(usbd_conf.o)
                0x0000000008005fec                USBD_LL_ClearStallEP
 .text.USBD_LL_IsStallEP
                0x0000000008006008       0x28 ../../libDaisy//build/libdaisy.a(usbd_conf.o)
                0x0000000008006008                USBD_LL_IsStallEP
 .text.USBD_LL_SetUSBAddress
                0x0000000008006030       0x1c ../../libDaisy//build/libdaisy.a(usbd_conf.o)
                0x0000000008006030                USBD_LL_SetUSBAddress
 .text.USBD_LL_Transmit
                0x000000000800604c       0x1c ../../libDaisy//build/libdaisy.a(usbd_conf.o)
                0x000000000800604c                USBD_LL_Transmit
 .text.USBD_LL_PrepareReceive
                0x0000000008006068       0x1c ../../libDaisy//build/libdaisy.a(usbd_conf.o)
                0x0000000008006068                USBD_LL_PrepareReceive
 .text.USBD_LL_GetRxDataSize
                0x0000000008006084        0x8 ../../libDaisy//build/libdaisy.a(usbd_conf.o)
                0x0000000008006084                USBD_LL_GetRxDataSize
 .text.USBD_HS_DeviceDescriptor
                0x000000000800608c        0xc ../../libDaisy//build/libdaisy.a(usbd_desc.o)
                0x000000000800608c                USBD_HS_DeviceDescriptor
 .text.USBD_FS_DeviceDescriptor
                0x0000000008006098        0xc ../../libDaisy//build/libdaisy.a(usbd_desc.o)
                0x0000000008006098                USBD_FS_DeviceDescriptor
 .text.USBD_FS_LangIDStrDescriptor
                0x00000000080060a4        0xc ../../libDaisy//build/libdaisy.a(usbd_desc.o)
                0x00000000080060a4                USBD_FS_LangIDStrDescriptor
 .text.USBD_FS_ManufacturerStrDescriptor
                0x00000000080060b0       0x1c ../../libDaisy//build/libdaisy.a(usbd_desc.o)
                0x00000000080060b0                USBD_FS_ManufacturerStrDescriptor
 .text.USBD_HS_ProductStrDescriptor
                0x00000000080060cc       0x1c ../../libDaisy//build/libdaisy.a(usbd_desc.o)
                0x00000000080060cc                USBD_HS_ProductStrDescriptor
 .text.USBD_FS_ConfigStrDescriptor
                0x00000000080060e8       0x1c ../../libDaisy//build/libdaisy.a(usbd_desc.o)
                0x00000000080060e8                USBD_FS_ConfigStrDescriptor
 .text.USBD_FS_InterfaceStrDescriptor
                0x0000000008006104       0x1c ../../libDaisy//build/libdaisy.a(usbd_desc.o)
                0x0000000008006104                USBD_FS_InterfaceStrDescriptor
 .text.USBD_FS_ProductStrDescriptor
                0x0000000008006120       0x1c ../../libDaisy//build/libdaisy.a(usbd_desc.o)
                0x0000000008006120                USBD_FS_ProductStrDescriptor
 .text.USBD_HS_LangIDStrDescriptor
                0x000000000800613c        0xc ../../libDaisy//build/libdaisy.a(usbd_desc.o)
                0x000000000800613c                USBD_HS_LangIDStrDescriptor
 .text.USBD_HS_ManufacturerStrDescriptor
                0x0000000008006148       0x1c ../../libDaisy//build/libdaisy.a(usbd_desc.o)
                0x0000000008006148                USBD_HS_ManufacturerStrDescriptor
 .text.USBD_FS_SerialStrDescriptor
                0x0000000008006164      0x124 ../../libDaisy//build/libdaisy.a(usbd_desc.o)
                0x0000000008006164                USBD_FS_SerialStrDescriptor
 .text.USBD_HS_SerialStrDescriptor
                0x0000000008006288      0x124 ../../libDaisy//build/libdaisy.a(usbd_desc.o)
                0x0000000008006288                USBD_HS_SerialStrDescriptor
 .text.USBD_HS_InterfaceStrDescriptor
                0x00000000080063ac       0x1c ../../libDaisy//build/libdaisy.a(usbd_desc.o)
                0x00000000080063ac                USBD_HS_InterfaceStrDescriptor
 .text.USBD_HS_ConfigStrDescriptor
                0x00000000080063c8       0x1c ../../libDaisy//build/libdaisy.a(usbd_desc.o)
                0x00000000080063c8                USBD_HS_ConfigStrDescriptor
 .text.HAL_HCD_SOF_Callback
                0x00000000080063e4        0x8 ../../libDaisy//build/libdaisy.a(usbh_conf.o)
                0x00000000080063e4                HAL_HCD_SOF_Callback
 .text.HAL_HCD_Connect_Callback
                0x00000000080063ec        0x8 ../../libDaisy//build/libdaisy.a(usbh_conf.o)
                0x00000000080063ec                HAL_HCD_Connect_Callback
 .text.HAL_HCD_Disconnect_Callback
                0x00000000080063f4        0x8 ../../libDaisy//build/libdaisy.a(usbh_conf.o)
                0x00000000080063f4                HAL_HCD_Disconnect_Callback
 .text.HAL_HCD_HC_NotifyURBChange_Callback
                0x00000000080063fc        0x4 ../../libDaisy//build/libdaisy.a(usbh_conf.o)
                0x00000000080063fc                HAL_HCD_HC_NotifyURBChange_Callback
 .text.HAL_HCD_PortEnabled_Callback
                0x0000000008006400        0x8 ../../libDaisy//build/libdaisy.a(usbh_conf.o)
                0x0000000008006400                HAL_HCD_PortEnabled_Callback
 .text.HAL_HCD_PortDisabled_Callback
                0x0000000008006408        0x8 ../../libDaisy//build/libdaisy.a(usbh_conf.o)
                0x0000000008006408                HAL_HCD_PortDisabled_Callback
 .text.USBH_LL_Stop
                0x0000000008006410       0x1c ../../libDaisy//build/libdaisy.a(usbh_conf.o)
                0x0000000008006410                USBH_LL_Stop
 .text.dsy_hal_map_get_port
                0x000000000800642c       0x10 ../../libDaisy//build/libdaisy.a(hal_map.o)
                0x000000000800642c                dsy_hal_map_get_port
 .text.dsy_hal_map_get_pin
                0x000000000800643c       0x10 ../../libDaisy//build/libdaisy.a(hal_map.o)
                0x000000000800643c                dsy_hal_map_get_pin
 .text.dsy_hal_map_gpio_clk_enable
                0x000000000800644c      0x150 ../../libDaisy//build/libdaisy.a(hal_map.o)
                0x000000000800644c                dsy_hal_map_gpio_clk_enable
 .text.HAL_MspInit
                0x000000000800659c        0x4 ../../libDaisy//build/libdaisy.a(stm32h7xx_hal.o)
                0x000000000800659c                HAL_MspInit
 .text.HAL_InitTick
                0x00000000080065a0       0x4c ../../libDaisy//build/libdaisy.a(stm32h7xx_hal.o)
                0x00000000080065a0                HAL_InitTick
 .text.HAL_Init
                0x00000000080065ec       0x60 ../../libDaisy//build/libdaisy.a(stm32h7xx_hal.o)
                0x00000000080065ec                HAL_Init
 .text.HAL_IncTick
                0x000000000800664c       0x18 ../../libDaisy//build/libdaisy.a(stm32h7xx_hal.o)
                0x000000000800664c                HAL_IncTick
 .text.HAL_GetTick
                0x0000000008006664        0xc ../../libDaisy//build/libdaisy.a(stm32h7xx_hal.o)
                0x0000000008006664                HAL_GetTick
 .text.HAL_Delay
                0x0000000008006670       0x24 ../../libDaisy//build/libdaisy.a(stm32h7xx_hal.o)
                0x0000000008006670                HAL_Delay
 .text.HAL_GetREVID
                0x0000000008006694        0xc ../../libDaisy//build/libdaisy.a(stm32h7xx_hal.o)
                0x0000000008006694                HAL_GetREVID
 .text.HAL_ADC_ConvHalfCpltCallback
                0x00000000080066a0        0x4 ../../libDaisy//build/libdaisy.a(stm32h7xx_hal_adc.o)
                0x00000000080066a0                HAL_ADC_ConvHalfCpltCallback
 .text.ADC_DMAHalfConvCplt
                0x00000000080066a4        0xc ../../libDaisy//build/libdaisy.a(stm32h7xx_hal_adc.o)
                0x00000000080066a4                ADC_DMAHalfConvCplt
 .text.ADC_DMAConvCplt
                0x00000000080066b0       0x6c ../../libDaisy//build/libdaisy.a(stm32h7xx_hal_adc.o)
                0x00000000080066b0                ADC_DMAConvCplt
 .text.ADC_DMAError
                0x000000000800671c       0x1c ../../libDaisy//build/libdaisy.a(stm32h7xx_hal_adc.o)
                0x000000000800671c                ADC_DMAError
 .text.HAL_ADC_ConfigChannel
                0x0000000008006738      0x3fc ../../libDaisy//build/libdaisy.a(stm32h7xx_hal_adc.o)
                0x0000000008006738                HAL_ADC_ConfigChannel
 .text.ADC_Enable
                0x0000000008006b34       0xac ../../libDaisy//build/libdaisy.a(stm32h7xx_hal_adc.o)
                0x0000000008006b34                ADC_Enable
 .text.HAL_ADC_Start_DMA
                0x0000000008006be0      0x114 ../../libDaisy//build/libdaisy.a(stm32h7xx_hal_adc.o)
                0x0000000008006be0                HAL_ADC_Start_DMA
 .text.ADC_Disable
                0x0000000008006cf4       0x68 ../../libDaisy//build/libdaisy.a(stm32h7xx_hal_adc.o)
                0x0000000008006cf4                ADC_Disable
 .text.ADC_ConfigureBoostMode
                0x0000000008006d5c      0x184 ../../libDaisy//build/libdaisy.a(stm32h7xx_hal_adc.o)
                0x0000000008006d5c                ADC_ConfigureBoostMode
 .text.HAL_ADC_Init
                0x0000000008006ee0      0x218 ../../libDaisy//build/libdaisy.a(stm32h7xx_hal_adc.o)
                0x0000000008006ee0                HAL_ADC_Init
 .text.HAL_ADCEx_Calibration_Start
                0x00000000080070f8       0xa4 ../../libDaisy//build/libdaisy.a(stm32h7xx_hal_adc_ex.o)
                0x00000000080070f8                HAL_ADCEx_Calibration_Start
 .text.HAL_ADCEx_MultiModeConfigChannel
                0x000000000800719c       0xc4 ../../libDaisy//build/libdaisy.a(stm32h7xx_hal_adc_ex.o)
                0x000000000800719c                HAL_ADCEx_MultiModeConfigChannel
 .text.HAL_NVIC_SetPriorityGrouping
                0x0000000008007260       0x24 ../../libDaisy//build/libdaisy.a(stm32h7xx_hal_cortex.o)
                0x0000000008007260                HAL_NVIC_SetPriorityGrouping
 .text.HAL_NVIC_SetPriority
                0x0000000008007284       0x7c ../../libDaisy//build/libdaisy.a(stm32h7xx_hal_cortex.o)
                0x0000000008007284                HAL_NVIC_SetPriority
 .text.HAL_NVIC_EnableIRQ
                0x0000000008007300       0x1c ../../libDaisy//build/libdaisy.a(stm32h7xx_hal_cortex.o)
                0x0000000008007300                HAL_NVIC_EnableIRQ
 .text.HAL_NVIC_DisableIRQ
                0x000000000800731c       0x28 ../../libDaisy//build/libdaisy.a(stm32h7xx_hal_cortex.o)
                0x000000000800731c                HAL_NVIC_DisableIRQ
 .text.HAL_SYSTICK_Config
                0x0000000008007344       0x2c ../../libDaisy//build/libdaisy.a(stm32h7xx_hal_cortex.o)
                0x0000000008007344                HAL_SYSTICK_Config
 .text.HAL_MPU_Disable
                0x0000000008007370       0x1c ../../libDaisy//build/libdaisy.a(stm32h7xx_hal_cortex.o)
                0x0000000008007370                HAL_MPU_Disable
 .text.HAL_MPU_Enable
                0x000000000800738c       0x20 ../../libDaisy//build/libdaisy.a(stm32h7xx_hal_cortex.o)
                0x000000000800738c                HAL_MPU_Enable
 .text.HAL_MPU_ConfigRegion
                0x00000000080073ac       0x64 ../../libDaisy//build/libdaisy.a(stm32h7xx_hal_cortex.o)
                0x00000000080073ac                HAL_MPU_ConfigRegion
 .text.HAL_SYSTICK_Callback
                0x0000000008007410        0x4 ../../libDaisy//build/libdaisy.a(stm32h7xx_hal_cortex.o)
                0x0000000008007410                HAL_SYSTICK_Callback
 .text.HAL_SYSTICK_IRQHandler
                0x0000000008007414        0x8 ../../libDaisy//build/libdaisy.a(stm32h7xx_hal_cortex.o)
                0x0000000008007414                HAL_SYSTICK_IRQHandler
 .text.HAL_DAC_Init
                0x000000000800741c       0x2c ../../libDaisy//build/libdaisy.a(stm32h7xx_hal_dac.o)
                0x000000000800741c                HAL_DAC_Init
 .text.HAL_DAC_Start_DMA
                0x0000000008007448      0x118 ../../libDaisy//build/libdaisy.a(stm32h7xx_hal_dac.o)
                0x0000000008007448                HAL_DAC_Start_DMA
 .text.HAL_DAC_Stop_DMA
                0x0000000008007560       0x5c ../../libDaisy//build/libdaisy.a(stm32h7xx_hal_dac.o)
                0x0000000008007560                HAL_DAC_Stop_DMA
 .text.DAC_DMAConvCpltCh1
                0x00000000080075bc       0x10 ../../libDaisy//build/libdaisy.a(stm32h7xx_hal_dac.o)
 .text.DAC_DMAHalfConvCpltCh1
                0x00000000080075cc        0xc ../../libDaisy//build/libdaisy.a(stm32h7xx_hal_dac.o)
 .text.HAL_DAC_ErrorCallbackCh1
                0x00000000080075d8        0x4 ../../libDaisy//build/libdaisy.a(stm32h7xx_hal_dac.o)
                0x00000000080075d8                HAL_DAC_ErrorCallbackCh1
 .text.DAC_DMAErrorCh1
                0x00000000080075dc       0x18 ../../libDaisy//build/libdaisy.a(stm32h7xx_hal_dac.o)
 .text.HAL_DAC_DMAUnderrunCallbackCh1
                0x00000000080075f4        0x4 ../../libDaisy//build/libdaisy.a(stm32h7xx_hal_dac.o)
                0x00000000080075f4                HAL_DAC_DMAUnderrunCallbackCh1
 .text.HAL_DAC_IRQHandler
                0x00000000080075f8       0x68 ../../libDaisy//build/libdaisy.a(stm32h7xx_hal_dac.o)
                0x00000000080075f8                HAL_DAC_IRQHandler
 .text.HAL_DAC_ConfigChannel
                0x0000000008007660      0x130 ../../libDaisy//build/libdaisy.a(stm32h7xx_hal_dac.o)
                0x0000000008007660                HAL_DAC_ConfigChannel
 .text.HAL_DACEx_ErrorCallbackCh2
                0x0000000008007790        0x4 ../../libDaisy//build/libdaisy.a(stm32h7xx_hal_dac_ex.o)
                0x0000000008007790                HAL_DACEx_ErrorCallbackCh2
 .text.HAL_DACEx_DMAUnderrunCallbackCh2
                0x0000000008007794        0x4 ../../libDaisy//build/libdaisy.a(stm32h7xx_hal_dac_ex.o)
                0x0000000008007794                HAL_DACEx_DMAUnderrunCallbackCh2
 .text.DAC_DMAConvCpltCh2
                0x0000000008007798       0x10 ../../libDaisy//build/libdaisy.a(stm32h7xx_hal_dac_ex.o)
                0x0000000008007798                DAC_DMAConvCpltCh2
 .text.DAC_DMAHalfConvCpltCh2
                0x00000000080077a8        0xc ../../libDaisy//build/libdaisy.a(stm32h7xx_hal_dac_ex.o)
                0x00000000080077a8                DAC_DMAHalfConvCpltCh2
 .text.DAC_DMAErrorCh2
                0x00000000080077b4       0x18 ../../libDaisy//build/libdaisy.a(stm32h7xx_hal_dac_ex.o)
                0x00000000080077b4                DAC_DMAErrorCh2
 .text.DMA_CalcBaseAndBitshift
                0x00000000080077cc       0xf4 ../../libDaisy//build/libdaisy.a(stm32h7xx_hal_dma.o)
 .text.DMA_CalcDMAMUXChannelBaseAndMask
                0x00000000080078c0       0xd8 ../../libDaisy//build/libdaisy.a(stm32h7xx_hal_dma.o)
 .text.HAL_DMA_Init
                0x0000000008007998      0x37c ../../libDaisy//build/libdaisy.a(stm32h7xx_hal_dma.o)
                0x0000000008007998                HAL_DMA_Init
 .text.HAL_DMA_Start_IT
                0x0000000008007d14      0x240 ../../libDaisy//build/libdaisy.a(stm32h7xx_hal_dma.o)
                0x0000000008007d14                HAL_DMA_Start_IT
 .text.HAL_DMA_Abort
                0x0000000008007f54      0x21c ../../libDaisy//build/libdaisy.a(stm32h7xx_hal_dma.o)
                0x0000000008007f54                HAL_DMA_Abort
 .text.HAL_DMA_Abort_IT
                0x0000000008008170      0x134 ../../libDaisy//build/libdaisy.a(stm32h7xx_hal_dma.o)
                0x0000000008008170                HAL_DMA_Abort_IT
 .text.HAL_DMA_IRQHandler
                0x00000000080082a4      0x6a0 ../../libDaisy//build/libdaisy.a(stm32h7xx_hal_dma.o)
                0x00000000080082a4                HAL_DMA_IRQHandler
 .text.HAL_DMA_GetError
                0x0000000008008944        0x4 ../../libDaisy//build/libdaisy.a(stm32h7xx_hal_dma.o)
                0x0000000008008944                HAL_DMA_GetError
 .text.HAL_GPIO_Init
                0x0000000008008948      0x280 ../../libDaisy//build/libdaisy.a(stm32h7xx_hal_gpio.o)
                0x0000000008008948                HAL_GPIO_Init
 .text.HAL_GPIO_DeInit
                0x0000000008008bc8      0x190 ../../libDaisy//build/libdaisy.a(stm32h7xx_hal_gpio.o)
                0x0000000008008bc8                HAL_GPIO_DeInit
 .text.HAL_GPIO_ReadPin
                0x0000000008008d58        0xc ../../libDaisy//build/libdaisy.a(stm32h7xx_hal_gpio.o)
                0x0000000008008d58                HAL_GPIO_ReadPin
 .text.HAL_GPIO_WritePin
                0x0000000008008d64        0x8 ../../libDaisy//build/libdaisy.a(stm32h7xx_hal_gpio.o)
                0x0000000008008d64                HAL_GPIO_WritePin
 .text.HAL_HCD_IRQHandler
                0x0000000008008d6c      0x780 ../../libDaisy//build/libdaisy.a(stm32h7xx_hal_hcd.o)
                0x0000000008008d6c                HAL_HCD_IRQHandler
 .text.HAL_HCD_Stop
                0x00000000080094ec       0x28 ../../libDaisy//build/libdaisy.a(stm32h7xx_hal_hcd.o)
                0x00000000080094ec                HAL_HCD_Stop
 .text.I2C_WaitOnTXISFlagUntilTimeout
                0x0000000008009514       0xb8 ../../libDaisy//build/libdaisy.a(stm32h7xx_hal_i2c.o)
 .text.I2C_WaitOnSTOPFlagUntilTimeout
                0x00000000080095cc       0xac ../../libDaisy//build/libdaisy.a(stm32h7xx_hal_i2c.o)
 .text.HAL_I2C_Init
                0x0000000008009678       0xac ../../libDaisy//build/libdaisy.a(stm32h7xx_hal_i2c.o)
                0x0000000008009678                HAL_I2C_Init
 .text.HAL_I2C_Mem_Write
                0x0000000008009724      0x254 ../../libDaisy//build/libdaisy.a(stm32h7xx_hal_i2c.o)
                0x0000000008009724                HAL_I2C_Mem_Write
 .text.HAL_I2C_Mem_Read
                0x0000000008009978      0x29c ../../libDaisy//build/libdaisy.a(stm32h7xx_hal_i2c.o)
                0x0000000008009978                HAL_I2C_Mem_Read
 .text.HAL_I2C_EV_IRQHandler
                0x0000000008009c14       0x10 ../../libDaisy//build/libdaisy.a(stm32h7xx_hal_i2c.o)
                0x0000000008009c14                HAL_I2C_EV_IRQHandler
 .text.HAL_I2C_GetState
                0x0000000008009c24        0x8 ../../libDaisy//build/libdaisy.a(stm32h7xx_hal_i2c.o)
                0x0000000008009c24                HAL_I2C_GetState
 .text.HAL_I2CEx_ConfigAnalogFilter
                0x0000000008009c2c       0x54 ../../libDaisy//build/libdaisy.a(stm32h7xx_hal_i2c_ex.o)
                0x0000000008009c2c                HAL_I2CEx_ConfigAnalogFilter
 .text.HAL_I2CEx_ConfigDigitalFilter
                0x0000000008009c80       0x58 ../../libDaisy//build/libdaisy.a(stm32h7xx_hal_i2c_ex.o)
                0x0000000008009c80                HAL_I2CEx_ConfigDigitalFilter
 .text.HAL_PCD_Init
                0x0000000008009cd8      0x12c ../../libDaisy//build/libdaisy.a(stm32h7xx_hal_pcd.o)
                0x0000000008009cd8                HAL_PCD_Init
 .text.HAL_PCD_Start
                0x0000000008009e04       0x44 ../../libDaisy//build/libdaisy.a(stm32h7xx_hal_pcd.o)
                0x0000000008009e04                HAL_PCD_Start
 .text.HAL_PCD_IRQHandler
                0x0000000008009e48      0x69c ../../libDaisy//build/libdaisy.a(stm32h7xx_hal_pcd.o)
                0x0000000008009e48                HAL_PCD_IRQHandler
 .text.HAL_PCD_SetAddress
                0x000000000800a4e4       0x2c ../../libDaisy//build/libdaisy.a(stm32h7xx_hal_pcd.o)
                0x000000000800a4e4                HAL_PCD_SetAddress
 .text.HAL_PCD_EP_Open
                0x000000000800a510       0x7c ../../libDaisy//build/libdaisy.a(stm32h7xx_hal_pcd.o)
                0x000000000800a510                HAL_PCD_EP_Open
 .text.HAL_PCD_EP_Close
                0x000000000800a58c       0x6c ../../libDaisy//build/libdaisy.a(stm32h7xx_hal_pcd.o)
                0x000000000800a58c                HAL_PCD_EP_Close
 .text.HAL_PCD_EP_Receive
                0x000000000800a5f8       0x50 ../../libDaisy//build/libdaisy.a(stm32h7xx_hal_pcd.o)
                0x000000000800a5f8                HAL_PCD_EP_Receive
 .text.HAL_PCD_EP_GetRxCount
                0x000000000800a648       0x14 ../../libDaisy//build/libdaisy.a(stm32h7xx_hal_pcd.o)
                0x000000000800a648                HAL_PCD_EP_GetRxCount
 .text.HAL_PCD_EP_Transmit
                0x000000000800a65c       0x50 ../../libDaisy//build/libdaisy.a(stm32h7xx_hal_pcd.o)
                0x000000000800a65c                HAL_PCD_EP_Transmit
 .text.HAL_PCD_EP_SetStall
                0x000000000800a6ac       0x88 ../../libDaisy//build/libdaisy.a(stm32h7xx_hal_pcd.o)
                0x000000000800a6ac                HAL_PCD_EP_SetStall
 .text.HAL_PCD_EP_ClrStall
                0x000000000800a734       0x78 ../../libDaisy//build/libdaisy.a(stm32h7xx_hal_pcd.o)
                0x000000000800a734                HAL_PCD_EP_ClrStall
 .text.HAL_PCDEx_SetTxFiFo
                0x000000000800a7ac       0x54 ../../libDaisy//build/libdaisy.a(stm32h7xx_hal_pcd_ex.o)
                0x000000000800a7ac                HAL_PCDEx_SetTxFiFo
 .text.HAL_PCDEx_SetRxFiFo
                0x000000000800a800        0xc ../../libDaisy//build/libdaisy.a(stm32h7xx_hal_pcd_ex.o)
                0x000000000800a800                HAL_PCDEx_SetRxFiFo
 .text.HAL_PCDEx_ActivateLPM
                0x000000000800a80c       0x30 ../../libDaisy//build/libdaisy.a(stm32h7xx_hal_pcd_ex.o)
                0x000000000800a80c                HAL_PCDEx_ActivateLPM
 .text.HAL_PCDEx_LPM_Callback
                0x000000000800a83c        0x4 ../../libDaisy//build/libdaisy.a(stm32h7xx_hal_pcd_ex.o)
                0x000000000800a83c                HAL_PCDEx_LPM_Callback
 .text.HAL_PWREx_ConfigSupply
                0x000000000800a840       0x4c ../../libDaisy//build/libdaisy.a(stm32h7xx_hal_pwr_ex.o)
                0x000000000800a840                HAL_PWREx_ConfigSupply
 .text.HAL_PWREx_EnableUSBVoltageDetector
                0x000000000800a88c       0x10 ../../libDaisy//build/libdaisy.a(stm32h7xx_hal_pwr_ex.o)
                0x000000000800a88c                HAL_PWREx_EnableUSBVoltageDetector
 .text.QSPI_Config
                0x000000000800a89c      0x174 ../../libDaisy//build/libdaisy.a(stm32h7xx_hal_qspi.o)
 .text.HAL_QSPI_Init
                0x000000000800aa10       0xd8 ../../libDaisy//build/libdaisy.a(stm32h7xx_hal_qspi.o)
                0x000000000800aa10                HAL_QSPI_Init
 .text.HAL_QSPI_DeInit
                0x000000000800aae8       0x3c ../../libDaisy//build/libdaisy.a(stm32h7xx_hal_qspi.o)
                0x000000000800aae8                HAL_QSPI_DeInit
 .text.HAL_QSPI_Command
                0x000000000800ab24       0xd4 ../../libDaisy//build/libdaisy.a(stm32h7xx_hal_qspi.o)
                0x000000000800ab24                HAL_QSPI_Command
 .text.HAL_QSPI_Transmit
                0x000000000800abf8       0xfc ../../libDaisy//build/libdaisy.a(stm32h7xx_hal_qspi.o)
                0x000000000800abf8                HAL_QSPI_Transmit
 .text.HAL_QSPI_Receive
                0x000000000800acf4      0x108 ../../libDaisy//build/libdaisy.a(stm32h7xx_hal_qspi.o)
                0x000000000800acf4                HAL_QSPI_Receive
 .text.HAL_QSPI_AutoPolling
                0x000000000800adfc       0xf0 ../../libDaisy//build/libdaisy.a(stm32h7xx_hal_qspi.o)
                0x000000000800adfc                HAL_QSPI_AutoPolling
 .text.HAL_QSPI_MemoryMapped
                0x000000000800aeec       0xc0 ../../libDaisy//build/libdaisy.a(stm32h7xx_hal_qspi.o)
                0x000000000800aeec                HAL_QSPI_MemoryMapped
 .text.HAL_QSPI_ErrorCallback
                0x000000000800afac        0x4 ../../libDaisy//build/libdaisy.a(stm32h7xx_hal_qspi.o)
                0x000000000800afac                HAL_QSPI_ErrorCallback
 .text.QSPI_DMAAbortCplt
                0x000000000800afb0       0x38 ../../libDaisy//build/libdaisy.a(stm32h7xx_hal_qspi.o)
 .text.HAL_QSPI_AbortCpltCallback
                0x000000000800afe8        0x4 ../../libDaisy//build/libdaisy.a(stm32h7xx_hal_qspi.o)
                0x000000000800afe8                HAL_QSPI_AbortCpltCallback
 .text.HAL_QSPI_CmdCpltCallback
                0x000000000800afec        0x4 ../../libDaisy//build/libdaisy.a(stm32h7xx_hal_qspi.o)
                0x000000000800afec                HAL_QSPI_CmdCpltCallback
 .text.HAL_QSPI_RxCpltCallback
                0x000000000800aff0        0x4 ../../libDaisy//build/libdaisy.a(stm32h7xx_hal_qspi.o)
                0x000000000800aff0                HAL_QSPI_RxCpltCallback
 .text.HAL_QSPI_TxCpltCallback
                0x000000000800aff4        0x4 ../../libDaisy//build/libdaisy.a(stm32h7xx_hal_qspi.o)
                0x000000000800aff4                HAL_QSPI_TxCpltCallback
 .text.HAL_QSPI_FifoThresholdCallback
                0x000000000800aff8        0x4 ../../libDaisy//build/libdaisy.a(stm32h7xx_hal_qspi.o)
                0x000000000800aff8                HAL_QSPI_FifoThresholdCallback
 .text.HAL_QSPI_StatusMatchCallback
                0x000000000800affc        0x4 ../../libDaisy//build/libdaisy.a(stm32h7xx_hal_qspi.o)
                0x000000000800affc                HAL_QSPI_StatusMatchCallback
 .text.HAL_QSPI_TimeOutCallback
                0x000000000800b000        0x4 ../../libDaisy//build/libdaisy.a(stm32h7xx_hal_qspi.o)
                0x000000000800b000                HAL_QSPI_TimeOutCallback
 .text.HAL_QSPI_IRQHandler
                0x000000000800b004      0x210 ../../libDaisy//build/libdaisy.a(stm32h7xx_hal_qspi.o)
                0x000000000800b004                HAL_QSPI_IRQHandler
 .text.HAL_RCC_OscConfig
                0x000000000800b214      0x51c ../../libDaisy//build/libdaisy.a(stm32h7xx_hal_rcc.o)
                0x000000000800b214                HAL_RCC_OscConfig
 .text.HAL_RCC_GetSysClockFreq
                0x000000000800b730      0x140 ../../libDaisy//build/libdaisy.a(stm32h7xx_hal_rcc.o)
                0x000000000800b730                HAL_RCC_GetSysClockFreq
 .text.HAL_RCC_ClockConfig
                0x000000000800b870      0x234 ../../libDaisy//build/libdaisy.a(stm32h7xx_hal_rcc.o)
                0x000000000800b870                HAL_RCC_ClockConfig
 .text.HAL_RCC_GetHCLKFreq
                0x000000000800baa4       0x2c ../../libDaisy//build/libdaisy.a(stm32h7xx_hal_rcc.o)
                0x000000000800baa4                HAL_RCC_GetHCLKFreq
 .text.HAL_RCC_GetPCLK1Freq
                0x000000000800bad0       0x38 ../../libDaisy//build/libdaisy.a(stm32h7xx_hal_rcc.o)
                0x000000000800bad0                HAL_RCC_GetPCLK1Freq
 .text.HAL_RCC_GetPCLK2Freq
                0x000000000800bb08       0x38 ../../libDaisy//build/libdaisy.a(stm32h7xx_hal_rcc.o)
                0x000000000800bb08                HAL_RCC_GetPCLK2Freq
 .text.RCCEx_PLL2_Config
                0x000000000800bb40       0xf4 ../../libDaisy//build/libdaisy.a(stm32h7xx_hal_rcc_ex.o)
 .text.RCCEx_PLL3_Config
                0x000000000800bc34       0xf4 ../../libDaisy//build/libdaisy.a(stm32h7xx_hal_rcc_ex.o)
 .text.HAL_RCCEx_PeriphCLKConfig
                0x000000000800bd28      0xa7c ../../libDaisy//build/libdaisy.a(stm32h7xx_hal_rcc_ex.o)
                0x000000000800bd28                HAL_RCCEx_PeriphCLKConfig
 .text.HAL_RCCEx_GetD3PCLK1Freq
                0x000000000800c7a4       0x24 ../../libDaisy//build/libdaisy.a(stm32h7xx_hal_rcc_ex.o)
                0x000000000800c7a4                HAL_RCCEx_GetD3PCLK1Freq
 .text.HAL_RCCEx_GetPLL2ClockFreq
                0x000000000800c7c8      0x17c ../../libDaisy//build/libdaisy.a(stm32h7xx_hal_rcc_ex.o)
                0x000000000800c7c8                HAL_RCCEx_GetPLL2ClockFreq
 .text.HAL_RCCEx_GetPLL3ClockFreq
                0x000000000800c944      0x17c ../../libDaisy//build/libdaisy.a(stm32h7xx_hal_rcc_ex.o)
                0x000000000800c944                HAL_RCCEx_GetPLL3ClockFreq
 .text.HAL_RCCEx_GetPLL1ClockFreq
                0x000000000800cac0      0x17c ../../libDaisy//build/libdaisy.a(stm32h7xx_hal_rcc_ex.o)
                0x000000000800cac0                HAL_RCCEx_GetPLL1ClockFreq
 .text.HAL_RCCEx_GetPeriphCLKFreq
                0x000000000800cc3c      0x198 ../../libDaisy//build/libdaisy.a(stm32h7xx_hal_rcc_ex.o)
                0x000000000800cc3c                HAL_RCCEx_GetPeriphCLKFreq
 .text.HAL_RCCEx_GetD1SysClockFreq
                0x000000000800cdd4       0x2c ../../libDaisy//build/libdaisy.a(stm32h7xx_hal_rcc_ex.o)
                0x000000000800cdd4                HAL_RCCEx_GetD1SysClockFreq
 .text.HAL_SAI_Init.part.0
                0x000000000800ce00      0x348 ../../libDaisy//build/libdaisy.a(stm32h7xx_hal_sai.o)
 .text.HAL_SAI_InitProtocol
                0x000000000800d148      0x178 ../../libDaisy//build/libdaisy.a(stm32h7xx_hal_sai.o)
                0x000000000800d148                HAL_SAI_InitProtocol
 .text.HAL_SAI_Transmit_DMA
                0x000000000800d2c0      0x124 ../../libDaisy//build/libdaisy.a(stm32h7xx_hal_sai.o)
                0x000000000800d2c0                HAL_SAI_Transmit_DMA
 .text.HAL_SAI_Receive_DMA
                0x000000000800d3e4       0xd0 ../../libDaisy//build/libdaisy.a(stm32h7xx_hal_sai.o)
                0x000000000800d3e4                HAL_SAI_Receive_DMA
 .text.HAL_SAI_TxCpltCallback
                0x000000000800d4b4        0x4 ../../libDaisy//build/libdaisy.a(stm32h7xx_hal_sai.o)
                0x000000000800d4b4                HAL_SAI_TxCpltCallback
 .text.SAI_DMATxCplt
                0x000000000800d4b8       0x64 ../../libDaisy//build/libdaisy.a(stm32h7xx_hal_sai.o)
 .text.HAL_SAI_TxHalfCpltCallback
                0x000000000800d51c        0x4 ../../libDaisy//build/libdaisy.a(stm32h7xx_hal_sai.o)
                0x000000000800d51c                HAL_SAI_TxHalfCpltCallback
 .text.SAI_DMATxHalfCplt
                0x000000000800d520        0xc ../../libDaisy//build/libdaisy.a(stm32h7xx_hal_sai.o)
 .text.SAI_DMARxCplt
                0x000000000800d52c       0x64 ../../libDaisy//build/libdaisy.a(stm32h7xx_hal_sai.o)
 .text.SAI_DMARxHalfCplt
                0x000000000800d590        0xc ../../libDaisy//build/libdaisy.a(stm32h7xx_hal_sai.o)
 .text.HAL_SAI_ErrorCallback
                0x000000000800d59c        0x4 ../../libDaisy//build/libdaisy.a(stm32h7xx_hal_sai.o)
                0x000000000800d59c                HAL_SAI_ErrorCallback
 .text.SAI_DMAError
                0x000000000800d5a0       0x6c ../../libDaisy//build/libdaisy.a(stm32h7xx_hal_sai.o)
 .text.HAL_SDRAM_Init
                0x000000000800d60c       0x54 ../../libDaisy//build/libdaisy.a(stm32h7xx_hal_sdram.o)
                0x000000000800d60c                HAL_SDRAM_Init
 .text.HAL_SDRAM_SendCommand
                0x000000000800d660       0x40 ../../libDaisy//build/libdaisy.a(stm32h7xx_hal_sdram.o)
                0x000000000800d660                HAL_SDRAM_SendCommand
 .text.HAL_SDRAM_ProgramRefreshRate
                0x000000000800d6a0       0x30 ../../libDaisy//build/libdaisy.a(stm32h7xx_hal_sdram.o)
                0x000000000800d6a0                HAL_SDRAM_ProgramRefreshRate
 .text.HAL_TIM_Base_Init
                0x000000000800d6d0      0x140 ../../libDaisy//build/libdaisy.a(stm32h7xx_hal_tim.o)
                0x000000000800d6d0                HAL_TIM_Base_Init
 .text.HAL_TIM_Base_Start
                0x000000000800d810       0x34 ../../libDaisy//build/libdaisy.a(stm32h7xx_hal_tim.o)
                0x000000000800d810                HAL_TIM_Base_Start
 .text.HAL_TIM_Base_Start_IT
                0x000000000800d844       0x2c ../../libDaisy//build/libdaisy.a(stm32h7xx_hal_tim.o)
                0x000000000800d844                HAL_TIM_Base_Start_IT
 .text.HAL_TIM_ConfigClockSource
                0x000000000800d870      0x17c ../../libDaisy//build/libdaisy.a(stm32h7xx_hal_tim.o)
                0x000000000800d870                HAL_TIM_ConfigClockSource
 .text.HAL_TIM_OC_DelayElapsedCallback
                0x000000000800d9ec        0x4 ../../libDaisy//build/libdaisy.a(stm32h7xx_hal_tim.o)
                0x000000000800d9ec                HAL_TIM_OC_DelayElapsedCallback
 .text.HAL_TIM_IC_CaptureCallback
                0x000000000800d9f0        0x4 ../../libDaisy//build/libdaisy.a(stm32h7xx_hal_tim.o)
                0x000000000800d9f0                HAL_TIM_IC_CaptureCallback
 .text.HAL_TIM_PWM_PulseFinishedCallback
                0x000000000800d9f4        0x4 ../../libDaisy//build/libdaisy.a(stm32h7xx_hal_tim.o)
                0x000000000800d9f4                HAL_TIM_PWM_PulseFinishedCallback
 .text.HAL_TIM_TriggerCallback
                0x000000000800d9f8        0x4 ../../libDaisy//build/libdaisy.a(stm32h7xx_hal_tim.o)
                0x000000000800d9f8                HAL_TIM_TriggerCallback
 .text.HAL_TIM_IRQHandler
                0x000000000800d9fc      0x170 ../../libDaisy//build/libdaisy.a(stm32h7xx_hal_tim.o)
                0x000000000800d9fc                HAL_TIM_IRQHandler
 .text.HAL_TIMEx_MasterConfigSynchronization
                0x000000000800db6c       0x64 ../../libDaisy//build/libdaisy.a(stm32h7xx_hal_tim_ex.o)
                0x000000000800db6c                HAL_TIMEx_MasterConfigSynchronization
 .text.HAL_TIMEx_CommutCallback
                0x000000000800dbd0        0x4 ../../libDaisy//build/libdaisy.a(stm32h7xx_hal_tim_ex.o)
                0x000000000800dbd0                HAL_TIMEx_CommutCallback
 .text.HAL_TIMEx_BreakCallback
                0x000000000800dbd4        0x4 ../../libDaisy//build/libdaisy.a(stm32h7xx_hal_tim_ex.o)
                0x000000000800dbd4                HAL_TIMEx_BreakCallback
 .text.HAL_TIMEx_Break2Callback
                0x000000000800dbd8        0x4 ../../libDaisy//build/libdaisy.a(stm32h7xx_hal_tim_ex.o)
                0x000000000800dbd8                HAL_TIMEx_Break2Callback
 .text.FMC_SDRAM_Init
                0x000000000800dbdc       0x7c ../../libDaisy//build/libdaisy.a(stm32h7xx_ll_fmc.o)
                0x000000000800dbdc                FMC_SDRAM_Init
 .text.FMC_SDRAM_Timing_Init
                0x000000000800dc58       0x98 ../../libDaisy//build/libdaisy.a(stm32h7xx_ll_fmc.o)
                0x000000000800dc58                FMC_SDRAM_Timing_Init
 .text.FMC_SDRAM_SendCommand
                0x000000000800dcf0       0x28 ../../libDaisy//build/libdaisy.a(stm32h7xx_ll_fmc.o)
                0x000000000800dcf0                FMC_SDRAM_SendCommand
 .text.FMC_SDRAM_ProgramRefreshRate
                0x000000000800dd18       0x1c ../../libDaisy//build/libdaisy.a(stm32h7xx_ll_fmc.o)
                0x000000000800dd18                FMC_SDRAM_ProgramRefreshRate
 .text.USB_CoreInit
                0x000000000800dd34      0x124 ../../libDaisy//build/libdaisy.a(stm32h7xx_ll_usb.o)
                0x000000000800dd34                USB_CoreInit
 .text.USB_SetTurnaroundTime
                0x000000000800de58      0x104 ../../libDaisy//build/libdaisy.a(stm32h7xx_ll_usb.o)
                0x000000000800de58                USB_SetTurnaroundTime
 .text.USB_EnableGlobalInt
                0x000000000800df5c       0x10 ../../libDaisy//build/libdaisy.a(stm32h7xx_ll_usb.o)
                0x000000000800df5c                USB_EnableGlobalInt
 .text.USB_DisableGlobalInt
                0x000000000800df6c       0x10 ../../libDaisy//build/libdaisy.a(stm32h7xx_ll_usb.o)
                0x000000000800df6c                USB_DisableGlobalInt
 .text.USB_SetCurrentMode
                0x000000000800df7c       0x30 ../../libDaisy//build/libdaisy.a(stm32h7xx_ll_usb.o)
                0x000000000800df7c                USB_SetCurrentMode
 .text.USB_DevInit
                0x000000000800dfac      0x20c ../../libDaisy//build/libdaisy.a(stm32h7xx_ll_usb.o)
                0x000000000800dfac                USB_DevInit
 .text.USB_FlushTxFifo
                0x000000000800e1b8       0x34 ../../libDaisy//build/libdaisy.a(stm32h7xx_ll_usb.o)
                0x000000000800e1b8                USB_FlushTxFifo
 .text.USB_GetDevSpeed
                0x000000000800e1ec       0x24 ../../libDaisy//build/libdaisy.a(stm32h7xx_ll_usb.o)
                0x000000000800e1ec                USB_GetDevSpeed
 .text.USB_ActivateEndpoint
                0x000000000800e210       0x90 ../../libDaisy//build/libdaisy.a(stm32h7xx_ll_usb.o)
                0x000000000800e210                USB_ActivateEndpoint
 .text.USB_DeactivateEndpoint
                0x000000000800e2a0       0x84 ../../libDaisy//build/libdaisy.a(stm32h7xx_ll_usb.o)
                0x000000000800e2a0                USB_DeactivateEndpoint
 .text.USB_EPStartXfer
                0x000000000800e324      0x230 ../../libDaisy//build/libdaisy.a(stm32h7xx_ll_usb.o)
                0x000000000800e324                USB_EPStartXfer
 .text.USB_EP0StartXfer
                0x000000000800e554      0x174 ../../libDaisy//build/libdaisy.a(stm32h7xx_ll_usb.o)
                0x000000000800e554                USB_EP0StartXfer
 .text.USB_WritePacket
                0x000000000800e6c8       0x2c ../../libDaisy//build/libdaisy.a(stm32h7xx_ll_usb.o)
                0x000000000800e6c8                USB_WritePacket
 .text.USB_ReadPacket
                0x000000000800e6f4       0x20 ../../libDaisy//build/libdaisy.a(stm32h7xx_ll_usb.o)
                0x000000000800e6f4                USB_ReadPacket
 .text.USB_EPSetStall
                0x000000000800e714       0x68 ../../libDaisy//build/libdaisy.a(stm32h7xx_ll_usb.o)
                0x000000000800e714                USB_EPSetStall
 .text.USB_EPClearStall
                0x000000000800e77c       0x58 ../../libDaisy//build/libdaisy.a(stm32h7xx_ll_usb.o)
                0x000000000800e77c                USB_EPClearStall
 .text.USB_SetDevAddress
                0x000000000800e7d4       0x24 ../../libDaisy//build/libdaisy.a(stm32h7xx_ll_usb.o)
                0x000000000800e7d4                USB_SetDevAddress
 .text.USB_DevConnect
                0x000000000800e7f8       0x1c ../../libDaisy//build/libdaisy.a(stm32h7xx_ll_usb.o)
                0x000000000800e7f8                USB_DevConnect
 .text.USB_DevDisconnect
                0x000000000800e814       0x1c ../../libDaisy//build/libdaisy.a(stm32h7xx_ll_usb.o)
                0x000000000800e814                USB_DevDisconnect
 .text.USB_ReadInterrupts
                0x000000000800e830       0x14 ../../libDaisy//build/libdaisy.a(stm32h7xx_ll_usb.o)
                0x000000000800e830                USB_ReadInterrupts
 .text.USB_ReadDevAllOutEpInterrupt
                0x000000000800e844       0x1c ../../libDaisy//build/libdaisy.a(stm32h7xx_ll_usb.o)
                0x000000000800e844                USB_ReadDevAllOutEpInterrupt
 .text.USB_ReadDevAllInEpInterrupt
                0x000000000800e860       0x1c ../../libDaisy//build/libdaisy.a(stm32h7xx_ll_usb.o)
                0x000000000800e860                USB_ReadDevAllInEpInterrupt
 .text.USB_ReadDevOutEPInterrupt
                0x000000000800e87c       0x1c ../../libDaisy//build/libdaisy.a(stm32h7xx_ll_usb.o)
                0x000000000800e87c                USB_ReadDevOutEPInterrupt
 .text.USB_ReadDevInEPInterrupt
                0x000000000800e898       0x38 ../../libDaisy//build/libdaisy.a(stm32h7xx_ll_usb.o)
                0x000000000800e898                USB_ReadDevInEPInterrupt
 .text.USB_GetMode
                0x000000000800e8d0        0x8 ../../libDaisy//build/libdaisy.a(stm32h7xx_ll_usb.o)
                0x000000000800e8d0                USB_GetMode
 .text.USB_ActivateSetup
                0x000000000800e8d8       0x38 ../../libDaisy//build/libdaisy.a(stm32h7xx_ll_usb.o)
                0x000000000800e8d8                USB_ActivateSetup
 .text.USB_EP0_OutStart
                0x000000000800e910       0x58 ../../libDaisy//build/libdaisy.a(stm32h7xx_ll_usb.o)
                0x000000000800e910                USB_EP0_OutStart
 .text.USB_InitFSLSPClkSel
                0x000000000800e968       0x44 ../../libDaisy//build/libdaisy.a(stm32h7xx_ll_usb.o)
                0x000000000800e968                USB_InitFSLSPClkSel
 .text.USB_HC_ReadInterrupt
                0x000000000800e9ac        0x8 ../../libDaisy//build/libdaisy.a(stm32h7xx_ll_usb.o)
                0x000000000800e9ac                USB_HC_ReadInterrupt
 .text.USB_HC_Halt
                0x000000000800e9b4       0xc0 ../../libDaisy//build/libdaisy.a(stm32h7xx_ll_usb.o)
                0x000000000800e9b4                USB_HC_Halt
 .text.USB_StopHost
                0x000000000800ea74      0x2ec ../../libDaisy//build/libdaisy.a(stm32h7xx_ll_usb.o)
                0x000000000800ea74                USB_StopHost
 .text.USBD_CDC_EP0_RxReady
                0x000000000800ed60       0x2c ../../libDaisy//build/libdaisy.a(usbd_cdc.o)
 .text.USBD_CDC_GetFSCfgDesc
                0x000000000800ed8c       0x24 ../../libDaisy//build/libdaisy.a(usbd_cdc.o)
 .text.USBD_CDC_GetHSCfgDesc
                0x000000000800edb0       0x24 ../../libDaisy//build/libdaisy.a(usbd_cdc.o)
 .text.USBD_CDC_GetOtherSpeedCfgDesc
                0x000000000800edd4       0x24 ../../libDaisy//build/libdaisy.a(usbd_cdc.o)
 .text.USBD_CDC_GetDeviceQualifierDescriptor
                0x000000000800edf8       0x10 ../../libDaisy//build/libdaisy.a(usbd_cdc.o)
                0x000000000800edf8                USBD_CDC_GetDeviceQualifierDescriptor
 .text.USBD_CDC_DataOut
                0x000000000800ee08       0x30 ../../libDaisy//build/libdaisy.a(usbd_cdc.o)
 .text.USBD_CDC_DataIn
                0x000000000800ee38       0x50 ../../libDaisy//build/libdaisy.a(usbd_cdc.o)
 .text.USBD_CDC_Setup
                0x000000000800ee88       0xcc ../../libDaisy//build/libdaisy.a(usbd_cdc.o)
 .text.USBD_CDC_DeInit
                0x000000000800ef54       0x44 ../../libDaisy//build/libdaisy.a(usbd_cdc.o)
 .text.USBD_CDC_Init
                0x000000000800ef98       0x94 ../../libDaisy//build/libdaisy.a(usbd_cdc.o)
 .text.USBD_CDC_RegisterInterface
                0x000000000800f02c       0x10 ../../libDaisy//build/libdaisy.a(usbd_cdc.o)
                0x000000000800f02c                USBD_CDC_RegisterInterface
 .text.USBD_CDC_SetTxBuffer
                0x000000000800f03c       0x14 ../../libDaisy//build/libdaisy.a(usbd_cdc.o)
                0x000000000800f03c                USBD_CDC_SetTxBuffer
 .text.USBD_CDC_SetRxBuffer
                0x000000000800f050       0x10 ../../libDaisy//build/libdaisy.a(usbd_cdc.o)
                0x000000000800f050                USBD_CDC_SetRxBuffer
 .text.USBD_CDC_TransmitPacket
                0x000000000800f060       0x34 ../../libDaisy//build/libdaisy.a(usbd_cdc.o)
                0x000000000800f060                USBD_CDC_TransmitPacket
 .text.USBD_CDC_ReceivePacket
                0x000000000800f094       0x38 ../../libDaisy//build/libdaisy.a(usbd_cdc.o)
                0x000000000800f094                USBD_CDC_ReceivePacket
 .text.USBD_Init
                0x000000000800f0cc       0x44 ../../libDaisy//build/libdaisy.a(usbd_core.o)
                0x000000000800f0cc                USBD_Init
 .text.USBD_RegisterClass
                0x000000000800f110       0x2c ../../libDaisy//build/libdaisy.a(usbd_core.o)
                0x000000000800f110                USBD_RegisterClass
 .text.USBD_Start
                0x000000000800f13c        0xc ../../libDaisy//build/libdaisy.a(usbd_core.o)
                0x000000000800f13c                USBD_Start
 .text.USBD_SetClassConfig
                0x000000000800f148       0x14 ../../libDaisy//build/libdaisy.a(usbd_core.o)
                0x000000000800f148                USBD_SetClassConfig
 .text.USBD_ClrClassConfig
                0x000000000800f15c       0x10 ../../libDaisy//build/libdaisy.a(usbd_core.o)
                0x000000000800f15c                USBD_ClrClassConfig
 .text.USBD_LL_SetupStage
                0x000000000800f16c       0x5c ../../libDaisy//build/libdaisy.a(usbd_core.o)
                0x000000000800f16c                USBD_LL_SetupStage
 .text.USBD_LL_DataOutStage
                0x000000000800f1c8       0x7c ../../libDaisy//build/libdaisy.a(usbd_core.o)
                0x000000000800f1c8                USBD_LL_DataOutStage
 .text.USBD_LL_DataInStage
                0x000000000800f244       0xcc ../../libDaisy//build/libdaisy.a(usbd_core.o)
                0x000000000800f244                USBD_LL_DataInStage
 .text.USBD_LL_Reset
                0x000000000800f310       0x50 ../../libDaisy//build/libdaisy.a(usbd_core.o)
                0x000000000800f310                USBD_LL_Reset
 .text.USBD_LL_SetSpeed
                0x000000000800f360        0x8 ../../libDaisy//build/libdaisy.a(usbd_core.o)
                0x000000000800f360                USBD_LL_SetSpeed
 .text.USBD_LL_Suspend
                0x000000000800f368       0x14 ../../libDaisy//build/libdaisy.a(usbd_core.o)
                0x000000000800f368                USBD_LL_Suspend
 .text.USBD_LL_Resume
                0x000000000800f37c       0x10 ../../libDaisy//build/libdaisy.a(usbd_core.o)
                0x000000000800f37c                USBD_LL_Resume
 .text.USBD_LL_SOF
                0x000000000800f38c       0x1c ../../libDaisy//build/libdaisy.a(usbd_core.o)
                0x000000000800f38c                USBD_LL_SOF
 .text.USBD_LL_IsoINIncomplete
                0x000000000800f3a8        0x4 ../../libDaisy//build/libdaisy.a(usbd_core.o)
                0x000000000800f3a8                USBD_LL_IsoINIncomplete
 .text.USBD_LL_IsoOUTIncomplete
                0x000000000800f3ac        0x4 ../../libDaisy//build/libdaisy.a(usbd_core.o)
                0x000000000800f3ac                USBD_LL_IsoOUTIncomplete
 .text.USBD_LL_DevConnected
                0x000000000800f3b0        0x4 ../../libDaisy//build/libdaisy.a(usbd_core.o)
                0x000000000800f3b0                USBD_LL_DevConnected
 .text.USBD_LL_DevDisconnected
                0x000000000800f3b4       0x18 ../../libDaisy//build/libdaisy.a(usbd_core.o)
                0x000000000800f3b4                USBD_LL_DevDisconnected
 .text.USBD_StdDevReq
                0x000000000800f3cc      0x304 ../../libDaisy//build/libdaisy.a(usbd_ctlreq.o)
                0x000000000800f3cc                USBD_StdDevReq
 .text.USBD_StdItfReq
                0x000000000800f6d0       0x68 ../../libDaisy//build/libdaisy.a(usbd_ctlreq.o)
                0x000000000800f6d0                USBD_StdItfReq
 .text.USBD_StdEPReq
                0x000000000800f738      0x13c ../../libDaisy//build/libdaisy.a(usbd_ctlreq.o)
                0x000000000800f738                USBD_StdEPReq